manifest written; NV Power Mode: 15W 0 | governor schedutil
[1/3] sam2_c512 x truck3 ...
Warning: You are sending unauthenticated requests to the HF Hub. Please set a HF_TOKEN to enable higher rate limits and faster downloads.
frame loading (JPEG):   0%|          | 0/1 [00:00<?, ?it/s]frame loading (JPEG): 100%|██████████| 1/1 [00:00<00:00, 101.21it/s]
/home/jfdg/tracker-sweep/.venv/lib/python3.10/site-packages/sam2/sam2_video_predictor.py:786: UserWarning: cannot import name '_C' from 'sam2' (/home/jfdg/tracker-sweep/.venv/lib/python3.10/site-packages/sam2/__init__.py)

Skipping the post-processing step due to the error above. You can still use SAM 2 and it's OK to ignore the error above, although some post-processing functionality may be limited (which doesn't affect the results in most cases; see https://github.com/facebookresearch/sam2/blob/main/INSTALL.md).
  pred_masks_gpu = fill_holes_in_mask_scores(
  50/535  5s  9.22 fps  eta 53s
  100/535  11s  9.17 fps  eta 47s
  150/535  16s  9.16 fps  eta 42s
  200/535  22s  9.15 fps  eta 37s
  250/535  27s  9.15 fps  eta 31s
  300/535  33s  9.15 fps  eta 26s
  350/535  38s  9.14 fps  eta 20s
  400/535  44s  9.14 fps  eta 15s
  450/535  49s  9.11 fps  eta 9s
  500/535  55s  9.11 fps  eta 4s
{"arm": "sam2_c512", "seq": "truck3", "frames": 535, "w": 1280, "h": 720, "init_ms": 5006.1996090225875, "warmup_frames": 5, "ms_p50": 100.52694613114, "ms_p95": 102.04861862584949, "ms_p99": 102.7977085672319, "ms_max": 259.69414692372084, "fps": 9.947581603597847, "decode_ms_p50": 8.931936929002404, "lost_frames": 0, "rss_peak_mb": 1896.0625, "gpu_peak_mb": 424.1484375}
  65.1s wall, temps NoneC
[2/3] sam2_c704 x truck3 ...
Warning: You are sending unauthenticated requests to the HF Hub. Please set a HF_TOKEN to enable higher rate limits and faster downloads.
frame loading (JPEG):   0%|          | 0/1 [00:00<?, ?it/s]frame loading (JPEG): 100%|██████████| 1/1 [00:00<00:00, 62.06it/s]
/home/jfdg/tracker-sweep/.venv/lib/python3.10/site-packages/sam2/sam2_video_predictor.py:786: UserWarning: cannot import name '_C' from 'sam2' (/home/jfdg/tracker-sweep/.venv/lib/python3.10/site-packages/sam2/__init__.py)

Skipping the post-processing step due to the error above. You can still use SAM 2 and it's OK to ignore the error above, although some post-processing functionality may be limited (which doesn't affect the results in most cases; see https://github.com/facebookresearch/sam2/blob/main/INSTALL.md).
  pred_masks_gpu = fill_holes_in_mask_scores(
  50/535  10s  5.12 fps  eta 95s
  100/535  20s  5.07 fps  eta 86s
  150/535  30s  5.05 fps  eta 76s
  200/535  40s  5.04 fps  eta 66s
  250/535  50s  5.04 fps  eta 57s
  300/535  60s  5.03 fps  eta 47s
  350/535  70s  5.03 fps  eta 37s
  400/535  80s  5.03 fps  eta 27s
  450/535  90s  5.03 fps  eta 17s
  500/535  100s  5.02 fps  eta 7s
{"arm": "sam2_c704", "seq": "truck3", "frames": 535, "w": 1280, "h": 720, "init_ms": 5031.687130685896, "warmup_frames": 5, "ms_p50": 190.29224524274468, "ms_p95": 191.8005360290408, "ms_p99": 192.66997147351503, "ms_max": 317.0405877754092, "fps": 5.25507489138277, "decode_ms_p50": 9.014899143949151, "lost_frames": 0, "rss_peak_mb": 2164.50390625, "gpu_peak_mb": 525.7216796875}
  113.1s wall, temps NoneC
[3/3] sam2_c640 x truck3 ...
frame loading (JPEG):   0%|          | 0/1 [00:00<?, ?it/s]frame loading (JPEG): 100%|██████████| 1/1 [00:00<00:00, 73.87it/s]
/home/jfdg/tracker-sweep/.venv/lib/python3.10/site-packages/sam2/sam2_video_predictor.py:786: UserWarning: cannot import name '_C' from 'sam2' (/home/jfdg/tracker-sweep/.venv/lib/python3.10/site-packages/sam2/__init__.py)

Skipping the post-processing step due to the error above. You can still use SAM 2 and it's OK to ignore the error above, although some post-processing functionality may be limited (which doesn't affect the results in most cases; see https://github.com/facebookresearch/sam2/blob/main/INSTALL.md).
  pred_masks_gpu = fill_holes_in_mask_scores(
  50/535  8s  6.06 fps  eta 80s
  100/535  17s  6.00 fps  eta 72s
  150/535  25s  5.98 fps  eta 64s
  200/535  33s  5.98 fps  eta 56s
  250/535  42s  5.97 fps  eta 48s
  300/535  50s  5.97 fps  eta 39s
  350/535  59s  5.96 fps  eta 31s
  400/535  67s  5.96 fps  eta 23s
  450/535  76s  5.96 fps  eta 14s
  500/535  84s  5.95 fps  eta 6s
{"arm": "sam2_c640", "seq": "truck3", "frames": 535, "w": 1280, "h": 720, "init_ms": 5018.909913953394, "warmup_frames": 5, "ms_p50": 159.24517437815666, "ms_p95": 160.41860887780786, "ms_p99": 161.48490950465202, "ms_max": 269.167244900018, "fps": 6.279625137181978, "decode_ms_p50": 8.946977090090513, "lost_frames": 0, "rss_peak_mb": 2038.12109375, "gpu_peak_mb": 494.30078125}
  96.4s wall, temps NoneC
DONE
