[scenegen] frame 0/240 (7.96 fps)
[scenegen] frame 40/240 (8.36 fps)
[scenegen] frame 80/240 (8.35 fps)
[scenegen] frame 120/240 (8.35 fps)
[scenegen] frame 160/240 (8.35 fps)
[scenegen] frame 200/240 (8.34 fps)
[scenegen] frame 239/240 (8.34 fps)
{
  "seed": 202,
  "frames": 240,
  "out": "experiments/2026-07-17-scenegen-transport/runs/seed202_B",
  "wall_loop_s": 28.8,
  "fps_wall": 8.339,
  "g1_dead_frames": 0,
  "g1_identical_consecutive": 0,
  "g1_stamp_steps_ok": true,
  "g2_purity_median": {
    "0": 0.8044,
    "1": 0.7501
  },
  "g2_bg_purity_median": {
    "0": 0.0016,
    "1": 0.0
  },
  "g3_both_visible_frac": 1.0,
  "g0_retries_pose": 0,
  "g0_retries_step": 0,
  "g0_response_lost": 0,
  "g0_proxy_restarts": 0,
  "g0_spawn_warns": [],
  "params": {
    "standoff": 18.197935567526613,
    "alt": 19.489167128946182,
    "aim_err": [
      1.283529038887067,
      0.4745372368677381
    ],
    "v_target": 4.038862499771227,
    "v_distractor": 4.229394954501047
  },
  "versions": {
    "gz": "8.14.0",
    "python": "3.12.10",
    "numpy": "2.4.4",
    "cv2": "4.13.0"
  },
  "cmd": "runners/scenegen.py record --seed 202 --frames 240 --out experiments/2026-07-17-scenegen-transport/runs/seed202_B"
}
[scenegen] DONE experiments/2026-07-17-scenegen-transport/runs/seed202_B
