manifest written; NV Power Mode: 15W 0 | governor schedutil
[1/2] sam2_c640 x truck3 ...
Warning: You are sending unauthenticated requests to the HF Hub. Please set a HF_TOKEN to enable higher rate limits and faster downloads.
frame loading (JPEG):   0%|          | 0/1 [00:00<?, ?it/s]frame loading (JPEG): 100%|██████████| 1/1 [00:00<00:00, 60.86it/s]
/home/jfdg/tracker-sweep/.venv/lib/python3.10/site-packages/sam2/sam2_video_predictor.py:786: UserWarning: cannot import name '_C' from 'sam2' (/home/jfdg/tracker-sweep/.venv/lib/python3.10/site-packages/sam2/__init__.py)

Skipping the post-processing step due to the error above. You can still use SAM 2 and it's OK to ignore the error above, although some post-processing functionality may be limited (which doesn't affect the results in most cases; see https://github.com/facebookresearch/sam2/blob/main/INSTALL.md).
  pred_masks_gpu = fill_holes_in_mask_scores(
  150/535  5s  28.40 fps  eta 14s
  250/535  9s  28.35 fps  eta 10s
  500/535  18s  28.29 fps  eta 1s
{"arm": "sam2_c640", "seq": "truck3", "frames": 113, "w": 1280, "h": 720, "fps_stream": 30.0, "stream_frames": 535, "init_ms": 5998.950127977878, "warmup_frames": 5, "ms_p50": 158.98107085376978, "ms_p95": 164.24903217703104, "ms_p99": 168.76251954585314, "ms_max": 172.42145584896207, "fps": 6.290057015151171, "decode_ms_p50": 9.098868817090988, "lost_frames": 0, "conf_frames": 112, "rss_peak_mb": 1945.0625, "gpu_peak_mb": 494.30078125}
  26.5s wall, temps NoneC
[2/2] sam2_c640 x car9 ...
Warning: You are sending unauthenticated requests to the HF Hub. Please set a HF_TOKEN to enable higher rate limits and faster downloads.
frame loading (JPEG):   0%|          | 0/1 [00:00<?, ?it/s]frame loading (JPEG): 100%|██████████| 1/1 [00:00<00:00, 71.22it/s]
/home/jfdg/tracker-sweep/.venv/lib/python3.10/site-packages/sam2/sam2_video_predictor.py:786: UserWarning: cannot import name '_C' from 'sam2' (/home/jfdg/tracker-sweep/.venv/lib/python3.10/site-packages/sam2/__init__.py)

Skipping the post-processing step due to the error above. You can still use SAM 2 and it's OK to ignore the error above, although some post-processing functionality may be limited (which doesn't affect the results in most cases; see https://github.com/facebookresearch/sam2/blob/main/INSTALL.md).
  pred_masks_gpu = fill_holes_in_mask_scores(
  150/1879  5s  27.59 fps  eta 63s
  400/1879  14s  27.60 fps  eta 54s
  500/1879  18s  27.58 fps  eta 50s
  600/1879  22s  27.56 fps  eta 46s
  850/1879  31s  27.57 fps  eta 37s
  950/1879  34s  27.57 fps  eta 34s
  1150/1879  42s  27.57 fps  eta 26s
  1500/1879  54s  27.58 fps  eta 14s
  1600/1879  58s  27.57 fps  eta 10s
{"arm": "sam2_c640", "seq": "car9", "frames": 393, "w": 1280, "h": 720, "fps_stream": 30.0, "stream_frames": 1879, "init_ms": 5224.758378230035, "warmup_frames": 5, "ms_p50": 159.09282164648175, "ms_p95": 163.53581086732447, "ms_p99": 169.1820661816746, "ms_max": 269.3278547376394, "fps": 6.285638721161713, "decode_ms_p50": 14.126469613984227, "lost_frames": 0, "conf_frames": 392, "rss_peak_mb": 1943.66015625, "gpu_peak_mb": 494.30078125}
  75.0s wall, temps NoneC
DONE
