manifest written; NV Power Mode: 15W 0 | governor schedutil
[1/1] sam2_c512 x person18 ...
frame loading (JPEG):   0%|          | 0/1 [00:00<?, ?it/s]frame loading (JPEG): 100%|██████████| 1/1 [00:00<00:00, 109.21it/s]
/home/jfdg/tracker-sweep/.venv/lib/python3.10/site-packages/sam2/sam2_video_predictor.py:786: UserWarning: cannot import name '_C' from 'sam2' (/home/jfdg/tracker-sweep/.venv/lib/python3.10/site-packages/sam2/__init__.py)

Skipping the post-processing step due to the error above. You can still use SAM 2 and it's OK to ignore the error above, although some post-processing functionality may be limited (which doesn't affect the results in most cases; see https://github.com/facebookresearch/sam2/blob/main/INSTALL.md).
  pred_masks_gpu = fill_holes_in_mask_scores(
  50/1393  5s  9.26 fps  eta 145s
  100/1393  11s  9.11 fps  eta 142s
  150/1393  16s  9.14 fps  eta 136s
  200/1393  22s  9.15 fps  eta 130s
  250/1393  27s  9.15 fps  eta 125s
  300/1393  33s  9.15 fps  eta 119s
  350/1393  38s  9.15 fps  eta 114s
  400/1393  44s  9.16 fps  eta 108s
  450/1393  49s  9.13 fps  eta 103s
  500/1393  55s  9.14 fps  eta 98s
  550/1393  60s  9.15 fps  eta 92s
  600/1393  65s  9.16 fps  eta 87s
  650/1393  71s  9.17 fps  eta 81s
  700/1393  76s  9.18 fps  eta 76s
  750/1393  82s  9.18 fps  eta 70s
  800/1393  87s  9.17 fps  eta 65s
  850/1393  93s  9.17 fps  eta 59s
  900/1393  98s  9.17 fps  eta 54s
  950/1393  104s  9.17 fps  eta 48s
  1000/1393  109s  9.18 fps  eta 43s
  1050/1393  114s  9.18 fps  eta 37s
  1100/1393  120s  9.18 fps  eta 32s
  1150/1393  125s  9.18 fps  eta 26s
  1200/1393  131s  9.18 fps  eta 21s
  1250/1393  136s  9.19 fps  eta 16s
  1300/1393  141s  9.19 fps  eta 10s
  1350/1393  147s  9.20 fps  eta 5s
{"arm": "sam2_c512", "seq": "person18", "frames": 1393, "w": 1280, "h": 720, "fps_stream": null, "stream_frames": 1393, "init_ms": 5104.78695994243, "warmup_frames": 5, "ms_p50": 100.7657260634005, "ms_p95": 101.8295337446034, "ms_p99": 102.32410364784302, "ms_max": 280.336432158947, "fps": 9.924009274451244, "decode_ms_p50": 7.323376601561904, "lost_frames": 408, "conf_frames": 1392, "rss_peak_mb": 1857.71875, "gpu_peak_mb": 424.1484375}
  158.1s wall, temps NoneC
DONE
