[scenegen] frame 0/240 (7.84 fps)
[scenegen] frame 40/240 (8.30 fps)
[scenegen] frame 80/240 (8.31 fps)
[scenegen] frame 120/240 (8.31 fps)
[scenegen] frame 160/240 (8.31 fps)
[scenegen] frame 200/240 (8.30 fps)
[scenegen] frame 239/240 (8.29 fps)
{
  "seed": 101,
  "frames": 240,
  "out": "experiments/2026-07-17-kerbsafe-scenebank/runs/seed101_D",
  "wall_loop_s": 28.9,
  "fps_wall": 8.29,
  "g1_dead_frames": 0,
  "g1_identical_consecutive": 0,
  "g1_stamp_steps_ok": true,
  "g2_purity_median": {
    "0": 0.8244,
    "1": 0.7665
  },
  "g2_bg_purity_median": {
    "0": 0.0024,
    "1": 0.0
  },
  "g3_both_visible_frac": 1.0,
  "g6_frag_p10": {
    "0": 0.9967,
    "1": 1.0
  },
  "g6_frag_min": {
    "0": 0.9912,
    "1": 0.9893
  },
  "g6_frag_below090_frac": {
    "0": 0.0,
    "1": 0.0
  },
  "g6_frag_n": {
    "0": 240,
    "1": 240
  },
  "g0_retries_pose": 0,
  "g0_retries_step": 0,
  "g0_response_lost": 0,
  "g0_proxy_restarts": 0,
  "g0_spawn_warns": [],
  "params": {
    "standoff": 17.7684841698056,
    "alt": 16.308054705510095,
    "aim_err": [
      0.45591905838121516,
      -0.4589147261619724
    ],
    "v_target": 5.830597516831662,
    "v_distractor": 6.0
  },
  "versions": {
    "gz": "8.14.0",
    "python": "3.12.10",
    "numpy": "2.4.4",
    "cv2": "4.13.0"
  },
  "cmd": "runners/scenegen.py record --seed 101 --frames 240 --out experiments/2026-07-17-kerbsafe-scenebank/runs/seed101_D"
}
[scenegen] DONE experiments/2026-07-17-kerbsafe-scenebank/runs/seed101_D
