[scenegen] frame 0/240 (7.79 fps)
[scenegen] frame 40/240 (8.30 fps)
[scenegen] frame 80/240 (8.31 fps)
[scenegen] frame 120/240 (8.32 fps)
[scenegen] frame 160/240 (8.33 fps)
[scenegen] frame 200/240 (8.33 fps)
[scenegen] frame 239/240 (8.33 fps)
{
  "seed": 11,
  "frames": 240,
  "out": "experiments/2026-07-17-kerbsafe-scenebank/runs/bank11",
  "wall_loop_s": 28.8,
  "fps_wall": 8.329,
  "g1_dead_frames": 0,
  "g1_identical_consecutive": 0,
  "g1_stamp_steps_ok": true,
  "g2_purity_median": {
    "0": 0.7755,
    "1": 0.7853
  },
  "g2_bg_purity_median": {
    "0": 0.0413,
    "1": 0.0
  },
  "g3_both_visible_frac": 1.0,
  "g6_frag_p10": {
    "0": 0.9967,
    "1": 1.0
  },
  "g6_frag_min": {
    "0": 0.9957,
    "1": 1.0
  },
  "g6_frag_below090_frac": {
    "0": 0.0,
    "1": 0.0
  },
  "g6_frag_n": {
    "0": 240,
    "1": 240
  },
  "g0_retries_pose": 0,
  "g0_retries_step": 0,
  "g0_response_lost": 0,
  "g0_proxy_restarts": 0,
  "g0_spawn_warns": [],
  "params": {
    "standoff": 19.302743620134393,
    "alt": 18.753088157611295,
    "aim_err": [
      0.950209307908974,
      0.1472258066100789
    ],
    "v_target": 3.385710608307599,
    "v_distractor": 2.5
  },
  "versions": {
    "gz": "8.14.0",
    "python": "3.12.10",
    "numpy": "2.4.4",
    "cv2": "4.13.0"
  },
  "cmd": "runners/scenegen.py record --seed 11 --frames 240 --out experiments/2026-07-17-kerbsafe-scenebank/runs/bank11"
}
[scenegen] DONE experiments/2026-07-17-kerbsafe-scenebank/runs/bank11
