manifest written; NV Power Mode: 15W 0 | governor schedutil
[1/7] sam2_c512 x wakeboard1 ...
Warning: You are sending unauthenticated requests to the HF Hub. Please set a HF_TOKEN to enable higher rate limits and faster downloads.
frame loading (JPEG):   0%|          | 0/1 [00:00<?, ?it/s]frame loading (JPEG): 100%|██████████| 1/1 [00:00<00:00, 109.99it/s]
/home/jfdg/tracker-sweep/.venv/lib/python3.10/site-packages/sam2/sam2_video_predictor.py:786: UserWarning: cannot import name '_C' from 'sam2' (/home/jfdg/tracker-sweep/.venv/lib/python3.10/site-packages/sam2/__init__.py)

Skipping the post-processing step due to the error above. You can still use SAM 2 and it's OK to ignore the error above, although some post-processing functionality may be limited (which doesn't affect the results in most cases; see https://github.com/facebookresearch/sam2/blob/main/INSTALL.md).
  pred_masks_gpu = fill_holes_in_mask_scores(
  50/421  5s  9.28 fps  eta 40s
  100/421  11s  9.11 fps  eta 35s
  150/421  16s  9.14 fps  eta 30s
  200/421  22s  9.14 fps  eta 24s
  250/421  27s  9.15 fps  eta 19s
  300/421  33s  9.16 fps  eta 13s
  350/421  38s  9.17 fps  eta 8s
  400/421  44s  9.19 fps  eta 2s
{"arm": "sam2_c512", "seq": "wakeboard1", "frames": 421, "w": 1280, "h": 720, "init_ms": 5004.474441055208, "warmup_frames": 5, "ms_p50": 101.26105789095163, "ms_p95": 102.68534370698035, "ms_p99": 105.84068214520812, "ms_max": 252.97844922170043, "fps": 9.875464673467102, "decode_ms_p50": 7.009986555203795, "lost_frames": 0, "rss_peak_mb": 1880.30078125, "gpu_peak_mb": 424.1484375}
  52.2s wall, temps NoneC
[2/7] sam2_t768 x wakeboard1 ...
frame loading (JPEG):   0%|          | 0/1 [00:00<?, ?it/s]frame loading (JPEG): 100%|██████████| 1/1 [00:00<00:00, 28.06it/s]
/home/jfdg/tracker-sweep/.venv/lib/python3.10/site-packages/sam2/sam2_video_predictor.py:786: UserWarning: cannot import name '_C' from 'sam2' (/home/jfdg/tracker-sweep/.venv/lib/python3.10/site-packages/sam2/__init__.py)

Skipping the post-processing step due to the error above. You can still use SAM 2 and it's OK to ignore the error above, although some post-processing functionality may be limited (which doesn't affect the results in most cases; see https://github.com/facebookresearch/sam2/blob/main/INSTALL.md).
  pred_masks_gpu = fill_holes_in_mask_scores(
  50/421  13s  3.95 fps  eta 94s
  100/421  26s  3.88 fps  eta 83s
  150/421  39s  3.87 fps  eta 70s
  200/421  52s  3.86 fps  eta 57s
  250/421  65s  3.86 fps  eta 44s
  300/421  78s  3.86 fps  eta 31s
  350/421  91s  3.86 fps  eta 18s
  400/421  104s  3.86 fps  eta 5s
{"arm": "sam2_t768", "seq": "wakeboard1", "frames": 421, "w": 1280, "h": 720, "init_ms": 5150.4376591183245, "warmup_frames": 5, "ms_p50": 252.04806122928858, "ms_p95": 254.50992616824806, "ms_p99": 256.40511244535446, "ms_max": 402.8963688760996, "fps": 3.9674972904881747, "decode_ms_p50": 7.012739311903715, "lost_frames": 0, "rss_peak_mb": 2230.51953125, "gpu_peak_mb": 552.53125}
  115.7s wall, temps NoneC
[3/7] sam2_t640 x wakeboard1 ...
Warning: You are sending unauthenticated requests to the HF Hub. Please set a HF_TOKEN to enable higher rate limits and faster downloads.
frame loading (JPEG):   0%|          | 0/1 [00:00<?, ?it/s]frame loading (JPEG): 100%|██████████| 1/1 [00:00<00:00, 33.33it/s]
/home/jfdg/tracker-sweep/.venv/lib/python3.10/site-packages/sam2/sam2_video_predictor.py:786: UserWarning: cannot import name '_C' from 'sam2' (/home/jfdg/tracker-sweep/.venv/lib/python3.10/site-packages/sam2/__init__.py)

Skipping the post-processing step due to the error above. You can still use SAM 2 and it's OK to ignore the error above, although some post-processing functionality may be limited (which doesn't affect the results in most cases; see https://github.com/facebookresearch/sam2/blob/main/INSTALL.md).
  pred_masks_gpu = fill_holes_in_mask_scores(
  50/421  9s  5.41 fps  eta 69s
  100/421  19s  5.33 fps  eta 60s
  150/421  28s  5.31 fps  eta 51s
  200/421  38s  5.31 fps  eta 42s
  250/421  47s  5.30 fps  eta 32s
  300/421  57s  5.30 fps  eta 23s
  350/421  66s  5.30 fps  eta 13s
  400/421  75s  5.30 fps  eta 4s
{"arm": "sam2_t640", "seq": "wakeboard1", "frames": 421, "w": 1280, "h": 720, "init_ms": 5120.981531683356, "warmup_frames": 5, "ms_p50": 181.11933767795563, "ms_p95": 183.59281867742538, "ms_p99": 186.73979515209794, "ms_max": 310.92244386672974, "fps": 5.521221603504747, "decode_ms_p50": 7.056468864902854, "lost_frames": 0, "rss_peak_mb": 2068.83984375, "gpu_peak_mb": 494.30078125}
  85.9s wall, temps NoneC
[4/7] sam2_t512 x wakeboard1 ...
Warning: You are sending unauthenticated requests to the HF Hub. Please set a HF_TOKEN to enable higher rate limits and faster downloads.
frame loading (JPEG):   0%|          | 0/1 [00:00<?, ?it/s]frame loading (JPEG): 100%|██████████| 1/1 [00:00<00:00, 38.30it/s]
/home/jfdg/tracker-sweep/.venv/lib/python3.10/site-packages/sam2/sam2_video_predictor.py:786: UserWarning: cannot import name '_C' from 'sam2' (/home/jfdg/tracker-sweep/.venv/lib/python3.10/site-packages/sam2/__init__.py)

Skipping the post-processing step due to the error above. You can still use SAM 2 and it's OK to ignore the error above, although some post-processing functionality may be limited (which doesn't affect the results in most cases; see https://github.com/facebookresearch/sam2/blob/main/INSTALL.md).
  pred_masks_gpu = fill_holes_in_mask_scores(
  50/421  6s  7.79 fps  eta 48s
  100/421  13s  7.66 fps  eta 42s
  150/421  20s  7.67 fps  eta 35s
  200/421  26s  7.66 fps  eta 29s
  250/421  33s  7.66 fps  eta 22s
  300/421  39s  7.68 fps  eta 16s
  350/421  46s  7.68 fps  eta 9s
  400/421  52s  7.69 fps  eta 3s
{"arm": "sam2_t512", "seq": "wakeboard1", "frames": 421, "w": 1280, "h": 720, "init_ms": 5085.0757751613855, "warmup_frames": 5, "ms_p50": 122.16729391366243, "ms_p95": 124.33308158069849, "ms_p99": 130.0666671805084, "ms_max": 277.83105289563537, "fps": 8.18549685406567, "decode_ms_p50": 7.036035880446434, "lost_frames": 36, "rss_peak_mb": 1902.49609375, "gpu_peak_mb": 424.1484375}
  61.2s wall, temps NoneC
[5/7] sam2_c640 x wakeboard1 ...
Warning: You are sending unauthenticated requests to the HF Hub. Please set a HF_TOKEN to enable higher rate limits and faster downloads.
frame loading (JPEG):   0%|          | 0/1 [00:00<?, ?it/s]frame loading (JPEG): 100%|██████████| 1/1 [00:00<00:00, 75.82it/s]
/home/jfdg/tracker-sweep/.venv/lib/python3.10/site-packages/sam2/sam2_video_predictor.py:786: UserWarning: cannot import name '_C' from 'sam2' (/home/jfdg/tracker-sweep/.venv/lib/python3.10/site-packages/sam2/__init__.py)

Skipping the post-processing step due to the error above. You can still use SAM 2 and it's OK to ignore the error above, although some post-processing functionality may be limited (which doesn't affect the results in most cases; see https://github.com/facebookresearch/sam2/blob/main/INSTALL.md).
  pred_masks_gpu = fill_holes_in_mask_scores(
  50/421  8s  6.11 fps  eta 61s
  100/421  17s  5.99 fps  eta 54s
  150/421  25s  5.99 fps  eta 45s
  200/421  33s  5.98 fps  eta 37s
  250/421  42s  5.98 fps  eta 29s
  300/421  50s  5.98 fps  eta 20s
  350/421  58s  5.99 fps  eta 12s
  400/421  67s  5.99 fps  eta 4s
{"arm": "sam2_c640", "seq": "wakeboard1", "frames": 421, "w": 1280, "h": 720, "init_ms": 5053.17711038515, "warmup_frames": 5, "ms_p50": 159.57888681441545, "ms_p95": 161.91032733768225, "ms_p99": 163.2008685078472, "ms_max": 311.15430034697056, "fps": 6.266493143061991, "decode_ms_p50": 6.985298590734601, "lost_frames": 0, "rss_peak_mb": 2039.48046875, "gpu_peak_mb": 494.30078125}
  76.8s wall, temps NoneC
[6/7] sam2_t1024 x wakeboard1 ...
Warning: You are sending unauthenticated requests to the HF Hub. Please set a HF_TOKEN to enable higher rate limits and faster downloads.
frame loading (JPEG):   0%|          | 0/1 [00:00<?, ?it/s]frame loading (JPEG): 100%|██████████| 1/1 [00:00<00:00, 20.41it/s]
/home/jfdg/tracker-sweep/.venv/lib/python3.10/site-packages/sam2/sam2_video_predictor.py:786: UserWarning: cannot import name '_C' from 'sam2' (/home/jfdg/tracker-sweep/.venv/lib/python3.10/site-packages/sam2/__init__.py)

Skipping the post-processing step due to the error above. You can still use SAM 2 and it's OK to ignore the error above, although some post-processing functionality may be limited (which doesn't affect the results in most cases; see https://github.com/facebookresearch/sam2/blob/main/INSTALL.md).
  pred_masks_gpu = fill_holes_in_mask_scores(
  50/421  21s  2.34 fps  eta 159s
  100/421  44s  2.29 fps  eta 140s
  150/421  66s  2.28 fps  eta 119s
  200/421  88s  2.28 fps  eta 97s
  250/421  110s  2.27 fps  eta 75s
  300/421  132s  2.27 fps  eta 53s
  350/421  154s  2.27 fps  eta 31s
  400/421  176s  2.27 fps  eta 9s
{"arm": "sam2_t1024", "seq": "wakeboard1", "frames": 421, "w": 1280, "h": 720, "init_ms": 5205.304955132306, "warmup_frames": 5, "ms_p50": 433.73559787869453, "ms_p95": 438.0755227524787, "ms_p99": 441.34864028543234, "ms_max": 584.5924317836761, "fps": 2.3055520572689447, "decode_ms_p50": 7.001234916970134, "lost_frames": 0, "rss_peak_mb": 2632.1484375, "gpu_peak_mb": 643.71630859375}
  192.0s wall, temps NoneC
[7/7] sam2_c704 x wakeboard1 ...
frame loading (JPEG):   0%|          | 0/1 [00:00<?, ?it/s]frame loading (JPEG): 100%|██████████| 1/1 [00:00<00:00, 62.94it/s]
/home/jfdg/tracker-sweep/.venv/lib/python3.10/site-packages/sam2/sam2_video_predictor.py:786: UserWarning: cannot import name '_C' from 'sam2' (/home/jfdg/tracker-sweep/.venv/lib/python3.10/site-packages/sam2/__init__.py)

Skipping the post-processing step due to the error above. You can still use SAM 2 and it's OK to ignore the error above, although some post-processing functionality may be limited (which doesn't affect the results in most cases; see https://github.com/facebookresearch/sam2/blob/main/INSTALL.md).
  pred_masks_gpu = fill_holes_in_mask_scores(
  50/421  10s  5.13 fps  eta 72s
  100/421  20s  5.05 fps  eta 64s
  150/421  30s  5.05 fps  eta 54s
  200/421  40s  5.04 fps  eta 44s
  250/421  50s  5.04 fps  eta 34s
  300/421  60s  5.04 fps  eta 24s
  350/421  69s  5.04 fps  eta 14s
  400/421  79s  5.04 fps  eta 4s
{"arm": "sam2_c704", "seq": "wakeboard1", "frames": 421, "w": 1280, "h": 720, "init_ms": 5099.151573143899, "warmup_frames": 5, "ms_p50": 190.8266181126237, "ms_p95": 193.73860638588667, "ms_p99": 195.20236934535205, "ms_max": 340.1704500429332, "fps": 5.240359075115042, "decode_ms_p50": 7.0092035457491875, "lost_frames": 0, "rss_peak_mb": 2140.33203125, "gpu_peak_mb": 525.7216796875}
  90.0s wall, temps NoneC
DONE
