[3a] booting Jetson q8_0 server...
[offboard] connecting to tcp:127.0.0.1:5760 ...
[offboard] heartbeat  type=2  autopilot=3  target_sys=1
[offboard] priming GCS link (3 heartbeats) ...
[offboard] data stream requested
[offboard] requesting mode GUIDED (id=4) ...
[offboard] mode GUIDED confirmed
[offboard] param ARMING_CHECK = 0
[offboard] waiting for EKF position estimate ...
[offboard] EKF ready  flags=0x33F  vel_horiz=0.00  pos_horiz=0.01
[offboard] arming ...
[offboard] arm ACK result=0
[offboard] armed
[offboard] climbing to 10.0 m ...
[offboard] at altitude  z=-8.6 m NED
frame loading (JPEG):   0%|          | 0/1 [00:00<?, ?it/s]frame loading (JPEG): 100%|██████████| 1/1 [00:00<00:00, 63.95it/s]
/home/gara/jetson/.venv-ft/lib/python3.12/site-packages/sam2/sam2_video_predictor.py:786: UserWarning: cannot import name '_C' from 'sam2' (/home/gara/jetson/.venv-ft/lib/python3.12/site-packages/sam2/__init__.py)

Skipping the post-processing step due to the error above. You can still use SAM 2 and it's OK to ignore the error above, although some post-processing functionality may be limited (which doesn't affect the results in most cases; see https://github.com/facebookresearch/sam2/blob/main/INSTALL.md).
  pred_masks_gpu = fill_holes_in_mask_scores(
frame loading (JPEG):   0%|          | 0/1 [00:00<?, ?it/s]frame loading (JPEG): 100%|██████████| 1/1 [00:00<00:00, 59.04it/s]
[0.25 m/s] in_fov=1.000 lock@2.65s attempts=7 regrounds=1 relock=[13.9] px_err=16.2 hz=14.5 carry_fps=13.6
[offboard] landing ...
[offboard] requesting mode LAND (id=9) ...
[offboard] mode LAND confirmed
[offboard] disarmed — landed
{
  "trial": {
    "speed_ms": 0.25,
    "image_size": 1024,
    "n_frames": 1086,
    "achieved_hz": 14.5,
    "carry_fps": 13.6,
    "in_fov_frac": 1.0,
    "first_lock_s": 2.65,
    "n_acquire_attempts": 7,
    "n_rejected_acquires": 5,
    "n_regrounds": 1,
    "relock_walls_s": [
      13.9
    ],
    "carry_px_err_mean": 16.2,
    "carry_frames": 721,
    "recovered_after_occlusion": true
  },
  "gate_speed_ms": 0.25,
  "gate": "PASS"
}
