/home/gara/jetson/.venv-ft/lib/python3.12/site-packages/sam2/sam2_video_predictor.py:786: UserWarning: cannot import name '_C' from 'sam2' (/home/gara/jetson/.venv-ft/lib/python3.12/site-packages/sam2/__init__.py)

Skipping the post-processing step due to the error above. You can still use SAM 2 and it's OK to ignore the error above, although some post-processing functionality may be limited (which doesn't affect the results in most cases; see https://github.com/facebookresearch/sam2/blob/main/INSTALL.md).
  pred_masks_gpu = fill_holes_in_mask_scores(
[1/93] M0203 tid=51 iou25=0.149 mean=0.079 gaps=1 rec=0 fps=19.26
[1/93] M0203 tid=35 iou25=0.563 mean=0.351 gaps=0 rec=0 fps=19.64
[2/93] M0205 tid=20 iou25=1.000 mean=0.518 gaps=0 rec=0 fps=19.48
[2/93] M0205 tid=6 iou25=0.008 mean=0.010 gaps=1 rec=0 fps=19.37
[3/93] M0209 tid=46 iou25=0.090 mean=0.119 gaps=0 rec=0 fps=19.08
[3/93] M0209 tid=20 iou25=0.083 mean=0.047 gaps=0 rec=0 fps=19.22
[4/93] M0403 tid=3 iou25=0.070 mean=0.039 gaps=0 rec=0 fps=19.01
[4/93] M0403 tid=43 iou25=0.007 mean=0.016 gaps=1 rec=0 fps=19.33
[5/93] M0701 tid=7 iou25=0.340 mean=0.209 gaps=0 rec=0 fps=19.11
[5/93] M0701 tid=3 iou25=0.283 mean=0.184 gaps=0 rec=0 fps=19.15
[6/93] M0801 tid=7 iou25=0.346 mean=0.226 gaps=0 rec=0 fps=18.99
[6/93] M0801 tid=22 iou25=0.996 mean=0.474 gaps=1 rec=1 fps=19.44
[7/93] M1001 tid=55 iou25=0.203 mean=0.123 gaps=0 rec=0 fps=19.03
[7/93] M1001 tid=16 iou25=0.050 mean=0.035 gaps=0 rec=0 fps=19.08
[8/93] M1004 tid=35 iou25=0.260 mean=0.114 gaps=0 rec=0 fps=19.07
[8/93] M1004 tid=36 iou25=0.421 mean=0.252 gaps=0 rec=0 fps=19.4
[9/93] M1007 tid=8 iou25=0.733 mean=0.403 gaps=0 rec=0 fps=19.12
[9/93] M1007 tid=35 iou25=0.433 mean=0.184 gaps=0 rec=0 fps=19.3
[10/93] M1101 tid=13 iou25=1.000 mean=0.529 gaps=0 rec=0 fps=18.51
[10/93] M1101 tid=39 iou25=0.008 mean=0.054 gaps=1 rec=0 fps=19.05
[11/93] M1301 tid=15 iou25=0.017 mean=0.090 gaps=0 rec=0 fps=18.82
[11/93] M1301 tid=98 iou25=0.197 mean=0.157 gaps=0 rec=0 fps=19.17
[12/93] M1302 tid=18 iou25=0.117 mean=0.075 gaps=0 rec=0 fps=18.27
[12/93] M1302 tid=19 iou25=0.260 mean=0.173 gaps=1 rec=1 fps=19.07
[13/93] M1401 tid=62 iou25=0.103 mean=0.072 gaps=0 rec=0 fps=18.92
[13/93] M1401 tid=21 iou25=0.083 mean=0.047 gaps=0 rec=0 fps=19.04
[14/93] uav0000009_03358_v tid=29 iou25=0.301 mean=0.219 gaps=0 rec=0 fps=13.37
[14/93] uav0000009_03358_v tid=77 iou25=0.373 mean=0.233 gaps=1 rec=0 fps=13.63
[15/93] uav0000013_00000_v tid=0 iou25=0.993 mean=0.358 gaps=0 rec=0 fps=13.69
[15/93] uav0000013_00000_v tid=23 iou25=0.116 mean=0.077 gaps=1 rec=0 fps=13.85
[16/93] uav0000013_01073_v tid=0 iou25=0.724 mean=0.307 gaps=0 rec=0 fps=13.81
[16/93] uav0000013_01073_v tid=8 iou25=0.241 mean=0.146 gaps=0 rec=0 fps=14.14
[17/93] uav0000013_01392_v tid=2 iou25=0.136 mean=0.080 gaps=0 rec=0 fps=13.79
[17/93] uav0000013_01392_v tid=21 iou25=0.009 mean=0.100 gaps=1 rec=0 fps=13.97
[18/93] uav0000020_00406_v tid=9 iou25=0.303 mean=0.186 gaps=0 rec=0 fps=13.85
[18/93] uav0000020_00406_v tid=36 iou25=0.719 mean=0.340 gaps=1 rec=0 fps=14.04
[19/93] uav0000071_03240_v tid=9 iou25=0.050 mean=0.048 gaps=0 rec=0 fps=13.87
[19/93] uav0000071_03240_v tid=11 iou25=0.370 mean=0.330 gaps=0 rec=0 fps=14.08
[20/93] uav0000072_04488_v tid=1 iou25=0.200 mean=0.131 gaps=0 rec=0 fps=13.76
[20/93] uav0000072_04488_v tid=0 iou25=0.136 mean=0.083 gaps=1 rec=0 fps=13.93
[21/93] uav0000072_05448_v tid=92 iou25=0.051 mean=0.035 gaps=0 rec=0 fps=13.86
[21/93] uav0000072_05448_v tid=122 iou25=0.005 mean=0.009 gaps=0 rec=0 fps=14.01
[22/93] uav0000072_06432_v tid=22 iou25=0.041 mean=0.027 gaps=0 rec=0 fps=14.28
[22/93] uav0000072_06432_v tid=117 iou25=0.123 mean=0.076 gaps=1 rec=0 fps=14.46
[23/93] uav0000073_00600_v tid=2 iou25=0.033 mean=0.018 gaps=0 rec=0 fps=14.2
[23/93] uav0000073_00600_v tid=48 iou25=0.434 mean=0.203 gaps=1 rec=0 fps=13.94
[24/93] uav0000073_04464_v tid=0 iou25=0.080 mean=0.036 gaps=0 rec=0 fps=13.85
[24/93] uav0000073_04464_v tid=1 iou25=0.047 mean=0.032 gaps=0 rec=0 fps=14.06
[25/93] uav0000076_00720_v tid=22 iou25=0.039 mean=0.025 gaps=0 rec=0 fps=13.58
[25/93] uav0000076_00720_v tid=54 iou25=0.648 mean=0.333 gaps=1 rec=0 fps=13.69
[26/93] uav0000077_00720_v tid=46 iou25=0.387 mean=0.166 gaps=0 rec=0 fps=13.75
[26/93] uav0000077_00720_v tid=43 iou25=0.267 mean=0.119 gaps=0 rec=0 fps=13.83
[27/93] uav0000079_00480_v tid=15 iou25=0.173 mean=0.095 gaps=0 rec=0 fps=13.47
[27/93] uav0000079_00480_v tid=10 iou25=0.057 mean=0.118 gaps=0 rec=0 fps=13.71
[28/93] uav0000084_00000_v tid=27 iou25=0.090 mean=0.048 gaps=0 rec=0 fps=13.73
[28/93] uav0000084_00000_v tid=59 iou25=0.035 mean=0.115 gaps=1 rec=0 fps=13.97
[29/93] uav0000086_00000_v tid=11 iou25=0.103 mean=0.153 gaps=0 rec=0 fps=13.55
[29/93] uav0000086_00000_v tid=55 iou25=0.213 mean=0.166 gaps=0 rec=0 fps=13.76
[30/93] uav0000088_00290_v tid=0 iou25=0.003 mean=0.003 gaps=0 rec=0 fps=13.79
[30/93] uav0000088_00290_v tid=92 iou25=0.037 mean=0.023 gaps=1 rec=0 fps=13.95
[31/93] uav0000099_02109_v tid=9 iou25=0.000 mean=0.004 gaps=0 rec=0 fps=13.76
[31/93] uav0000099_02109_v tid=4 iou25=0.040 mean=0.100 gaps=0 rec=0 fps=13.86
[32/93] uav0000117_02622_v tid=0 iou25=0.080 mean=0.066 gaps=0 rec=0 fps=13.71
[32/93] uav0000117_02622_v tid=21 iou25=0.871 mean=0.366 gaps=1 rec=1 fps=13.86
[33/93] uav0000119_02301_v tid=0 iou25=0.508 mean=0.309 gaps=0 rec=0 fps=13.8
[33/93] uav0000119_02301_v tid=38 iou25=0.097 mean=0.064 gaps=1 rec=0 fps=13.98
[34/93] uav0000120_04775_v tid=274 iou25=0.037 mean=0.023 gaps=0 rec=0 fps=13.96
[34/93] uav0000120_04775_v tid=136 iou25=0.114 mean=0.046 gaps=1 rec=0 fps=14.48
[35/93] uav0000124_00944_v tid=0 iou25=1.000 mean=0.595 gaps=0 rec=0 fps=13.46
[35/93] uav0000124_00944_v tid=41 iou25=0.004 mean=0.002 gaps=1 rec=0 fps=13.64
[36/93] uav0000126_00001_v tid=8 iou25=0.070 mean=0.095 gaps=0 rec=0 fps=13.38
[36/93] uav0000126_00001_v tid=62 iou25=0.013 mean=0.035 gaps=2 rec=0 fps=13.66
[37/93] uav0000137_00458_v tid=13 iou25=0.322 mean=0.229 gaps=0 rec=0 fps=13.63
[37/93] uav0000137_00458_v tid=107 iou25=0.014 mean=0.008 gaps=1 rec=0 fps=13.77
[38/93] uav0000138_00000_v tid=1 iou25=0.033 mean=0.017 gaps=0 rec=0 fps=13.54
[38/93] uav0000138_00000_v tid=24 iou25=0.039 mean=0.129 gaps=1 rec=0 fps=13.7
[39/93] uav0000140_01590_v tid=25 iou25=0.836 mean=0.355 gaps=0 rec=0 fps=13.51
[39/93] uav0000140_01590_v tid=61 iou25=0.189 mean=0.109 gaps=1 rec=0 fps=13.65
[40/93] uav0000143_02250_v tid=1 iou25=0.038 mean=0.182 gaps=0 rec=0 fps=13.64
[40/93] uav0000143_02250_v tid=93 iou25=0.024 mean=0.093 gaps=1 rec=0 fps=13.95
[41/93] uav0000145_00000_v tid=15 iou25=0.237 mean=0.137 gaps=0 rec=0 fps=13.84
[41/93] uav0000145_00000_v tid=17 iou25=0.080 mean=0.052 gaps=0 rec=0 fps=13.68
[42/93] uav0000150_02310_v tid=9 iou25=0.130 mean=0.059 gaps=0 rec=0 fps=13.35
[42/93] uav0000150_02310_v tid=103 iou25=0.064 mean=0.048 gaps=1 rec=0 fps=13.51
[43/93] uav0000161_00000_v tid=0 iou25=0.053 mean=0.037 gaps=0 rec=0 fps=13.48
[43/93] uav0000161_00000_v tid=211 iou25=0.105 mean=0.069 gaps=1 rec=0 fps=13.23
[44/93] uav0000182_00000_v tid=127 iou25=0.440 mean=0.268 gaps=0 rec=0 fps=13.61
[44/93] uav0000182_00000_v tid=113 iou25=0.991 mean=0.639 gaps=1 rec=1 fps=13.52
[45/93] uav0000188_00000_v tid=3 iou25=0.315 mean=0.172 gaps=0 rec=0 fps=13.85
[45/93] uav0000188_00000_v tid=68 iou25=0.021 mean=0.030 gaps=1 rec=0 fps=14.05
[46/93] uav0000201_00000_v tid=1 iou25=0.113 mean=0.069 gaps=0 rec=0 fps=13.8
[46/93] uav0000201_00000_v tid=73 iou25=0.327 mean=0.194 gaps=2 rec=0 fps=13.97
[47/93] uav0000218_00001_v tid=14 iou25=0.959 mean=0.335 gaps=0 rec=0 fps=13.66
[47/93] uav0000218_00001_v tid=13 iou25=0.147 mean=0.090 gaps=1 rec=0 fps=13.81
