[3] booting Jetson q8_0 server...
[3b] booting Jetson carry service...
channel 2: open failed: connect failed: Connection refused
channel 2: open failed: connect failed: Connection refused
[offboard] connecting to tcp:127.0.0.1:5760 ...
[offboard] heartbeat  type=2  autopilot=3  target_sys=1
[offboard] priming GCS link (3 heartbeats) ...
[offboard] data stream requested
[offboard] requesting mode GUIDED (id=4) ...
[offboard] mode GUIDED confirmed
[offboard] param ARMING_CHECK = 0
[offboard] waiting for EKF position estimate ...
[offboard] EKF ready  flags=0x33F  vel_horiz=0.00  pos_horiz=0.01
[offboard] arming ...
[offboard] arm ACK result=0
[offboard] armed
[offboard] climbing to 10.0 m ...
[offboard] at altitude  z=-8.6 m NED
[0.25 m/s] in_fov=1.000 lock@3.02s attempts=7 regrounds=1 relock=[14.35] px_err=22.5 hz=7.6 carry_fps=4.1
[offboard] landing ...
[offboard] requesting mode LAND (id=9) ...
[offboard] mode LAND confirmed
[offboard] disarmed — landed
{
  "trial": {
    "speed_ms": 0.25,
    "image_size": 768,
    "n_frames": 569,
    "achieved_hz": 7.6,
    "carry_fps": 4.1,
    "in_fov_frac": 1.0,
    "first_lock_s": 3.02,
    "n_acquire_attempts": 7,
    "n_rejected_acquires": 5,
    "n_regrounds": 1,
    "relock_walls_s": [
      14.35
    ],
    "carry_px_err_mean": 22.5,
    "carry_frames": 217,
    "recovered_after_occlusion": true
  },
  "gate_speed_ms": 0.25,
  "gate": "PASS"
}
