manifest written; NV Power Mode: 15W 0 | governor schedutil
[1/3] sam2_t768 x group2_2 ...
frame loading (JPEG):   0%|          | 0/1 [00:00<?, ?it/s]frame loading (JPEG): 100%|██████████| 1/1 [00:00<00:00, 27.42it/s]
/home/jfdg/tracker-sweep/.venv/lib/python3.10/site-packages/sam2/sam2_video_predictor.py:786: UserWarning: cannot import name '_C' from 'sam2' (/home/jfdg/tracker-sweep/.venv/lib/python3.10/site-packages/sam2/__init__.py)

Skipping the post-processing step due to the error above. You can still use SAM 2 and it's OK to ignore the error above, although some post-processing functionality may be limited (which doesn't affect the results in most cases; see https://github.com/facebookresearch/sam2/blob/main/INSTALL.md).
  pred_masks_gpu = fill_holes_in_mask_scores(
  50/865  13s  3.94 fps  eta 207s
  100/865  26s  3.89 fps  eta 197s
  150/865  39s  3.88 fps  eta 184s
  200/865  52s  3.87 fps  eta 172s
  250/865  65s  3.86 fps  eta 159s
  300/865  78s  3.85 fps  eta 147s
  350/865  91s  3.85 fps  eta 134s
  400/865  104s  3.85 fps  eta 121s
  450/865  117s  3.85 fps  eta 108s
  500/865  130s  3.84 fps  eta 95s
  550/865  143s  3.84 fps  eta 82s
  600/865  156s  3.84 fps  eta 69s
  650/865  169s  3.84 fps  eta 56s
  700/865  182s  3.84 fps  eta 43s
  750/865  195s  3.84 fps  eta 30s
  800/865  208s  3.84 fps  eta 17s
  850/865  221s  3.84 fps  eta 4s
{"arm": "sam2_t768", "seq": "group2_2", "frames": 865, "w": 1280, "h": 720, "init_ms": 5170.305665116757, "warmup_frames": 5, "ms_p50": 251.87578098848462, "ms_p95": 253.5711261909455, "ms_p99": 255.32736991532147, "ms_max": 408.84155267849565, "fps": 3.97021101463391, "decode_ms_p50": 8.498754817992449, "lost_frames": 0, "conf_frames": 864, "rss_peak_mb": 2202.27734375, "gpu_peak_mb": 552.53125}
  231.8s wall, temps NoneC
[2/3] sam2_t768 x person19_2 ...
Warning: You are sending unauthenticated requests to the HF Hub. Please set a HF_TOKEN to enable higher rate limits and faster downloads.
frame loading (JPEG):   0%|          | 0/1 [00:00<?, ?it/s]frame loading (JPEG): 100%|██████████| 1/1 [00:00<00:00, 26.83it/s]
/home/jfdg/tracker-sweep/.venv/lib/python3.10/site-packages/sam2/sam2_video_predictor.py:786: UserWarning: cannot import name '_C' from 'sam2' (/home/jfdg/tracker-sweep/.venv/lib/python3.10/site-packages/sam2/__init__.py)

Skipping the post-processing step due to the error above. You can still use SAM 2 and it's OK to ignore the error above, although some post-processing functionality may be limited (which doesn't affect the results in most cases; see https://github.com/facebookresearch/sam2/blob/main/INSTALL.md).
  pred_masks_gpu = fill_holes_in_mask_scores(
  50/1549  13s  3.92 fps  eta 382s
  100/1549  26s  3.89 fps  eta 373s
  150/1549  39s  3.86 fps  eta 363s
  200/1549  52s  3.85 fps  eta 350s
  250/1549  65s  3.85 fps  eta 337s
  300/1549  78s  3.85 fps  eta 324s
  350/1549  91s  3.85 fps  eta 311s
  400/1549  104s  3.85 fps  eta 298s
  450/1549  117s  3.85 fps  eta 286s
  500/1549  130s  3.85 fps  eta 273s
  550/1549  143s  3.85 fps  eta 260s
  600/1549  156s  3.85 fps  eta 247s
  650/1549  169s  3.85 fps  eta 234s
  700/1549  182s  3.85 fps  eta 221s
  750/1549  195s  3.85 fps  eta 208s
  800/1549  208s  3.85 fps  eta 195s
  850/1549  221s  3.85 fps  eta 182s
  900/1549  234s  3.85 fps  eta 169s
  950/1549  247s  3.85 fps  eta 156s
  1000/1549  260s  3.85 fps  eta 143s
  1050/1549  273s  3.84 fps  eta 130s
  1100/1549  286s  3.84 fps  eta 117s
  1150/1549  299s  3.84 fps  eta 104s
  1200/1549  312s  3.84 fps  eta 91s
  1250/1549  325s  3.84 fps  eta 78s
  1300/1549  338s  3.84 fps  eta 65s
  1350/1549  351s  3.84 fps  eta 52s
  1400/1549  364s  3.84 fps  eta 39s
  1450/1549  377s  3.84 fps  eta 26s
  1500/1549  390s  3.84 fps  eta 13s
{"arm": "sam2_t768", "seq": "person19_2", "frames": 1549, "w": 1280, "h": 720, "init_ms": 5198.47139203921, "warmup_frames": 5, "ms_p50": 251.95941794663668, "ms_p95": 254.15366454981267, "ms_p99": 254.8074212577194, "ms_max": 400.1277140341699, "fps": 3.968893118382236, "decode_ms_p50": 7.726782001554966, "lost_frames": 71, "conf_frames": 1548, "rss_peak_mb": 2197.57421875, "gpu_peak_mb": 552.53125}
  409.8s wall, temps NoneC
[3/3] sam2_t768 x person17_1 ...
Warning: You are sending unauthenticated requests to the HF Hub. Please set a HF_TOKEN to enable higher rate limits and faster downloads.
frame loading (JPEG):   0%|          | 0/1 [00:00<?, ?it/s]frame loading (JPEG): 100%|██████████| 1/1 [00:00<00:00, 24.96it/s]
/home/jfdg/tracker-sweep/.venv/lib/python3.10/site-packages/sam2/sam2_video_predictor.py:786: UserWarning: cannot import name '_C' from 'sam2' (/home/jfdg/tracker-sweep/.venv/lib/python3.10/site-packages/sam2/__init__.py)

Skipping the post-processing step due to the error above. You can still use SAM 2 and it's OK to ignore the error above, although some post-processing functionality may be limited (which doesn't affect the results in most cases; see https://github.com/facebookresearch/sam2/blob/main/INSTALL.md).
  pred_masks_gpu = fill_holes_in_mask_scores(
  50/1501  13s  3.83 fps  eta 379s
  100/1501  26s  3.79 fps  eta 370s
  150/1501  40s  3.78 fps  eta 358s
  200/1501  53s  3.76 fps  eta 346s
  250/1501  67s  3.76 fps  eta 333s
  300/1501  80s  3.75 fps  eta 320s
  350/1501  93s  3.75 fps  eta 307s
  400/1501  107s  3.75 fps  eta 294s
  450/1501  120s  3.75 fps  eta 280s
  500/1501  133s  3.75 fps  eta 267s
  550/1501  147s  3.75 fps  eta 254s
  600/1501  160s  3.75 fps  eta 240s
  650/1501  173s  3.75 fps  eta 227s
  700/1501  187s  3.75 fps  eta 214s
  750/1501  200s  3.75 fps  eta 200s
  800/1501  213s  3.75 fps  eta 187s
  850/1501  227s  3.75 fps  eta 174s
  900/1501  240s  3.75 fps  eta 160s
  950/1501  253s  3.75 fps  eta 147s
  1000/1501  267s  3.75 fps  eta 134s
  1050/1501  280s  3.75 fps  eta 120s
  1100/1501  293s  3.75 fps  eta 107s
  1150/1501  307s  3.75 fps  eta 94s
  1200/1501  320s  3.75 fps  eta 80s
  1250/1501  333s  3.75 fps  eta 67s
  1300/1501  347s  3.75 fps  eta 54s
  1350/1501  360s  3.75 fps  eta 40s
  1400/1501  373s  3.75 fps  eta 27s
  1450/1501  386s  3.75 fps  eta 14s
  1500/1501  400s  3.75 fps  eta 0s
{"arm": "sam2_t768", "seq": "person17_1", "frames": 1501, "w": 1280, "h": 720, "init_ms": 5201.9092021510005, "warmup_frames": 5, "ms_p50": 251.91488629207015, "ms_p95": 253.55013669468462, "ms_p99": 255.18743937835097, "ms_max": 395.6228061579168, "fps": 3.969594710018843, "decode_ms_p50": 15.094827627763152, "lost_frames": 0, "conf_frames": 1500, "rss_peak_mb": 2194.23046875, "gpu_peak_mb": 552.53125}
  406.5s wall, temps NoneC
DONE
