[scenegen] frame 0/300 (8.23 fps)
[scenegen] frame 40/300 (8.70 fps)
[scenegen] frame 80/300 (8.69 fps)
[scenegen] frame 120/300 (8.71 fps)
[scenegen] frame 160/300 (8.72 fps)
[scenegen] frame 200/300 (8.73 fps)
[scenegen] frame 240/300 (8.73 fps)
[scenegen] frame 280/300 (8.73 fps)
[scenegen] frame 299/300 (8.74 fps)
{
  "seed": 2,
  "frames": 300,
  "out": "/home/gara/jetson/experiments/2026-07-17-bankv2-crossing/runs/bank02",
  "profile": "v2",
  "v2_screen": {
    "peak_iou": 0.2648,
    "peak_f": 74,
    "run_iou15": 61,
    "peak_occl_white": 0.6177,
    "run_occl50": 73,
    "tail_iou_max": 0.0714,
    "pass": true
  },
  "v2_xpeak_pred_f": 74,
  "v2_xpeak_pred_iou": 0.2648,
  "g2_purity_median_clear": {
    "0": 0.8375,
    "1": 0.8554
  },
  "g6_frag_p10_clear": {
    "0": 0.9953,
    "1": 1.0
  },
  "g6_frag_below090_frac_clear": {
    "0": 0.0,
    "1": 0.0
  },
  "g6_n_clear": {
    "0": 57,
    "1": 300
  },
  "wall_loop_s": 34.3,
  "fps_wall": 8.736,
  "g1_dead_frames": 0,
  "g1_identical_consecutive": 0,
  "g1_stamp_steps_ok": true,
  "g2_purity_median": {
    "0": 0.761,
    "1": 0.8554
  },
  "g2_bg_purity_median": {
    "0": 0.0,
    "1": 0.0
  },
  "g3_both_visible_frac": 1.0,
  "g6_frag_p10": {
    "0": 0.9934,
    "1": 1.0
  },
  "g6_frag_min": {
    "0": 0.9892,
    "1": 1.0
  },
  "g6_frag_below090_frac": {
    "0": 0.0,
    "1": 0.0
  },
  "g6_frag_n": {
    "0": 300,
    "1": 300
  },
  "g0_retries_pose": 0,
  "g0_retries_step": 0,
  "g0_response_lost": 0,
  "g0_proxy_restarts": 0,
  "g0_spawn_warns": [],
  "params": {
    "standoff": 24.732259289238502,
    "alt": 4.783249666160052,
    "aim_err": [
      0.8266918274180686,
      -0.5455601981538769
    ],
    "v_target": 2.51393456109918,
    "v_distractor": 2.466691892465833,
    "ds0": -6.712098926633397,
    "lat_b_a": 0.8649816207436228,
    "lat_b_b": -4.471283492562203,
    "t_in0": 0.8686796988341283,
    "T_in": 0.9450186789916009,
    "T_hold": 1.5163153954023936,
    "T_out": 1.567718919429808
  },
  "versions": {
    "gz": "8.14.0",
    "python": "3.12.10",
    "numpy": "2.4.4",
    "cv2": "4.13.0"
  },
  "cmd": "/home/gara/jetson/runners/scenegen.py record --seed 2 --frames 300 --profile v2 --out /home/gara/jetson/experiments/2026-07-17-bankv2-crossing/runs/bank02"
}
[scenegen] DONE /home/gara/jetson/experiments/2026-07-17-bankv2-crossing/runs/bank02
