[scenegen] frame 0/300 (8.26 fps)
[scenegen] frame 40/300 (8.74 fps)
[scenegen] frame 80/300 (8.75 fps)
[scenegen] frame 120/300 (8.77 fps)
[scenegen] frame 160/300 (8.77 fps)
[scenegen] frame 200/300 (8.78 fps)
[scenegen] frame 240/300 (8.77 fps)
[scenegen] frame 280/300 (8.78 fps)
[scenegen] frame 299/300 (8.78 fps)
{
  "seed": 10,
  "frames": 300,
  "out": "/home/gara/jetson/experiments/2026-07-17-bankv2-crossing/runs/bank10",
  "profile": "v2",
  "v2_screen": {
    "peak_iou": 0.3461,
    "peak_f": 89,
    "run_iou15": 87,
    "peak_occl_white": 0.7512,
    "run_occl50": 86,
    "tail_iou_max": 0.0865,
    "pass": true
  },
  "v2_xpeak_pred_f": 89,
  "v2_xpeak_pred_iou": 0.3461,
  "g2_purity_median_clear": {
    "0": 0.8117,
    "1": 0.8127
  },
  "g6_frag_p10_clear": {
    "0": 0.9904,
    "1": 1.0
  },
  "g6_frag_below090_frac_clear": {
    "0": 0.0,
    "1": 0.0
  },
  "g6_n_clear": {
    "0": 27,
    "1": 300
  },
  "wall_loop_s": 34.2,
  "fps_wall": 8.783,
  "g1_dead_frames": 0,
  "g1_identical_consecutive": 0,
  "g1_stamp_steps_ok": true,
  "g2_purity_median": {
    "0": 0.656,
    "1": 0.8127
  },
  "g2_bg_purity_median": {
    "0": 0.0,
    "1": 0.0
  },
  "g3_both_visible_frac": 1.0,
  "g6_frag_p10": {
    "0": 0.9952,
    "1": 1.0
  },
  "g6_frag_min": {
    "0": 0.9896,
    "1": 1.0
  },
  "g6_frag_below090_frac": {
    "0": 0.0,
    "1": 0.0
  },
  "g6_frag_n": {
    "0": 300,
    "1": 300
  },
  "g0_retries_pose": 0,
  "g0_retries_step": 0,
  "g0_response_lost": 0,
  "g0_proxy_restarts": 0,
  "g0_spawn_warns": [],
  "params": {
    "standoff": 24.98232084417575,
    "alt": 4.278702787735645,
    "aim_err": [
      1.409491104618965,
      0.05350264085060896
    ],
    "v_target": 3.3472020515547705,
    "v_distractor": 3.3392894377703843,
    "ds0": -6.210963520218869,
    "lat_b_a": 0.955305398442986,
    "lat_b_b": -4.3215369982733165,
    "t_in0": 0.9475998719154395,
    "T_in": 1.0014645937414728,
    "T_hold": 1.5878802739722568,
    "T_out": 1.6013207458833907
  },
  "versions": {
    "gz": "8.14.0",
    "python": "3.12.10",
    "numpy": "2.4.4",
    "cv2": "4.13.0"
  },
  "cmd": "/home/gara/jetson/runners/scenegen.py record --seed 10 --frames 300 --profile v2 --out /home/gara/jetson/experiments/2026-07-17-bankv2-crossing/runs/bank10"
}
[scenegen] DONE /home/gara/jetson/experiments/2026-07-17-bankv2-crossing/runs/bank10
