[scenegen] frame 0/300 (8.16 fps)
[scenegen] frame 40/300 (8.69 fps)
[scenegen] frame 80/300 (8.66 fps)
[scenegen] frame 120/300 (8.68 fps)
[scenegen] frame 160/300 (8.69 fps)
[scenegen] frame 200/300 (8.70 fps)
[scenegen] frame 240/300 (8.70 fps)
[scenegen] frame 280/300 (8.70 fps)
[scenegen] frame 299/300 (8.71 fps)
{
  "seed": 5,
  "frames": 300,
  "out": "/home/gara/jetson/experiments/2026-07-17-bankv2-crossing/runs/bank05",
  "profile": "v2",
  "v2_screen": {
    "peak_iou": 0.2348,
    "peak_f": 87,
    "run_iou15": 60,
    "peak_occl_white": 0.5605,
    "run_occl50": 41,
    "tail_iou_max": 0.1202,
    "pass": true
  },
  "v2_xpeak_pred_f": 87,
  "v2_xpeak_pred_iou": 0.2348,
  "g2_purity_median_clear": {
    "0": 0.8311,
    "1": 0.7801
  },
  "g6_frag_p10_clear": {
    "0": 0.9938,
    "1": 1.0
  },
  "g6_frag_below090_frac_clear": {
    "0": 0.0,
    "1": 0.0
  },
  "g6_n_clear": {
    "0": 26,
    "1": 300
  },
  "wall_loop_s": 34.5,
  "fps_wall": 8.706,
  "g1_dead_frames": 0,
  "g1_identical_consecutive": 0,
  "g1_stamp_steps_ok": true,
  "g2_purity_median": {
    "0": 0.693,
    "1": 0.7801
  },
  "g2_bg_purity_median": {
    "0": 0.0,
    "1": 0.0
  },
  "g3_both_visible_frac": 1.0,
  "g6_frag_p10": {
    "0": 0.9953,
    "1": 1.0
  },
  "g6_frag_min": {
    "0": 0.9928,
    "1": 1.0
  },
  "g6_frag_below090_frac": {
    "0": 0.0,
    "1": 0.0
  },
  "g6_frag_n": {
    "0": 300,
    "1": 300
  },
  "g0_retries_pose": 0,
  "g0_retries_step": 0,
  "g0_response_lost": 0,
  "g0_proxy_restarts": 0,
  "g0_spawn_warns": [],
  "params": {
    "standoff": 23.97209207492697,
    "alt": 5.353378703662132,
    "aim_err": [
      -1.307356688063427,
      0.5375445990640948
    ],
    "v_target": 3.166003508494456,
    "v_distractor": 3.1182672681895784,
    "ds0": -6.491526794580002,
    "lat_b_a": 0.7292546264363008,
    "lat_b_b": -4.3004119424674645,
    "t_in0": 0.8957107334763963,
    "T_in": 0.9703530605009472,
    "T_hold": 1.517473776112571,
    "T_out": 1.689674477303702
  },
  "versions": {
    "gz": "8.14.0",
    "python": "3.12.10",
    "numpy": "2.4.4",
    "cv2": "4.13.0"
  },
  "cmd": "/home/gara/jetson/runners/scenegen.py record --seed 5 --frames 300 --profile v2 --out /home/gara/jetson/experiments/2026-07-17-bankv2-crossing/runs/bank05"
}
[scenegen] DONE /home/gara/jetson/experiments/2026-07-17-bankv2-crossing/runs/bank05
