[scenegen] frame 0/300 (8.12 fps)
[scenegen] frame 40/300 (8.59 fps)
[scenegen] frame 80/300 (8.62 fps)
[scenegen] frame 120/300 (8.64 fps)
[scenegen] frame 160/300 (8.65 fps)
[scenegen] frame 200/300 (8.66 fps)
[scenegen] frame 240/300 (8.65 fps)
[scenegen] frame 280/300 (8.66 fps)
[scenegen] frame 299/300 (8.66 fps)
{
  "seed": 13,
  "frames": 300,
  "out": "/home/gara/jetson/experiments/2026-07-17-bankv2-crossing/runs/bank11",
  "profile": "v2",
  "v2_screen": {
    "peak_iou": 0.2174,
    "peak_f": 84,
    "run_iou15": 58,
    "peak_occl_white": 0.5634,
    "run_occl50": 34,
    "tail_iou_max": 0.0894,
    "pass": true
  },
  "v2_xpeak_pred_f": 84,
  "v2_xpeak_pred_iou": 0.2174,
  "g2_purity_median_clear": {
    "0": 0.7619,
    "1": 0.7663
  },
  "g6_frag_p10_clear": {
    "0": 0.9995,
    "1": 1.0
  },
  "g6_frag_below090_frac_clear": {
    "0": 0.0,
    "1": 0.0
  },
  "g6_n_clear": {
    "0": 23,
    "1": 300
  },
  "wall_loop_s": 34.6,
  "fps_wall": 8.658,
  "g1_dead_frames": 0,
  "g1_identical_consecutive": 0,
  "g1_stamp_steps_ok": true,
  "g2_purity_median": {
    "0": 0.7213,
    "1": 0.7663
  },
  "g2_bg_purity_median": {
    "0": 0.0,
    "1": 0.0
  },
  "g3_both_visible_frac": 1.0,
  "g6_frag_p10": {
    "0": 0.996,
    "1": 1.0
  },
  "g6_frag_min": {
    "0": 0.9903,
    "1": 1.0
  },
  "g6_frag_below090_frac": {
    "0": 0.0,
    "1": 0.0
  },
  "g6_frag_n": {
    "0": 300,
    "1": 300
  },
  "g0_retries_pose": 0,
  "g0_retries_step": 0,
  "g0_response_lost": 0,
  "g0_proxy_restarts": 0,
  "g0_spawn_warns": [],
  "params": {
    "standoff": 22.468159533900266,
    "alt": 5.628013038500224,
    "aim_err": [
      0.11502970222886999,
      0.7114506678623504
    ],
    "v_target": 3.237757104419904,
    "v_distractor": 3.187888642101219,
    "ds0": -6.286208308952898,
    "lat_b_a": 1.2462443068395026,
    "lat_b_b": -4.307598262381222,
    "t_in0": 0.7858889812498511,
    "T_in": 1.1440983369116937,
    "T_hold": 1.341203971940654,
    "T_out": 1.4753120189213687
  },
  "versions": {
    "gz": "8.14.0",
    "python": "3.12.10",
    "numpy": "2.4.4",
    "cv2": "4.13.0"
  },
  "cmd": "/home/gara/jetson/runners/scenegen.py record --seed 13 --frames 300 --profile v2 --out /home/gara/jetson/experiments/2026-07-17-bankv2-crossing/runs/bank11"
}
[scenegen] DONE /home/gara/jetson/experiments/2026-07-17-bankv2-crossing/runs/bank11
