07-02-2026 09:43:24 RAM 4268/7607MB (lfb 9x2MB) SWAP 256/3804MB (cached 1MB) CPU [22%@1510,54%@1510,22%@1510,26%@1510,19%@1510,13%@1510] GR3D_FREQ 0% cpu@59.562C soc2@57.843C soc0@56.062C gpu@59.031C tj@59.562C soc1@58.187C VDD_IN 6259mW/6259mW VDD_CPU_GPU_CV 1661mW/1661mW VDD_SOC 1505mW/1505mW
07-02-2026 09:43:25 RAM 4331/7607MB (lfb 1x4MB) SWAP 256/3804MB (cached 1MB) CPU [1%@1510,85%@1510,2%@1510,3%@1510,3%@1510,0%@1510] GR3D_FREQ 0% cpu@59.718C soc2@57.843C soc0@55.968C gpu@59.062C tj@59.718C soc1@58.218C VDD_IN 6061mW/6160mW VDD_CPU_GPU_CV 1502mW/1582mW VDD_SOC 1465mW/1485mW
07-02-2026 09:43:26 RAM 4354/7607MB (lfb 1x4MB) SWAP 256/3804MB (cached 1MB) CPU [0%@1510,95%@1510,0%@1510,2%@1510,0%@1510,0%@1510] GR3D_FREQ 0% cpu@59.593C soc2@57.968C soc0@56.093C gpu@58.937C tj@59.593C soc1@58.218C VDD_IN 6061mW/6127mW VDD_CPU_GPU_CV 1502mW/1555mW VDD_SOC 1465mW/1478mW
07-02-2026 09:43:27 RAM 4372/7607MB (lfb 1x4MB) SWAP 257/3804MB (cached 1MB) CPU [1%@1510,84%@1510,0%@1510,0%@1510,0%@1510,3%@1510] GR3D_FREQ 0% cpu@59.343C soc2@57.781C soc0@56.031C gpu@58.968C tj@59.343C soc1@58.281C VDD_IN 5902mW/6071mW VDD_CPU_GPU_CV 1423mW/1522mW VDD_SOC 1465mW/1475mW
07-02-2026 09:43:28 RAM 4658/7607MB (lfb 13x1MB) SWAP 274/3804MB (cached 1MB) CPU [0%@1510,76%@1510,0%@1510,0%@1510,0%@1510,20%@1510] GR3D_FREQ 0% cpu@59.593C soc2@57.75C soc0@56.125C gpu@59C tj@59.593C soc1@58.125C VDD_IN 6180mW/6093mW VDD_CPU_GPU_CV 1582mW/1534mW VDD_SOC 1465mW/1473mW
07-02-2026 09:43:29 RAM 5017/7607MB (lfb 11x1MB) SWAP 369/3804MB (cached 1MB) CPU [28%@1510,51%@1510,16%@1510,5%@1510,3%@1510,77%@1510] GR3D_FREQ 0% cpu@59.625C soc2@57.875C soc0@56.031C gpu@59.031C tj@59.625C soc1@58.281C VDD_IN 6615mW/6180mW VDD_CPU_GPU_CV 1819mW/1582mW VDD_SOC 1545mW/1485mW
07-02-2026 09:43:30 RAM 6141/7607MB (lfb 1x4MB) SWAP 497/3804MB (cached 1MB) CPU [86%@1510,36%@1510,32%@1510,33%@1510,53%@1510,82%@1510] GR3D_FREQ 0% cpu@59.843C soc2@57.968C soc0@56C gpu@59.25C tj@59.843C soc1@58.312C VDD_IN 7091mW/6310mW VDD_CPU_GPU_CV 2096mW/1655mW VDD_SOC 1584mW/1499mW
07-02-2026 09:43:31 RAM 6140/7607MB (lfb 5x4MB) SWAP 530/3804MB (cached 1MB) CPU [28%@1510,7%@1510,7%@1510,4%@1510,51%@1510,50%@1510] GR3D_FREQ 0% cpu@59.593C soc2@57.937C soc0@56.031C gpu@59.312C tj@59.593C soc1@58.312C VDD_IN 6457mW/6328mW VDD_CPU_GPU_CV 1621mW/1651mW VDD_SOC 1545mW/1505mW
07-02-2026 09:43:32 RAM 6141/7607MB (lfb 5x4MB) SWAP 530/3804MB (cached 1MB) CPU [8%@1510,8%@1510,8%@1510,0%@1510,51%@1510,49%@1510] GR3D_FREQ 0% cpu@59.531C soc2@57.906C soc0@56.125C gpu@59.312C tj@59.531C soc1@58.312C VDD_IN 6378mW/6334mW VDD_CPU_GPU_CV 1542mW/1639mW VDD_SOC 1545mW/1509mW
07-02-2026 09:43:33 RAM 6140/7607MB (lfb 5x4MB) SWAP 530/3804MB (cached 1MB) CPU [8%@1510,7%@1510,7%@1510,0%@1510,46%@1510,52%@1510] GR3D_FREQ 0% cpu@59.593C soc2@57.937C soc0@56.156C gpu@59.312C tj@59.593C soc1@58.25C VDD_IN 6378mW/6338mW VDD_CPU_GPU_CV 1502mW/1625mW VDD_SOC 1545mW/1513mW
07-02-2026 09:43:34 RAM 6168/7607MB (lfb 5x2MB) SWAP 530/3804MB (cached 1MB) CPU [20%@1510,20%@1510,20%@1510,7%@1510,51%@1510,54%@1510] GR3D_FREQ 2% cpu@59.718C soc2@58C soc0@56.062C gpu@59.468C tj@59.718C soc1@58.281C VDD_IN 7368mW/6432mW VDD_CPU_GPU_CV 1819mW/1643mW VDD_SOC 1782mW/1537mW
07-02-2026 09:43:35 RAM 6459/7607MB (lfb 2x1MB) SWAP 693/3804MB (cached 1MB) CPU [75%@1510,0%@1510,1%@1510,0%@1510,74%@1510,11%@1510] GR3D_FREQ 99% cpu@59.781C soc2@58.218C soc0@56.125C gpu@60.187C tj@60.187C soc1@58.375C VDD_IN 8108mW/6572mW VDD_CPU_GPU_CV 2724mW/1733mW VDD_SOC 1779mW/1558mW
07-02-2026 09:43:36 RAM 6826/7607MB (lfb 1x4MB) SWAP 711/3804MB (cached 1MB) CPU [30%@1510,1%@1510,0%@1510,0%@1510,51%@1510,17%@1510] GR3D_FREQ 99% cpu@59.781C soc2@58.406C soc0@56.218C gpu@60.468C tj@60.468C soc1@58.375C VDD_IN 10006mW/6836mW VDD_CPU_GPU_CV 3666mW/1881mW VDD_SOC 2135mW/1602mW
07-02-2026 09:43:37 RAM 6880/7607MB (lfb 5x4MB) SWAP 717/3804MB (cached 1MB) CPU [10%@1510,0%@1510,15%@1510,0%@1510,29%@1510,0%@1510] GR3D_FREQ 99% cpu@60.031C soc2@58.468C soc0@56.437C gpu@60.593C tj@60.593C soc1@58.5C VDD_IN 11865mW/7195mW VDD_CPU_GPU_CV 4723mW/2084mW VDD_SOC 2408mW/1660mW
07-02-2026 09:43:38 RAM 6885/7607MB (lfb 5x4MB) SWAP 717/3804MB (cached 1MB) CPU [0%@1510,0%@1510,0%@1510,0%@1510,15%@1510,4%@1510] GR3D_FREQ 99% cpu@60.156C soc2@58.656C soc0@56.625C gpu@60.718C tj@60.718C soc1@58.468C VDD_IN 11865mW/7506mW VDD_CPU_GPU_CV 4880mW/2271mW VDD_SOC 2369mW/1707mW
07-02-2026 09:43:39 RAM 6885/7607MB (lfb 5x4MB) SWAP 717/3804MB (cached 1MB) CPU [0%@1510,0%@1510,0%@1510,0%@1510,0%@1510,21%@1510] GR3D_FREQ 99% cpu@60.125C soc2@58.875C soc0@56.656C gpu@61.187C tj@61.187C soc1@58.625C VDD_IN 12083mW/7792mW VDD_CPU_GPU_CV 5077mW/2446mW VDD_SOC 2369mW/1748mW
07-02-2026 09:43:40 RAM 6889/7607MB (lfb 5x4MB) SWAP 716/3804MB (cached 1MB) CPU [0%@1510,0%@1510,0%@1510,0%@1510,0%@1510,26%@1510] GR3D_FREQ 99% cpu@60.375C soc2@59.031C soc0@56.812C gpu@61.125C tj@61.125C soc1@58.718C VDD_IN 12043mW/8042mW VDD_CPU_GPU_CV 4959mW/2594mW VDD_SOC 2408mW/1787mW
07-02-2026 09:43:41 RAM 6891/7607MB (lfb 5x4MB) SWAP 716/3804MB (cached 1MB) CPU [0%@1510,0%@1510,0%@1510,0%@1510,0%@1510,25%@1510] GR3D_FREQ 99% cpu@60.625C soc2@59.218C soc0@56.937C gpu@61.187C tj@61.187C soc1@58.875C VDD_IN 11865mW/8255mW VDD_CPU_GPU_CV 4888mW/2721mW VDD_SOC 2369mW/1819mW
07-02-2026 09:43:42 RAM 6891/7607MB (lfb 5x4MB) SWAP 716/3804MB (cached 1MB) CPU [0%@1510,0%@1510,0%@1510,0%@1510,0%@1510,17%@1510] GR3D_FREQ 99% cpu@60.562C soc2@59.187C soc0@57C gpu@61.5C tj@61.5C soc1@59.031C VDD_IN 12083mW/8456mW VDD_CPU_GPU_CV 5116mW/2847mW VDD_SOC 2329mW/1846mW
07-02-2026 09:43:43 RAM 6895/7607MB (lfb 5x4MB) SWAP 716/3804MB (cached 1MB) CPU [0%@1510,0%@1510,0%@1510,0%@1510,0%@1510,25%@1510] GR3D_FREQ 99% cpu@60.5C soc2@59.312C soc0@57.125C gpu@61.468C tj@61.468C soc1@59.156C VDD_IN 12004mW/8634mW VDD_CPU_GPU_CV 4880mW/2949mW VDD_SOC 2408mW/1874mW
07-02-2026 09:43:44 RAM 6897/7607MB (lfb 5x4MB) SWAP 716/3804MB (cached 1MB) CPU [0%@1510,0%@1510,0%@1510,0%@1510,0%@1510,28%@1510] GR3D_FREQ 99% cpu@60.718C soc2@59.375C soc0@57.375C gpu@61.562C tj@61.562C soc1@59.031C VDD_IN 11905mW/8789mW VDD_CPU_GPU_CV 4880mW/3041mW VDD_SOC 2369mW/1898mW
07-02-2026 09:43:45 RAM 6897/7607MB (lfb 5x4MB) SWAP 716/3804MB (cached 1MB) CPU [0%@1510,0%@1510,0%@1510,0%@1510,0%@1510,15%@1510] GR3D_FREQ 98% cpu@60.781C soc2@59.562C soc0@57.281C gpu@61.781C tj@61.781C soc1@59.125C VDD_IN 12004mW/8936mW VDD_CPU_GPU_CV 5038mW/3132mW VDD_SOC 2329mW/1917mW
07-02-2026 09:43:46 RAM 6902/7607MB (lfb 5x4MB) SWAP 716/3804MB (cached 1MB) CPU [0%@1510,0%@1510,0%@1510,0%@1510,0%@1510,28%@1510] GR3D_FREQ 99% cpu@60.906C soc2@59.625C soc0@57.406C gpu@61.843C tj@61.843C soc1@59.281C VDD_IN 12043mW/9071mW VDD_CPU_GPU_CV 4959mW/3211mW VDD_SOC 2408mW/1939mW
07-02-2026 09:43:47 RAM 6903/7607MB (lfb 5x4MB) SWAP 716/3804MB (cached 1MB) CPU [0%@1510,0%@1510,3%@1510,0%@1510,0%@1510,23%@1510] GR3D_FREQ 99% cpu@61.093C soc2@59.75C soc0@57.468C gpu@62.031C tj@62.031C soc1@59.406C VDD_IN 12004mW/9193mW VDD_CPU_GPU_CV 4959mW/3284mW VDD_SOC 2369mW/1957mW
07-02-2026 09:43:48 RAM 6905/7607MB (lfb 5x4MB) SWAP 716/3804MB (cached 1MB) CPU [0%@1510,0%@1510,0%@1510,0%@1510,0%@1510,23%@1510] GR3D_FREQ 99% cpu@61.125C soc2@59.875C soc0@57.593C gpu@62.062C tj@62.062C soc1@59.593C VDD_IN 11905mW/9301mW VDD_CPU_GPU_CV 4959mW/3351mW VDD_SOC 2329mW/1972mW
07-02-2026 09:43:49 RAM 6907/7607MB (lfb 5x4MB) SWAP 716/3804MB (cached 1MB) CPU [0%@1510,0%@1510,2%@1510,0%@1510,0%@1510,20%@1510] GR3D_FREQ 99% cpu@61.093C soc2@59.906C soc0@57.812C gpu@62.031C tj@62.031C soc1@59.781C VDD_IN 12083mW/9408mW VDD_CPU_GPU_CV 5038mW/3416mW VDD_SOC 2369mW/1987mW
07-02-2026 09:43:50 RAM 6908/7607MB (lfb 5x4MB) SWAP 716/3804MB (cached 1MB) CPU [0%@1510,0%@1510,0%@1510,0%@1510,0%@1510,28%@1510] GR3D_FREQ 99% cpu@61.187C soc2@60C soc0@57.75C gpu@62.156C tj@62.156C soc1@59.656C VDD_IN 12083mW/9507mW VDD_CPU_GPU_CV 4998mW/3475mW VDD_SOC 2369mW/2001mW
07-02-2026 09:43:51 RAM 6910/7607MB (lfb 5x4MB) SWAP 716/3804MB (cached 1MB) CPU [0%@1510,0%@1510,0%@1510,0%@1510,0%@1510,22%@1510] GR3D_FREQ 99% cpu@61.468C soc2@60.156C soc0@57.843C gpu@62.062C tj@62.062C soc1@59.656C VDD_IN 11925mW/9594mW VDD_CPU_GPU_CV 4920mW/3526mW VDD_SOC 2369mW/2014mW
07-02-2026 09:43:52 RAM 6917/7607MB (lfb 5x4MB) SWAP 716/3804MB (cached 1MB) CPU [1%@1510,0%@1510,0%@1510,0%@1510,0%@1510,21%@1510] GR3D_FREQ 99% cpu@61.5C soc2@60.218C soc0@57.968C gpu@62.375C tj@62.375C soc1@59.843C VDD_IN 12122mW/9681mW VDD_CPU_GPU_CV 5116mW/3581mW VDD_SOC 2369mW/2026mW
07-02-2026 09:43:53 RAM 6919/7607MB (lfb 5x4MB) SWAP 716/3804MB (cached 1MB) CPU [0%@1510,0%@1510,0%@1510,0%@1510,18%@1510,7%@1510] GR3D_FREQ 99% cpu@61.406C soc2@60.406C soc0@58.062C gpu@62.218C tj@62.218C soc1@59.906C VDD_IN 12043mW/9760mW VDD_CPU_GPU_CV 4880mW/3624mW VDD_SOC 2408mW/2039mW
07-02-2026 09:43:54 RAM 6921/7607MB (lfb 4x4MB) SWAP 716/3804MB (cached 1MB) CPU [0%@1510,0%@1510,0%@1510,1%@1510,0%@1510,26%@1510] GR3D_FREQ 99% cpu@61.593C soc2@60.468C soc0@58.218C gpu@62.437C tj@62.437C soc1@60.031C VDD_IN 11905mW/9829mW VDD_CPU_GPU_CV 4880mW/3665mW VDD_SOC 2369mW/2050mW
07-02-2026 09:43:55 RAM 6923/7607MB (lfb 4x4MB) SWAP 716/3804MB (cached 1MB) CPU [0%@1510,0%@1510,0%@1510,0%@1510,0%@1510,18%@1510] GR3D_FREQ 99% cpu@61.593C soc2@60.437C soc0@58.25C gpu@62.593C tj@62.593C soc1@60.031C VDD_IN 12043mW/9898mW VDD_CPU_GPU_CV 5077mW/3709mW VDD_SOC 2369mW/2060mW
07-02-2026 09:43:56 RAM 6925/7607MB (lfb 3x4MB) SWAP 716/3804MB (cached 1MB) CPU [0%@1510,0%@1510,0%@1510,0%@1510,0%@1510,24%@1510] GR3D_FREQ 99% cpu@61.718C soc2@60.5C soc0@58.25C gpu@62.687C tj@62.687C soc1@60.156C VDD_IN 12083mW/9964mW VDD_CPU_GPU_CV 4959mW/3747mW VDD_SOC 2408mW/2070mW
07-02-2026 09:43:57 RAM 6927/7607MB (lfb 3x4MB) SWAP 716/3804MB (cached 1MB) CPU [0%@1510,0%@1510,0%@1510,0%@1510,0%@1510,28%@1510] GR3D_FREQ 99% cpu@62.031C soc2@60.656C soc0@58.312C gpu@62.75C tj@62.75C soc1@60.156C VDD_IN 11964mW/10023mW VDD_CPU_GPU_CV 4920mW/3781mW VDD_SOC 2369mW/2079mW
07-02-2026 09:43:58 RAM 6929/7607MB (lfb 2x4MB) SWAP 716/3804MB (cached 1MB) CPU [0%@1510,0%@1510,0%@1510,0%@1510,0%@1510,16%@1510] GR3D_FREQ 86% cpu@61.906C soc2@60.781C soc0@58.531C gpu@62.812C tj@62.812C soc1@60.375C VDD_IN 11964mW/10079mW VDD_CPU_GPU_CV 4998mW/3816mW VDD_SOC 2369mW/2087mW
07-02-2026 09:43:59 RAM 6931/7607MB (lfb 2x4MB) SWAP 716/3804MB (cached 1MB) CPU [0%@1510,0%@1510,0%@1510,0%@1510,0%@1510,26%@1510] GR3D_FREQ 99% cpu@62.218C soc2@60.843C soc0@58.562C gpu@63C tj@63C soc1@60.406C VDD_IN 12122mW/10135mW VDD_CPU_GPU_CV 5038mW/3850mW VDD_SOC 2408mW/2096mW
07-02-2026 09:44:00 RAM 6933/7607MB (lfb 1x4MB) SWAP 715/3804MB (cached 1MB) CPU [0%@1510,0%@1510,0%@1510,0%@1510,0%@1510,23%@1510] GR3D_FREQ 99% cpu@62.031C soc2@60.875C soc0@58.75C gpu@63.156C tj@62.906C soc1@60.562C VDD_IN 12083mW/10188mW VDD_CPU_GPU_CV 4998mW/3881mW VDD_SOC 2408mW/2105mW
07-02-2026 09:44:01 RAM 6935/7607MB (lfb 1x4MB) SWAP 715/3804MB (cached 1MB) CPU [0%@1510,0%@1510,0%@1510,0%@1510,0%@1510,24%@1510] GR3D_FREQ 99% cpu@62.218C soc2@60.937C soc0@58.687C gpu@62.875C tj@62.875C soc1@60.468C VDD_IN 11885mW/10233mW VDD_CPU_GPU_CV 4959mW/3909mW VDD_SOC 2369mW/2112mW
07-02-2026 09:44:02 RAM 6937/7607MB (lfb 1x2MB) SWAP 715/3804MB (cached 1MB) CPU [0%@1510,0%@1510,0%@1510,0%@1510,0%@1510,18%@1510] GR3D_FREQ 99% cpu@62.281C soc2@61.093C soc0@58.75C gpu@63.156C tj@63.156C soc1@60.593C VDD_IN 12122mW/10281mW VDD_CPU_GPU_CV 5116mW/3940mW VDD_SOC 2369mW/2118mW
07-02-2026 09:44:03 RAM 6939/7607MB (lfb 12x1MB) SWAP 715/3804MB (cached 1MB) CPU [0%@1510,0%@1510,0%@1510,0%@1510,0%@1510,28%@1510] GR3D_FREQ 99% cpu@62.343C soc2@61.156C soc0@58.781C gpu@62.968C tj@62.968C soc1@60.625C VDD_IN 12083mW/10326mW VDD_CPU_GPU_CV 4959mW/3966mW VDD_SOC 2408mW/2125mW
07-02-2026 09:44:04 RAM 6941/7607MB (lfb 11x1MB) SWAP 715/3804MB (cached 1MB) CPU [0%@1510,5%@1510,0%@1510,0%@1510,0%@1510,23%@1510] GR3D_FREQ 99% cpu@62.718C soc2@61.25C soc0@58.906C gpu@62.968C tj@62.968C soc1@60.812C VDD_IN 11925mW/10365mW VDD_CPU_GPU_CV 4920mW/3989mW VDD_SOC 2369mW/2131mW
07-02-2026 09:44:05 RAM 6943/7607MB (lfb 9x1MB) SWAP 715/3804MB (cached 1MB) CPU [0%@1510,0%@1510,0%@1510,0%@1510,0%@1510,18%@1510] GR3D_FREQ 99% cpu@62.343C soc2@61.218C soc0@59C gpu@63.343C tj@63.343C soc1@60.906C VDD_IN 12122mW/10407mW VDD_CPU_GPU_CV 5156mW/4017mW VDD_SOC 2369mW/2137mW
07-02-2026 09:44:06 RAM 6945/7607MB (lfb 8x1MB) SWAP 715/3804MB (cached 1MB) CPU [0%@1510,0%@1510,0%@1510,0%@1510,0%@1510,26%@1510] GR3D_FREQ 99% cpu@62.406C soc2@61.312C soc0@59.093C gpu@63.312C tj@63.312C soc1@60.812C VDD_IN 12083mW/10446mW VDD_CPU_GPU_CV 4920mW/4038mW VDD_SOC 2408mW/2143mW
07-02-2026 09:44:07 RAM 6947/7607MB (lfb 7x1MB) SWAP 715/3804MB (cached 1MB) CPU [0%@1510,0%@1510,1%@1510,0%@1510,0%@1510,24%@1510] GR3D_FREQ 99% cpu@62.625C soc2@61.437C soc0@59C gpu@63.343C tj@63.343C soc1@60.906C VDD_IN 11925mW/10480mW VDD_CPU_GPU_CV 4880mW/4057mW VDD_SOC 2369mW/2149mW
07-02-2026 09:44:08 RAM 6949/7607MB (lfb 6x1MB) SWAP 715/3804MB (cached 1MB) CPU [0%@1510,0%@1510,0%@1510,0%@1510,0%@1510,17%@1510] GR3D_FREQ 99% cpu@62.718C soc2@61.468C soc0@59.187C gpu@63.468C tj@63.468C soc1@61.062C VDD_IN 12004mW/10513mW VDD_CPU_GPU_CV 5038mW/4079mW VDD_SOC 2369mW/2153mW
07-02-2026 09:44:09 RAM 6951/7607MB (lfb 5x1MB) SWAP 715/3804MB (cached 1MB) CPU [0%@1510,0%@1510,0%@1510,0%@1510,0%@1510,25%@1510] GR3D_FREQ 99% cpu@62.812C soc2@61.593C soc0@59.218C gpu@63.593C tj@63.593C soc1@61.093C VDD_IN 12083mW/10548mW VDD_CPU_GPU_CV 4998mW/4099mW VDD_SOC 2408mW/2159mW
07-02-2026 09:44:10 RAM 6953/7607MB (lfb 4x1MB) SWAP 715/3804MB (cached 1MB) CPU [0%@1510,0%@1510,0%@1510,0%@1510,0%@1510,28%@1510] GR3D_FREQ 99% cpu@62.718C soc2@61.562C soc0@59.437C gpu@63.718C tj@63.718C soc1@61.156C VDD_IN 12043mW/10579mW VDD_CPU_GPU_CV 4998mW/4118mW VDD_SOC 2369mW/2163mW
07-02-2026 09:44:11 RAM 6961/7607MB (lfb 1x4MB) SWAP 709/3804MB (cached 1MB) CPU [2%@1510,2%@1510,3%@1510,0%@1510,0%@1510,19%@1510] GR3D_FREQ 94% cpu@62.875C soc2@61.718C soc0@59.406C gpu@63.75C tj@63.75C soc1@61.343C VDD_IN 11964mW/10608mW VDD_CPU_GPU_CV 4998mW/4136mW VDD_SOC 2369mW/2168mW
07-02-2026 09:44:12 RAM 6963/7607MB (lfb 3x2MB) SWAP 709/3804MB (cached 1MB) CPU [0%@1510,0%@1510,1%@1510,0%@1510,0%@1510,24%@1510] GR3D_FREQ 99% cpu@62.812C soc2@61.812C soc0@59.593C gpu@64C tj@64C soc1@61.281C VDD_IN 12162mW/10640mW VDD_CPU_GPU_CV 5077mW/4155mW VDD_SOC 2369mW/2172mW
07-02-2026 09:44:13 RAM 5831/7607MB (lfb 5x4MB) SWAP 621/3804MB (cached 1MB) CPU [0%@1510,0%@1510,0%@1510,0%@1510,0%@1510,90%@1510] GR3D_FREQ 0% cpu@62.781C soc2@61.406C soc0@59.406C gpu@62.625C tj@62.781C soc1@61.281C VDD_IN 6813mW/10563mW VDD_CPU_GPU_CV 1779mW/4108mW VDD_SOC 1621mW/2161mW
07-02-2026 09:44:14 RAM 5044/7607MB (lfb 7x4MB) SWAP 516/3804MB (cached 1MB) CPU [47%@1510,2%@1510,9%@1510,17%@1510,0%@1510,9%@1510] GR3D_FREQ 0% cpu@62.843C soc2@61.343C soc0@59.187C gpu@62.531C tj@62.843C soc1@61.281C VDD_IN 6100mW/10476mW VDD_CPU_GPU_CV 1423mW/4055mW VDD_SOC 1502mW/2148mW
