07-02-2026 09:39:41 RAM 1018/7607MB (lfb 5x4MB) SWAP 256/3804MB (cached 1MB) CPU [21%@1510,19%@1510,17%@1510,98%@1510,36%@1510,15%@1510] GR3D_FREQ 0% cpu@57.812C soc2@56.062C soc0@54.25C gpu@57.156C tj@57.812C soc1@56.437C VDD_IN 6298mW/6298mW VDD_CPU_GPU_CV 1661mW/1661mW VDD_SOC 1465mW/1465mW
07-02-2026 09:39:42 RAM 1052/7607MB (lfb 5x4MB) SWAP 256/3804MB (cached 1MB) CPU [0%@1510,0%@1510,0%@1510,100%@1510,0%@1510,0%@1510] GR3D_FREQ 0% cpu@57.625C soc2@56.062C soc0@54.281C gpu@57.218C tj@57.625C soc1@56.5C VDD_IN 6100mW/6199mW VDD_CPU_GPU_CV 1502mW/1582mW VDD_SOC 1465mW/1465mW
07-02-2026 09:39:43 RAM 1076/7607MB (lfb 5x4MB) SWAP 256/3804MB (cached 1MB) CPU [19%@1510,0%@1510,0%@1510,77%@1510,0%@1510,0%@1510] GR3D_FREQ 0% cpu@57.593C soc2@56.125C soc0@54.343C gpu@57.218C tj@57.593C soc1@56.562C VDD_IN 6100mW/6166mW VDD_CPU_GPU_CV 1423mW/1529mW VDD_SOC 1505mW/1478mW
07-02-2026 09:40:34 RAM 1031/7607MB (lfb 6x4MB) SWAP 256/3804MB (cached 1MB) CPU [22%@1510,18%@1510,35%@1510,19%@1510,22%@1510,100%@1510] GR3D_FREQ 0% cpu@57.937C soc2@56.125C soc0@54.437C gpu@57.406C tj@57.937C soc1@56.531C VDD_IN 6378mW/6378mW VDD_CPU_GPU_CV 1700mW/1700mW VDD_SOC 1465mW/1465mW
07-02-2026 09:40:35 RAM 1065/7607MB (lfb 6x4MB) SWAP 256/3804MB (cached 1MB) CPU [0%@1510,0%@1510,0%@1510,0%@1510,0%@1510,100%@1510] GR3D_FREQ 0% cpu@58C soc2@56.187C soc0@54.406C gpu@57.375C tj@58C soc1@56.593C VDD_IN 6140mW/6259mW VDD_CPU_GPU_CV 1542mW/1621mW VDD_SOC 1465mW/1465mW
07-02-2026 09:40:36 RAM 1090/7607MB (lfb 4x4MB) SWAP 256/3804MB (cached 1MB) CPU [0%@1510,0%@1510,0%@1510,0%@1510,0%@1510,100%@1510] GR3D_FREQ 0% cpu@57.906C soc2@56.187C soc0@54.468C gpu@57.593C tj@57.906C soc1@56.593C VDD_IN 6100mW/6206mW VDD_CPU_GPU_CV 1502mW/1581mW VDD_SOC 1465mW/1465mW
07-02-2026 09:40:37 RAM 1096/7607MB (lfb 2x4MB) SWAP 256/3804MB (cached 1MB) CPU [0%@1510,1%@1510,0%@1510,0%@1510,0%@1510,68%@1510] GR3D_FREQ 0% cpu@57.687C soc2@56.156C soc0@54.531C gpu@57.656C tj@57.687C soc1@56.687C VDD_IN 5665mW/6071mW VDD_CPU_GPU_CV 1265mW/1502mW VDD_SOC 1426mW/1455mW
07-02-2026 09:40:38 RAM 1103/7607MB (lfb 431x1MB) SWAP 256/3804MB (cached 1MB) CPU [2%@1510,2%@1510,10%@1510,0%@1510,0%@1510,0%@1510] GR3D_FREQ 0% cpu@57.562C soc2@56.093C soc0@54.593C gpu@57.656C tj@57.656C soc1@56.625C VDD_IN 5348mW/5926mW VDD_CPU_GPU_CV 1028mW/1407mW VDD_SOC 1423mW/1449mW
07-02-2026 09:40:39 RAM 1126/7607MB (lfb 1x4MB) SWAP 256/3804MB (cached 1MB) CPU [9%@1510,2%@1510,2%@1510,2%@1510,0%@1510,0%@1510] GR3D_FREQ 0% cpu@57.718C soc2@56.25C soc0@54.468C gpu@57.656C tj@57.718C soc1@56.687C VDD_IN 5467mW/5850mW VDD_CPU_GPU_CV 1107mW/1357mW VDD_SOC 1426mW/1445mW
07-02-2026 09:40:40 RAM 1156/7607MB (lfb 426x1MB) SWAP 256/3804MB (cached 1MB) CPU [35%@1510,17%@1510,13%@1510,9%@1510,1%@1510,0%@1510] GR3D_FREQ 0% cpu@57.906C soc2@56.25C soc0@54.468C gpu@57.718C tj@57.906C soc1@56.656C VDD_IN 5744mW/5835mW VDD_CPU_GPU_CV 1305mW/1350mW VDD_SOC 1465mW/1448mW
07-02-2026 09:40:41 RAM 1210/7607MB (lfb 415x1MB) SWAP 256/3804MB (cached 1MB) CPU [42%@1510,10%@1510,12%@1510,9%@1510,2%@1510,2%@1510] GR3D_FREQ 0% cpu@57.781C soc2@56.25C soc0@54.5C gpu@57.687C tj@57.781C soc1@56.718C VDD_IN 5863mW/5838mW VDD_CPU_GPU_CV 1384mW/1354mW VDD_SOC 1465mW/1450mW
07-02-2026 09:40:42 RAM 1178/7607MB (lfb 405x1MB) SWAP 256/3804MB (cached 1MB) CPU [15%@1510,5%@1510,11%@1510,4%@1510,0%@1510,0%@1510] GR3D_FREQ 0% cpu@57.687C soc2@56.156C soc0@54.531C gpu@57.781C tj@57.781C soc1@56.718C VDD_IN 5506mW/5801mW VDD_CPU_GPU_CV 1147mW/1331mW VDD_SOC 1426mW/1447mW
07-02-2026 09:40:43 RAM 1081/7607MB (lfb 7x2MB) SWAP 256/3804MB (cached 1MB) CPU [10%@1510,3%@1510,17%@1510,23%@1510,5%@1510,2%@1510] GR3D_FREQ 0% cpu@57.843C soc2@56.156C soc0@54.593C gpu@57.75C tj@57.843C soc1@56.875C VDD_IN 5942mW/5815mW VDD_CPU_GPU_CV 1423mW/1340mW VDD_SOC 1465mW/1449mW
07-02-2026 09:40:44 RAM 1576/7607MB (lfb 336x1MB) SWAP 256/3804MB (cached 1MB) CPU [54%@1510,17%@1510,18%@1510,20%@1510,2%@1510,1%@1510] GR3D_FREQ 0% cpu@58C soc2@56.25C soc0@54.562C gpu@57.531C tj@58C soc1@56.562C VDD_IN 6417mW/5870mW VDD_CPU_GPU_CV 1621mW/1366mW VDD_SOC 1545mW/1458mW
07-02-2026 09:40:45 RAM 2928/7607MB (lfb 105x1MB) SWAP 256/3804MB (cached 1MB) CPU [22%@1510,26%@1510,69%@1510,40%@1510,23%@1510,21%@1510] GR3D_FREQ 0% cpu@58.062C soc2@56.312C soc0@54.5C gpu@57.625C tj@58.062C soc1@56.687C VDD_IN 6615mW/5932mW VDD_CPU_GPU_CV 1700mW/1394mW VDD_SOC 1584mW/1468mW
07-02-2026 09:40:46 RAM 2927/7607MB (lfb 105x1MB) SWAP 256/3804MB (cached 1MB) CPU [32%@1510,9%@1510,67%@1510,11%@1510,9%@1510,6%@1510] GR3D_FREQ 0% cpu@57.937C soc2@56.375C soc0@54.562C gpu@57.625C tj@57.937C soc1@56.75C VDD_IN 6417mW/5969mW VDD_CPU_GPU_CV 1542mW/1405mW VDD_SOC 1545mW/1474mW
07-02-2026 09:40:47 RAM 2930/7607MB (lfb 105x1MB) SWAP 256/3804MB (cached 1MB) CPU [93%@1510,9%@1510,9%@1510,10%@1510,5%@1510,5%@1510] GR3D_FREQ 0% cpu@57.968C soc2@56.468C soc0@54.562C gpu@57.625C tj@57.968C soc1@56.812C VDD_IN 6378mW/5999mW VDD_CPU_GPU_CV 1542mW/1415mW VDD_SOC 1545mW/1479mW
07-02-2026 09:40:48 RAM 2933/7607MB (lfb 105x1MB) SWAP 256/3804MB (cached 1MB) CPU [93%@1510,10%@1510,9%@1510,10%@1510,6%@1510,6%@1510] GR3D_FREQ 0% cpu@58.031C soc2@56.531C soc0@54.718C gpu@57.625C tj@58.031C soc1@56.781C VDD_IN 6417mW/6026mW VDD_CPU_GPU_CV 1542mW/1423mW VDD_SOC 1545mW/1484mW
07-02-2026 09:40:49 RAM 2958/7607MB (lfb 105x1MB) SWAP 256/3804MB (cached 1MB) CPU [18%@1510,84%@1510,18%@1510,7%@1510,18%@1510,17%@1510] GR3D_FREQ 17% cpu@58.25C soc2@56.531C soc0@54.593C gpu@57.562C tj@58.25C soc1@56.812C VDD_IN 6932mW/6083mW VDD_CPU_GPU_CV 1700mW/1441mW VDD_SOC 1663mW/1495mW
07-02-2026 09:40:50 RAM 3610/7607MB (lfb 2x4MB) SWAP 256/3804MB (cached 1MB) CPU [14%@1510,40%@1510,0%@1510,19%@1510,19%@1510,0%@1510] GR3D_FREQ 99% cpu@58.343C soc2@56.687C soc0@54.75C gpu@58.5C tj@58.5C soc1@56.937C VDD_IN 8240mW/6210mW VDD_CPU_GPU_CV 2606mW/1509mW VDD_SOC 1858mW/1516mW
07-02-2026 09:40:51 RAM 3683/7607MB (lfb 3x2MB) SWAP 256/3804MB (cached 1MB) CPU [0%@1510,2%@1510,0%@1510,2%@1510,31%@1510,0%@1510] GR3D_FREQ 99% cpu@58.375C soc2@57.031C soc0@54.937C gpu@59.093C tj@59.093C soc1@56.968C VDD_IN 11667mW/6513mW VDD_CPU_GPU_CV 4612mW/1682mW VDD_SOC 2369mW/1564mW
07-02-2026 09:40:52 RAM 3688/7607MB (lfb 4x2MB) SWAP 256/3804MB (cached 1MB) CPU [0%@1510,0%@1510,0%@1510,0%@1510,24%@1510,0%@1510] GR3D_FREQ 99% cpu@58.5C soc2@57.156C soc0@55.156C gpu@59.406C tj@59.406C soc1@57.062C VDD_IN 11905mW/6797mW VDD_CPU_GPU_CV 4849mW/1848mW VDD_SOC 2369mW/1606mW
07-02-2026 09:40:53 RAM 3690/7607MB (lfb 4x2MB) SWAP 256/3804MB (cached 1MB) CPU [0%@1510,0%@1510,0%@1510,0%@1510,22%@1510,0%@1510] GR3D_FREQ 84% cpu@58.75C soc2@57.343C soc0@55.25C gpu@59.343C tj@59.343C soc1@57.406C VDD_IN 11865mW/7050mW VDD_CPU_GPU_CV 4928mW/2002mW VDD_SOC 2329mW/1642mW
07-02-2026 09:40:54 RAM 3691/7607MB (lfb 4x2MB) SWAP 256/3804MB (cached 1MB) CPU [0%@1510,0%@1510,0%@1510,0%@1510,19%@1510,0%@1510] GR3D_FREQ 99% cpu@58.75C soc2@57.5C soc0@55.468C gpu@59.875C tj@59.875C soc1@57.343C VDD_IN 12023mW/7287mW VDD_CPU_GPU_CV 5038mW/2147mW VDD_SOC 2369mW/1677mW
07-02-2026 09:40:55 RAM 3693/7607MB (lfb 4x2MB) SWAP 256/3804MB (cached 1MB) CPU [0%@1510,0%@1510,0%@1510,0%@1510,27%@1510,0%@1510] GR3D_FREQ 99% cpu@59.062C soc2@57.687C soc0@55.531C gpu@59.937C tj@59.937C soc1@57.468C VDD_IN 12004mW/7502mW VDD_CPU_GPU_CV 4959mW/2275mW VDD_SOC 2369mW/1708mW
07-02-2026 09:40:56 RAM 3696/7607MB (lfb 4x2MB) SWAP 256/3804MB (cached 1MB) CPU [0%@1510,0%@1510,0%@1510,0%@1510,23%@1510,0%@1510] GR3D_FREQ 99% cpu@59.125C soc2@57.75C soc0@55.593C gpu@59.843C tj@59.843C soc1@57.531C VDD_IN 11826mW/7690mW VDD_CPU_GPU_CV 4888mW/2388mW VDD_SOC 2329mW/1735mW
07-02-2026 09:40:57 RAM 3698/7607MB (lfb 4x2MB) SWAP 256/3804MB (cached 1MB) CPU [0%@1510,0%@1510,0%@1510,0%@1510,20%@1510,0%@1510] GR3D_FREQ 99% cpu@59.25C soc2@57.937C soc0@55.781C gpu@60.25C tj@60.25C soc1@57.718C VDD_IN 12043mW/7871mW VDD_CPU_GPU_CV 5077mW/2500mW VDD_SOC 2329mW/1760mW
07-02-2026 09:40:58 RAM 3700/7607MB (lfb 4x2MB) SWAP 256/3804MB (cached 1MB) CPU [0%@1510,0%@1510,0%@1510,0%@1510,25%@1510,0%@1510] GR3D_FREQ 99% cpu@59.25C soc2@58C soc0@55.937C gpu@60.062C tj@60.062C soc1@57.843C VDD_IN 12023mW/8037mW VDD_CPU_GPU_CV 4880mW/2595mW VDD_SOC 2408mW/1786mW
07-02-2026 09:40:59 RAM 3702/7607MB (lfb 4x2MB) SWAP 256/3804MB (cached 1MB) CPU [0%@1510,0%@1510,0%@1510,0%@1510,24%@1510,0%@1510] GR3D_FREQ 99% cpu@59.5C soc2@58.062C soc0@56.031C gpu@60.281C tj@60.437C soc1@58C VDD_IN 11865mW/8184mW VDD_CPU_GPU_CV 4849mW/2682mW VDD_SOC 2369mW/1808mW
07-02-2026 09:41:00 RAM 3704/7607MB (lfb 4x2MB) SWAP 256/3804MB (cached 1MB) CPU [0%@1510,0%@1510,0%@1510,0%@1510,0%@1510,19%@1510] GR3D_FREQ 98% cpu@59.531C soc2@58.25C soc0@56.031C gpu@60.625C tj@60.625C soc1@57.937C VDD_IN 11984mW/8325mW VDD_CPU_GPU_CV 5038mW/2769mW VDD_SOC 2329mW/1828mW
07-02-2026 09:41:01 RAM 3706/7607MB (lfb 4x2MB) SWAP 256/3804MB (cached 1MB) CPU [0%@1510,0%@1510,0%@1510,0%@1510,0%@1510,24%@1510] GR3D_FREQ 99% cpu@59.718C soc2@58.375C soc0@56.125C gpu@60.875C tj@60.875C soc1@58.062C VDD_IN 12023mW/8457mW VDD_CPU_GPU_CV 4920mW/2846mW VDD_SOC 2408mW/1848mW
07-02-2026 09:41:02 RAM 3708/7607MB (lfb 4x2MB) SWAP 256/3804MB (cached 1MB) CPU [0%@1510,0%@1510,0%@1510,0%@1510,0%@1510,28%@1510] GR3D_FREQ 99% cpu@59.906C soc2@58.437C soc0@56.343C gpu@60.968C tj@60.968C soc1@58.25C VDD_IN 11944mW/8577mW VDD_CPU_GPU_CV 4920mW/2918mW VDD_SOC 2369mW/1866mW
07-02-2026 09:41:03 RAM 3710/7607MB (lfb 4x2MB) SWAP 256/3804MB (cached 1MB) CPU [0%@1510,0%@1510,0%@1510,0%@1510,0%@1510,17%@1510] GR3D_FREQ 98% cpu@59.906C soc2@58.531C soc0@56.5C gpu@60.937C tj@60.937C soc1@58.218C VDD_IN 11905mW/8688mW VDD_CPU_GPU_CV 4967mW/2986mW VDD_SOC 2329mW/1882mW
07-02-2026 09:41:04 RAM 3712/7607MB (lfb 4x2MB) SWAP 256/3804MB (cached 1MB) CPU [0%@1510,0%@1510,0%@1510,0%@1510,0%@1510,25%@1510] GR3D_FREQ 99% cpu@59.968C soc2@58.625C soc0@56.593C gpu@61.187C tj@61.187C soc1@58.468C VDD_IN 12043mW/8796mW VDD_CPU_GPU_CV 4998mW/3051mW VDD_SOC 2369mW/1897mW
07-02-2026 09:41:05 RAM 3714/7607MB (lfb 4x2MB) SWAP 256/3804MB (cached 1MB) CPU [0%@1510,0%@1510,0%@1510,0%@1510,0%@1510,23%@1510] GR3D_FREQ 99% cpu@60C soc2@58.75C soc0@56.625C gpu@61.343C tj@61.343C soc1@58.437C VDD_IN 12004mW/8897mW VDD_CPU_GPU_CV 4998mW/3112mW VDD_SOC 2369mW/1912mW
07-02-2026 09:41:06 RAM 3718/7607MB (lfb 4x2MB) SWAP 256/3804MB (cached 1MB) CPU [0%@1510,0%@1510,0%@1510,0%@1510,0%@1510,25%@1510] GR3D_FREQ 99% cpu@60.25C soc2@58.843C soc0@56.656C gpu@61.312C tj@61.312C soc1@58.593C VDD_IN 11905mW/8988mW VDD_CPU_GPU_CV 4920mW/3167mW VDD_SOC 2369mW/1926mW
07-02-2026 09:41:07 RAM 3718/7607MB (lfb 4x2MB) SWAP 256/3804MB (cached 1MB) CPU [0%@1510,0%@1510,0%@1510,0%@1510,8%@1510,10%@1510] GR3D_FREQ 99% cpu@60.375C soc2@58.968C soc0@56.875C gpu@61.25C tj@61.25C soc1@58.75C VDD_IN 12043mW/9078mW VDD_CPU_GPU_CV 5038mW/3222mW VDD_SOC 2369mW/1939mW
07-02-2026 09:41:08 RAM 3720/7607MB (lfb 4x2MB) SWAP 256/3804MB (cached 1MB) CPU [0%@1510,0%@1510,0%@1510,0%@1510,27%@1510,0%@1510] GR3D_FREQ 99% cpu@60.562C soc2@59.156C soc0@56.937C gpu@61.031C tj@61.031C soc1@58.843C VDD_IN 12043mW/9162mW VDD_CPU_GPU_CV 4880mW/3269mW VDD_SOC 2408mW/1952mW
07-02-2026 09:41:09 RAM 3724/7607MB (lfb 4x2MB) SWAP 256/3804MB (cached 1MB) CPU [0%@1510,0%@1510,0%@1510,0%@1510,24%@1510,0%@1510] GR3D_FREQ 99% cpu@60.5C soc2@59.125C soc0@57C gpu@61.218C tj@61.218C soc1@58.875C VDD_IN 11905mW/9239mW VDD_CPU_GPU_CV 4880mW/3314mW VDD_SOC 2369mW/1964mW
07-02-2026 09:41:10 RAM 3724/7607MB (lfb 4x2MB) SWAP 256/3804MB (cached 1MB) CPU [0%@1510,0%@1510,1%@1510,0%@1510,18%@1510,0%@1510] GR3D_FREQ 99% cpu@60.437C soc2@59.25C soc0@57.156C gpu@61.437C tj@61.531C soc1@59C VDD_IN 12043mW/9314mW VDD_CPU_GPU_CV 5077mW/3361mW VDD_SOC 2369mW/1975mW
07-02-2026 09:41:11 RAM 3726/7607MB (lfb 4x2MB) SWAP 256/3804MB (cached 1MB) CPU [0%@1510,0%@1510,0%@1510,0%@1510,25%@1510,0%@1510] GR3D_FREQ 99% cpu@60.656C soc2@59.468C soc0@57.218C gpu@61.656C tj@61.656C soc1@59.031C VDD_IN 12043mW/9386mW VDD_CPU_GPU_CV 4959mW/3403mW VDD_SOC 2408mW/1986mW
07-02-2026 09:41:12 RAM 3730/7607MB (lfb 4x2MB) SWAP 256/3804MB (cached 1MB) CPU [0%@1510,0%@1510,0%@1510,0%@1510,25%@1510,0%@1510] GR3D_FREQ 99% cpu@60.937C soc2@59.5C soc0@57.281C gpu@61.718C tj@61.718C soc1@59.093C VDD_IN 11905mW/9451mW VDD_CPU_GPU_CV 4880mW/3441mW VDD_SOC 2369mW/1996mW
07-02-2026 09:41:13 RAM 3730/7607MB (lfb 1x4MB) SWAP 256/3804MB (cached 1MB) CPU [21%@1510,11%@1510,7%@1510,12%@1510,13%@1510,5%@1510] GR3D_FREQ 98% cpu@60.843C soc2@59.656C soc0@57.375C gpu@61.75C tj@61.75C soc1@59.218C VDD_IN 12162mW/9519mW VDD_CPU_GPU_CV 5156mW/3484mW VDD_SOC 2369mW/2005mW
07-02-2026 09:41:14 RAM 3733/7607MB (lfb 1x4MB) SWAP 256/3804MB (cached 1MB) CPU [9%@1510,0%@1510,0%@1510,14%@1510,0%@1510,0%@1510] GR3D_FREQ 99% cpu@61.093C soc2@59.625C soc0@57.437C gpu@62.062C tj@62.062C soc1@59.375C VDD_IN 12083mW/9581mW VDD_CPU_GPU_CV 4998mW/3521mW VDD_SOC 2369mW/2014mW
07-02-2026 09:41:15 RAM 3737/7607MB (lfb 3x2MB) SWAP 256/3804MB (cached 1MB) CPU [0%@1510,0%@1510,0%@1510,27%@1510,0%@1510,0%@1510] GR3D_FREQ 99% cpu@61.062C soc2@59.906C soc0@57.656C gpu@62.093C tj@62.093C soc1@59.562C VDD_IN 12004mW/9639mW VDD_CPU_GPU_CV 4998mW/3556mW VDD_SOC 2369mW/2023mW
07-02-2026 09:41:16 RAM 3739/7607MB (lfb 3x2MB) SWAP 256/3804MB (cached 1MB) CPU [0%@1510,0%@1510,0%@1510,20%@1510,0%@1510,0%@1510] GR3D_FREQ 99% cpu@61.062C soc2@59.875C soc0@57.843C gpu@61.937C tj@61.937C soc1@59.437C VDD_IN 11925mW/9692mW VDD_CPU_GPU_CV 4920mW/3588mW VDD_SOC 2369mW/2031mW
07-02-2026 09:41:17 RAM 3739/7607MB (lfb 3x2MB) SWAP 256/3804MB (cached 1MB) CPU [0%@1510,0%@1510,0%@1510,23%@1510,0%@1510,0%@1510] GR3D_FREQ 99% cpu@61.281C soc2@59.937C soc0@57.656C gpu@62.375C tj@62.375C soc1@59.593C VDD_IN 12083mW/9746mW VDD_CPU_GPU_CV 5077mW/3622mW VDD_SOC 2369mW/2039mW
07-02-2026 09:41:18 RAM 3743/7607MB (lfb 2x2MB) SWAP 256/3804MB (cached 1MB) CPU [0%@1510,0%@1510,0%@1510,22%@1510,0%@1510,0%@1510] GR3D_FREQ 99% cpu@61.375C soc2@60C soc0@57.937C gpu@62.343C tj@62.343C soc1@59.718C VDD_IN 12043mW/9797mW VDD_CPU_GPU_CV 4959mW/3652mW VDD_SOC 2408mW/2047mW
07-02-2026 09:41:19 RAM 3745/7607MB (lfb 2x2MB) SWAP 256/3804MB (cached 1MB) CPU [0%@1510,0%@1510,0%@1510,27%@1510,0%@1510,0%@1510] GR3D_FREQ 99% cpu@61.656C soc2@60.218C soc0@57.937C gpu@62.125C tj@62.125C soc1@59.781C VDD_IN 11905mW/9843mW VDD_CPU_GPU_CV 4880mW/3678mW VDD_SOC 2369mW/2054mW
07-02-2026 09:41:20 RAM 3745/7607MB (lfb 2x2MB) SWAP 256/3804MB (cached 1MB) CPU [0%@1510,0%@1510,0%@1510,15%@1510,0%@1510,0%@1510] GR3D_FREQ 99% cpu@61.375C soc2@60.187C soc0@58C gpu@62.437C tj@62.437C soc1@59.937C VDD_IN 12083mW/9891mW VDD_CPU_GPU_CV 5116mW/3709mW VDD_SOC 2369mW/2060mW
07-02-2026 09:41:21 RAM 3749/7607MB (lfb 2x2MB) SWAP 256/3804MB (cached 1MB) CPU [0%@1510,0%@1510,0%@1510,27%@1510,0%@1510,0%@1510] GR3D_FREQ 99% cpu@61.468C soc2@60.343C soc0@58.218C gpu@62.25C tj@62.25C soc1@59.812C VDD_IN 12043mW/9936mW VDD_CPU_GPU_CV 4880mW/3733mW VDD_SOC 2408mW/2068mW
07-02-2026 09:41:22 RAM 3751/7607MB (lfb 2x2MB) SWAP 256/3804MB (cached 1MB) CPU [0%@1510,0%@1510,0%@1510,25%@1510,0%@1510,0%@1510] GR3D_FREQ 99% cpu@61.781C soc2@60.437C soc0@58.093C gpu@62.406C tj@62.406C soc1@59.875C VDD_IN 11905mW/9976mW VDD_CPU_GPU_CV 4880mW/3757mW VDD_SOC 2369mW/2074mW
07-02-2026 09:41:23 RAM 3751/7607MB (lfb 2x2MB) SWAP 256/3804MB (cached 1MB) CPU [0%@1510,1%@1510,0%@1510,17%@1510,0%@1510,0%@1510] GR3D_FREQ 98% cpu@61.625C soc2@60.5C soc0@58.187C gpu@62.593C tj@62.593C soc1@60.031C VDD_IN 12043mW/10017mW VDD_CPU_GPU_CV 5038mW/3782mW VDD_SOC 2369mW/2080mW
07-02-2026 09:41:24 RAM 3755/7607MB (lfb 2x2MB) SWAP 256/3804MB (cached 1MB) CPU [9%@1510,0%@1510,0%@1510,16%@1510,0%@1510,0%@1510] GR3D_FREQ 99% cpu@61.843C soc2@60.656C soc0@58.406C gpu@62.656C tj@62.656C soc1@60.062C VDD_IN 12083mW/10058mW VDD_CPU_GPU_CV 4959mW/3805mW VDD_SOC 2408mW/2086mW
07-02-2026 09:41:25 RAM 3757/7607MB (lfb 2x2MB) SWAP 256/3804MB (cached 1MB) CPU [25%@1510,0%@1510,0%@1510,0%@1510,0%@1510,0%@1510] GR3D_FREQ 99% cpu@61.781C soc2@60.656C soc0@58.437C gpu@62.687C tj@62.687C soc1@60.312C VDD_IN 11964mW/10094mW VDD_CPU_GPU_CV 4920mW/3827mW VDD_SOC 2369mW/2092mW
07-02-2026 09:41:26 RAM 3757/7607MB (lfb 2x2MB) SWAP 256/3804MB (cached 1MB) CPU [20%@1510,0%@1510,0%@1510,0%@1510,0%@1510,0%@1510] GR3D_FREQ 86% cpu@61.843C soc2@60.718C soc0@58.531C gpu@62.718C tj@62.718C soc1@60.281C VDD_IN 11925mW/10129mW VDD_CPU_GPU_CV 4998mW/3849mW VDD_SOC 2329mW/2096mW
07-02-2026 09:41:27 RAM 2557/7607MB (lfb 1x4MB) SWAP 256/3804MB (cached 1MB) CPU [57%@1510,0%@1510,0%@1510,15%@1510,0%@1510,0%@1510] GR3D_FREQ 0% cpu@61.968C soc2@60.437C soc0@58.437C gpu@61.687C tj@61.968C soc1@60.312C VDD_IN 7396mW/10078mW VDD_CPU_GPU_CV 2132mW/3817mW VDD_SOC 1700mW/2089mW
