[clip00 COLD lag0 j12] t_handoff=5.9831 steps=102/100 iou=0.881 on_target=1.0 stages={'ssh_spawn': 0.3133, 'import': 2.8446, 'weights': 1.8, 'warmup_init': 0.6711, 'drain': 0.3539}
[clip00 COLD lag4.85 j12] t_handoff=6.9376 steps=105/100 iou=0.8624 on_target=1.0 stages={'ssh_spawn': 0.3135, 'import': 3.2409, 'weights': 2.0, 'warmup_init': 0.7134, 'drain': 0.6697}
[clip01 COLD lag0 j12] t_handoff=6.1479 steps=103/0 iou=None on_target=None stages={'ssh_spawn': 0.3217, 'import': 2.9034, 'weights': 1.8, 'warmup_init': 0.6698, 'drain': 0.4528}
[clip01 COLD lag4.85 j12] t_handoff=6.5304 steps=105/0 iou=None on_target=None stages={'ssh_spawn': 0.3341, 'import': 3.061, 'weights': 1.8, 'warmup_init': 0.6649, 'drain': 0.6703}
[clip02 COLD lag0 j12] t_handoff=6.1574 steps=102/100 iou=0.0 on_target=0.0 stages={'ssh_spawn': 0.3071, 'import': 2.9233, 'weights': 1.9, 'warmup_init': 0.6721, 'drain': 0.3548}
[clip02 COLD lag4.85 j12] t_handoff=6.192 steps=105/100 iou=0.0 on_target=0.0 stages={'ssh_spawn': 0.2858, 'import': 2.7829, 'weights': 1.8, 'warmup_init': 0.6623, 'drain': 0.661}
[clip03 COLD lag0 j12] t_handoff=6.5017 steps=102/100 iou=0.0 on_target=0.0 stages={'ssh_spawn': 0.3043, 'import': 3.232, 'weights': 1.9, 'warmup_init': 0.7115, 'drain': 0.3538}
[clip03 COLD lag4.85 j12] t_handoff=6.5023 steps=104/100 iou=0.0 on_target=0.0 stages={'ssh_spawn': 0.3123, 'import': 3.0272, 'weights': 1.9, 'warmup_init': 0.7059, 'drain': 0.5568}
[clip04 COLD lag0 j12] t_handoff=5.9287 steps=102/100 iou=0.3045 on_target=0.53 stages={'ssh_spawn': 0.2799, 'import': 2.825, 'weights': 1.8, 'warmup_init': 0.6693, 'drain': 0.3544}
[clip04 COLD lag4.85 j12] t_handoff=6.3848 steps=105/78 iou=0.0 on_target=0.3462 stages={'ssh_spawn': 0.3204, 'import': 2.9407, 'weights': 1.8, 'warmup_init': 0.6648, 'drain': 0.6588}
[clip05 COLD lag0 j12] t_handoff=5.9862 steps=103/100 iou=0.6587 on_target=0.64 stages={'ssh_spawn': 0.2863, 'import': 2.7766, 'weights': 1.8, 'warmup_init': 0.6656, 'drain': 0.4574}
[clip05 COLD lag4.85 j12] t_handoff=6.3106 steps=104/100 iou=0.121 on_target=0.44 stages={'ssh_spawn': 0.3239, 'import': 2.9382, 'weights': 1.8, 'warmup_init': 0.6905, 'drain': 0.558}
[clip06 COLD lag0 j12] t_handoff=6.1566 steps=103/100 iou=0.0 on_target=0.0 stages={'ssh_spawn': 0.2954, 'import': 2.8378, 'weights': 1.9, 'warmup_init': 0.6666, 'drain': 0.4567}
[clip06 COLD lag4.85 j12] t_handoff=6.5126 steps=105/100 iou=0.0 on_target=0.01 stages={'ssh_spawn': 0.2992, 'import': 2.9787, 'weights': 1.9, 'warmup_init': 0.671, 'drain': 0.6635}
[clip07 COLD lag0 j12] t_handoff=5.984 steps=103/100 iou=0.5625 on_target=1.0 stages={'ssh_spawn': 0.2838, 'import': 2.7864, 'weights': 1.8, 'warmup_init': 0.6601, 'drain': 0.4536}
[clip07 COLD lag4.85 j12] t_handoff=6.7112 steps=106/100 iou=0.0 on_target=0.0 stages={'ssh_spawn': 0.3159, 'import': 3.0343, 'weights': 1.9, 'warmup_init': 0.6893, 'drain': 0.7716}
[clip08 COLD lag0 j12] t_handoff=6.2001 steps=102/100 iou=0.0 on_target=0.0 stages={'ssh_spawn': 0.301, 'import': 2.9699, 'weights': 1.9, 'warmup_init': 0.6729, 'drain': 0.3562}
[clip08 COLD lag4.85 j12] t_handoff=6.5896 steps=105/100 iou=0.0 on_target=0.0 stages={'ssh_spawn': 0.3145, 'import': 3.0386, 'weights': 1.9, 'warmup_init': 0.6748, 'drain': 0.6616}
[clip09 COLD lag0 j12] t_handoff=5.9155 steps=102/100 iou=0.0 on_target=0.0 stages={'ssh_spawn': 0.2872, 'import': 2.8008, 'weights': 1.8, 'warmup_init': 0.6662, 'drain': 0.361}
[clip09 COLD lag4.85 j12] t_handoff=6.1704 steps=104/100 iou=0.0 on_target=0.0 stages={'ssh_spawn': 0.2888, 'import': 2.8564, 'weights': 1.8, 'warmup_init': 0.6662, 'drain': 0.5589}
[clip10 COLD lag0 j12] t_handoff=5.9407 steps=102/59 iou=0.0 on_target=0.0 stages={'ssh_spawn': 0.2823, 'import': 2.8448, 'weights': 1.8, 'warmup_init': 0.6615, 'drain': 0.352}
[clip10 COLD lag4.85 j12] t_handoff=6.1226 steps=104/34 iou=0.0 on_target=0.0 stages={'ssh_spawn': 0.2967, 'import': 2.8031, 'weights': 1.8, 'warmup_init': 0.6594, 'drain': 0.5632}
[clip11 COLD lag0 j12] t_handoff=5.9112 steps=102/90 iou=0.7664 on_target=0.9778 stages={'ssh_spawn': 0.2827, 'import': 2.8086, 'weights': 1.8, 'warmup_init': 0.6638, 'drain': 0.356}
[clip11 COLD lag4.85 j12] t_handoff=6.1856 steps=105/65 iou=0.7549 on_target=0.9692 stages={'ssh_spawn': 0.2859, 'import': 2.7721, 'weights': 1.8, 'warmup_init': 0.6664, 'drain': 0.6611}
[clip12 COLD lag0 j12] t_handoff=6.394 steps=102/100 iou=0.0 on_target=0.0 stages={'ssh_spawn': 0.3041, 'import': 3.2329, 'weights': 1.8, 'warmup_init': 0.704, 'drain': 0.3529}
[clip12 COLD lag4.85 j12] t_handoff=6.1717 steps=105/100 iou=0.0 on_target=0.0 stages={'ssh_spawn': 0.2858, 'import': 2.8616, 'weights': 1.7, 'warmup_init': 0.6663, 'drain': 0.6579}
[clip13 COLD lag0 j12] t_handoff=5.9061 steps=102/100 iou=0.5688 on_target=0.72 stages={'ssh_spawn': 0.2807, 'import': 2.7928, 'weights': 1.8, 'warmup_init': 0.6712, 'drain': 0.3612}
[clip13 COLD lag4.85 j12] t_handoff=6.1813 steps=105/100 iou=0.0 on_target=0.0 stages={'ssh_spawn': 0.2876, 'import': 2.8593, 'weights': 1.7, 'warmup_init': 0.6697, 'drain': 0.6646}
[clip14 COLD lag0 j12] t_handoff=6.331 steps=103/100 iou=0.0 on_target=0.0 stages={'ssh_spawn': 0.3134, 'import': 2.928, 'weights': 1.9, 'warmup_init': 0.7103, 'drain': 0.4791}
[clip14 COLD lag4.85 j12] t_handoff=6.3957 steps=104/100 iou=0.0 on_target=0.0 stages={'ssh_spawn': 0.3074, 'import': 2.9583, 'weights': 1.9, 'warmup_init': 0.6694, 'drain': 0.5606}
[clip15 COLD lag0 j12] t_handoff=6.1777 steps=102/100 iou=0.7001 on_target=1.0 stages={'ssh_spawn': 0.3173, 'import': 2.918, 'weights': 1.9, 'warmup_init': 0.6858, 'drain': 0.3565}
[clip15 COLD lag4.85 j12] t_handoff=6.187 steps=104/100 iou=0.667 on_target=1.0 stages={'ssh_spawn': 0.292, 'import': 2.8682, 'weights': 1.8, 'warmup_init': 0.665, 'drain': 0.5617}
[clip16 COLD lag0 j12] t_handoff=6.5702 steps=103/34 iou=0.0 on_target=0.0 stages={'ssh_spawn': 0.3103, 'import': 3.2111, 'weights': 1.9, 'warmup_init': 0.6931, 'drain': 0.4555}
[clip16 COLD lag4.85 j12] t_handoff=6.1663 steps=104/12 iou=0.0 on_target=0.0 stages={'ssh_spawn': 0.2919, 'import': 2.8391, 'weights': 1.8, 'warmup_init': 0.6724, 'drain': 0.5628}
[clip17 COLD lag0 j12] t_handoff=6.1991 steps=103/100 iou=0.0 on_target=0.0 stages={'ssh_spawn': 0.3122, 'import': 2.9666, 'weights': 1.8, 'warmup_init': 0.6639, 'drain': 0.4562}
[clip17 COLD lag4.85 j12] t_handoff=6.1474 steps=104/100 iou=0.0 on_target=0.0 stages={'ssh_spawn': 0.2862, 'import': 2.834, 'weights': 1.8, 'warmup_init': 0.6684, 'drain': 0.5586}
[clip18 COLD lag0 j12] t_handoff=5.9891 steps=103/100 iou=0.0 on_target=0.0 stages={'ssh_spawn': 0.2881, 'import': 2.7812, 'weights': 1.8, 'warmup_init': 0.6673, 'drain': 0.4525}
[clip18 COLD lag4.85 j12] t_handoff=6.3081 steps=104/100 iou=0.0 on_target=0.0 stages={'ssh_spawn': 0.3068, 'import': 2.8412, 'weights': 1.9, 'warmup_init': 0.7034, 'drain': 0.5567}
[clip19 COLD lag0 j12] t_handoff=6.169 steps=102/100 iou=0.0 on_target=0.0 stages={'ssh_spawn': 0.3191, 'import': 3.0067, 'weights': 1.8, 'warmup_init': 0.6866, 'drain': 0.3565}
[clip19 COLD lag4.85 j12] t_handoff=6.3456 steps=105/100 iou=0.0 on_target=0.0 stages={'ssh_spawn': 0.3107, 'import': 2.9009, 'weights': 1.8, 'warmup_init': 0.6715, 'drain': 0.6625}
[clip20 COLD lag0 j12] t_handoff=6.3346 steps=103/100 iou=0.6548 on_target=1.0 stages={'ssh_spawn': 0.3016, 'import': 3.0003, 'weights': 1.9, 'warmup_init': 0.6768, 'drain': 0.4557}
[clip20 COLD lag4.85 j12] t_handoff=6.1621 steps=104/100 iou=0.6548 on_target=1.0 stages={'ssh_spawn': 0.2887, 'import': 2.8559, 'weights': 1.8, 'warmup_init': 0.6627, 'drain': 0.5546}
[clip21 COLD lag0 j12] t_handoff=5.9446 steps=102/100 iou=0.7833 on_target=1.0 stages={'ssh_spawn': 0.2855, 'import': 2.8397, 'weights': 1.8, 'warmup_init': 0.6653, 'drain': 0.354}
[clip21 COLD lag4.85 j12] t_handoff=6.7324 steps=104/100 iou=0.7881 on_target=1.0 stages={'ssh_spawn': 0.3268, 'import': 3.1011, 'weights': 2.0, 'warmup_init': 0.7374, 'drain': 0.567}
[clip22 COLD lag0 j12] t_handoff=5.9851 steps=103/100 iou=0.0 on_target=0.0 stages={'ssh_spawn': 0.2918, 'import': 2.7797, 'weights': 1.8, 'warmup_init': 0.6602, 'drain': 0.4533}
[clip22 COLD lag4.85 j12] t_handoff=6.1055 steps=104/100 iou=0.0 on_target=0.0 stages={'ssh_spawn': 0.2894, 'import': 2.7958, 'weights': 1.8, 'warmup_init': 0.6602, 'drain': 0.5601}
[clip23 COLD lag0 j12] t_handoff=6.507 steps=103/100 iou=0.7602 on_target=0.99 stages={'ssh_spawn': 0.3136, 'import': 3.1339, 'weights': 1.9, 'warmup_init': 0.7001, 'drain': 0.4593}
[clip23 COLD lag4.85 j12] t_handoff=6.3735 steps=105/100 iou=0.6822 on_target=0.71 stages={'ssh_spawn': 0.3237, 'import': 2.8934, 'weights': 1.8, 'warmup_init': 0.6931, 'drain': 0.6633}
[clip24 COLD lag0 j12] t_handoff=5.9541 steps=102/100 iou=0.7774 on_target=1.0 stages={'ssh_spawn': 0.2902, 'import': 2.8459, 'weights': 1.8, 'warmup_init': 0.665, 'drain': 0.3528}
[clip24 COLD lag4.85 j12] t_handoff=6.9156 steps=105/100 iou=0.7762 on_target=1.0 stages={'ssh_spawn': 0.3303, 'import': 3.1507, 'weights': 1.9, 'warmup_init': 0.8607, 'drain': 0.6738}
[warm] bridge up: ssh+py 0.31s, import 3.16s, weights 1.90s
[clip00 WARM lag0 j12] t_handoff=0.2994 steps=100/100 iou=0.8921 on_target=1.0 stages={'ssh_spawn': 0.0, 'import': 0.0, 'weights': 0.0, 'warmup_init': 0.1176, 'drain': 0.1818}
[clip00 WARM lag4.85 j12] t_handoff=0.5662 steps=103/100 iou=0.8811 on_target=1.0 stages={'ssh_spawn': 0.0, 'import': 0.0, 'weights': 0.0, 'warmup_init': 0.1732, 'drain': 0.3929}
[clip01 WARM lag0 j12] t_handoff=0.3013 steps=100/28 iou=0.6997 on_target=0.9643 stages={'ssh_spawn': 0.0, 'import': 0.0, 'weights': 0.0, 'warmup_init': 0.1633, 'drain': 0.138}
[clip01 WARM lag4.85 j12] t_handoff=0.5311 steps=103/3 iou=0.247 on_target=0.3333 stages={'ssh_spawn': 0.0, 'import': 0.0, 'weights': 0.0, 'warmup_init': 0.1391, 'drain': 0.392}
[clip02 WARM lag0 j12] t_handoff=0.3005 steps=100/100 iou=0.7848 on_target=1.0 stages={'ssh_spawn': 0.0, 'import': 0.0, 'weights': 0.0, 'warmup_init': 0.1394, 'drain': 0.1611}
[clip02 WARM lag4.85 j12] t_handoff=0.53 steps=103/100 iou=0.0 on_target=0.0 stages={'ssh_spawn': 0.0, 'import': 0.0, 'weights': 0.0, 'warmup_init': 0.1394, 'drain': 0.3906}
[clip03 WARM lag0 j12] t_handoff=0.3009 steps=100/100 iou=0.0 on_target=0.04 stages={'ssh_spawn': 0.0, 'import': 0.0, 'weights': 0.0, 'warmup_init': 0.1415, 'drain': 0.1594}
[clip03 WARM lag4.85 j12] t_handoff=0.5465 steps=103/100 iou=0.0 on_target=0.0 stages={'ssh_spawn': 0.0, 'import': 0.0, 'weights': 0.0, 'warmup_init': 0.1579, 'drain': 0.3886}
[clip04 WARM lag0 j12] t_handoff=0.3027 steps=100/100 iou=0.5499 on_target=0.8 stages={'ssh_spawn': 0.0, 'import': 0.0, 'weights': 0.0, 'warmup_init': 0.121, 'drain': 0.1817}
[clip04 WARM lag4.85 j12] t_handoff=0.505 steps=103/100 iou=0.3803 on_target=0.56 stages={'ssh_spawn': 0.0, 'import': 0.0, 'weights': 0.0, 'warmup_init': 0.1175, 'drain': 0.3875}
[clip05 WARM lag0 j12] t_handoff=0.2966 steps=100/100 iou=0.706 on_target=0.68 stages={'ssh_spawn': 0.0, 'import': 0.0, 'weights': 0.0, 'warmup_init': 0.1154, 'drain': 0.1812}
[clip05 WARM lag4.85 j12] t_handoff=0.516 steps=103/100 iou=0.6682 on_target=0.66 stages={'ssh_spawn': 0.0, 'import': 0.0, 'weights': 0.0, 'warmup_init': 0.123, 'drain': 0.393}
[clip06 WARM lag0 j12] t_handoff=0.299 steps=100/100 iou=0.7622 on_target=1.0 stages={'ssh_spawn': 0.0, 'import': 0.0, 'weights': 0.0, 'warmup_init': 0.123, 'drain': 0.176}
[clip06 WARM lag4.85 j12] t_handoff=0.5454 steps=103/100 iou=0.0 on_target=0.0 stages={'ssh_spawn': 0.0, 'import': 0.0, 'weights': 0.0, 'warmup_init': 0.1465, 'drain': 0.3989}
[clip07 WARM lag0 j12] t_handoff=0.3015 steps=100/100 iou=0.6132 on_target=1.0 stages={'ssh_spawn': 0.0, 'import': 0.0, 'weights': 0.0, 'warmup_init': 0.1589, 'drain': 0.1426}
[clip07 WARM lag4.85 j12] t_handoff=0.5343 steps=103/100 iou=0.5712 on_target=1.0 stages={'ssh_spawn': 0.0, 'import': 0.0, 'weights': 0.0, 'warmup_init': 0.1405, 'drain': 0.3938}
[clip08 WARM lag0 j12] t_handoff=0.2972 steps=100/100 iou=0.6708 on_target=1.0 stages={'ssh_spawn': 0.0, 'import': 0.0, 'weights': 0.0, 'warmup_init': 0.1158, 'drain': 0.1815}
[clip08 WARM lag4.85 j12] t_handoff=0.5192 steps=103/100 iou=0.0 on_target=0.0 stages={'ssh_spawn': 0.0, 'import': 0.0, 'weights': 0.0, 'warmup_init': 0.1191, 'drain': 0.4001}
[clip09 WARM lag0 j12] t_handoff=0.3048 steps=100/100 iou=0.1991 on_target=0.67 stages={'ssh_spawn': 0.0, 'import': 0.0, 'weights': 0.0, 'warmup_init': 0.1236, 'drain': 0.1811}
[clip09 WARM lag4.85 j12] t_handoff=0.5392 steps=103/100 iou=0.0 on_target=0.0 stages={'ssh_spawn': 0.0, 'import': 0.0, 'weights': 0.0, 'warmup_init': 0.143, 'drain': 0.3962}
[clip10 WARM lag0 j12] t_handoff=0.2969 steps=100/87 iou=0.6377 on_target=1.0 stages={'ssh_spawn': 0.0, 'import': 0.0, 'weights': 0.0, 'warmup_init': 0.121, 'drain': 0.1759}
[clip10 WARM lag4.85 j12] t_handoff=0.515 steps=103/62 iou=0.0 on_target=0.0 stages={'ssh_spawn': 0.0, 'import': 0.0, 'weights': 0.0, 'warmup_init': 0.1256, 'drain': 0.3895}
[clip11 WARM lag0 j12] t_handoff=0.2966 steps=100/100 iou=0.7728 on_target=1.0 stages={'ssh_spawn': 0.0, 'import': 0.0, 'weights': 0.0, 'warmup_init': 0.1314, 'drain': 0.1652}
[clip11 WARM lag4.85 j12] t_handoff=0.5052 steps=103/93 iou=0.7657 on_target=0.9785 stages={'ssh_spawn': 0.0, 'import': 0.0, 'weights': 0.0, 'warmup_init': 0.1182, 'drain': 0.387}
[clip12 WARM lag0 j12] t_handoff=0.2953 steps=100/100 iou=0.7694 on_target=1.0 stages={'ssh_spawn': 0.0, 'import': 0.0, 'weights': 0.0, 'warmup_init': 0.1192, 'drain': 0.1761}
[clip12 WARM lag4.85 j12] t_handoff=0.5114 steps=103/100 iou=0.0 on_target=0.0 stages={'ssh_spawn': 0.0, 'import': 0.0, 'weights': 0.0, 'warmup_init': 0.1183, 'drain': 0.3931}
[clip13 WARM lag0 j12] t_handoff=0.2998 steps=100/100 iou=0.7512 on_target=0.98 stages={'ssh_spawn': 0.0, 'import': 0.0, 'weights': 0.0, 'warmup_init': 0.1175, 'drain': 0.1823}
[clip13 WARM lag4.85 j12] t_handoff=0.5099 steps=103/100 iou=0.5688 on_target=0.74 stages={'ssh_spawn': 0.0, 'import': 0.0, 'weights': 0.0, 'warmup_init': 0.1194, 'drain': 0.3906}
[clip14 WARM lag0 j12] t_handoff=0.298 steps=100/100 iou=0.5257 on_target=1.0 stages={'ssh_spawn': 0.0, 'import': 0.0, 'weights': 0.0, 'warmup_init': 0.1214, 'drain': 0.1765}
[clip14 WARM lag4.85 j12] t_handoff=0.5118 steps=103/100 iou=0.0 on_target=0.0 stages={'ssh_spawn': 0.0, 'import': 0.0, 'weights': 0.0, 'warmup_init': 0.1207, 'drain': 0.3912}
[clip15 WARM lag0 j12] t_handoff=0.2977 steps=100/100 iou=0.7215 on_target=1.0 stages={'ssh_spawn': 0.0, 'import': 0.0, 'weights': 0.0, 'warmup_init': 0.1156, 'drain': 0.1821}
[clip15 WARM lag4.85 j12] t_handoff=0.5149 steps=103/100 iou=0.7036 on_target=1.0 stages={'ssh_spawn': 0.0, 'import': 0.0, 'weights': 0.0, 'warmup_init': 0.1186, 'drain': 0.3964}
[clip16 WARM lag0 j12] t_handoff=0.3015 steps=100/65 iou=0.0 on_target=0.1846 stages={'ssh_spawn': 0.0, 'import': 0.0, 'weights': 0.0, 'warmup_init': 0.1197, 'drain': 0.1818}
[clip16 WARM lag4.85 j12] t_handoff=0.516 steps=103/40 iou=0.0 on_target=0.0 stages={'ssh_spawn': 0.0, 'import': 0.0, 'weights': 0.0, 'warmup_init': 0.1222, 'drain': 0.3938}
[clip17 WARM lag0 j12] t_handoff=0.2976 steps=100/100 iou=0.6745 on_target=1.0 stages={'ssh_spawn': 0.0, 'import': 0.0, 'weights': 0.0, 'warmup_init': 0.1159, 'drain': 0.1818}
[clip17 WARM lag4.85 j12] t_handoff=0.5104 steps=103/100 iou=0.0 on_target=0.0 stages={'ssh_spawn': 0.0, 'import': 0.0, 'weights': 0.0, 'warmup_init': 0.1207, 'drain': 0.3897}
[clip18 WARM lag0 j12] t_handoff=0.2958 steps=100/100 iou=0.5019 on_target=1.0 stages={'ssh_spawn': 0.0, 'import': 0.0, 'weights': 0.0, 'warmup_init': 0.1148, 'drain': 0.181}
[clip18 WARM lag4.85 j12] t_handoff=0.5135 steps=103/100 iou=0.0 on_target=0.0 stages={'ssh_spawn': 0.0, 'import': 0.0, 'weights': 0.0, 'warmup_init': 0.1185, 'drain': 0.395}
[clip19 WARM lag0 j12] t_handoff=0.2979 steps=100/100 iou=0.0 on_target=0.07 stages={'ssh_spawn': 0.0, 'import': 0.0, 'weights': 0.0, 'warmup_init': 0.1211, 'drain': 0.1768}
[clip19 WARM lag4.85 j12] t_handoff=0.5094 steps=103/100 iou=0.0 on_target=0.0 stages={'ssh_spawn': 0.0, 'import': 0.0, 'weights': 0.0, 'warmup_init': 0.1179, 'drain': 0.3915}
[clip20 WARM lag0 j12] t_handoff=0.3002 steps=100/100 iou=0.673 on_target=1.0 stages={'ssh_spawn': 0.0, 'import': 0.0, 'weights': 0.0, 'warmup_init': 0.1153, 'drain': 0.1849}
[clip20 WARM lag4.85 j12] t_handoff=0.5128 steps=103/100 iou=0.633 on_target=1.0 stages={'ssh_spawn': 0.0, 'import': 0.0, 'weights': 0.0, 'warmup_init': 0.1184, 'drain': 0.3944}
[clip21 WARM lag0 j12] t_handoff=0.2956 steps=100/100 iou=0.7627 on_target=1.0 stages={'ssh_spawn': 0.0, 'import': 0.0, 'weights': 0.0, 'warmup_init': 0.1194, 'drain': 0.1762}
[clip21 WARM lag4.85 j12] t_handoff=0.51 steps=103/100 iou=0.7883 on_target=1.0 stages={'ssh_spawn': 0.0, 'import': 0.0, 'weights': 0.0, 'warmup_init': 0.1204, 'drain': 0.3897}
[clip22 WARM lag0 j12] t_handoff=0.2992 steps=100/100 iou=0.0 on_target=0.17 stages={'ssh_spawn': 0.0, 'import': 0.0, 'weights': 0.0, 'warmup_init': 0.1176, 'drain': 0.1816}
[clip22 WARM lag4.85 j12] t_handoff=0.5093 steps=103/100 iou=0.0 on_target=0.0 stages={'ssh_spawn': 0.0, 'import': 0.0, 'weights': 0.0, 'warmup_init': 0.118, 'drain': 0.3913}
[clip23 WARM lag0 j12] t_handoff=0.2976 steps=100/100 iou=0.7361 on_target=1.0 stages={'ssh_spawn': 0.0, 'import': 0.0, 'weights': 0.0, 'warmup_init': 0.1193, 'drain': 0.1783}
[clip23 WARM lag4.85 j12] t_handoff=0.533 steps=103/100 iou=0.1411 on_target=0.42 stages={'ssh_spawn': 0.0, 'import': 0.0, 'weights': 0.0, 'warmup_init': 0.1433, 'drain': 0.3897}
[clip24 WARM lag0 j12] t_handoff=0.2998 steps=100/100 iou=0.7666 on_target=1.0 stages={'ssh_spawn': 0.0, 'import': 0.0, 'weights': 0.0, 'warmup_init': 0.1479, 'drain': 0.1519}
[clip24 WARM lag4.85 j12] t_handoff=0.5373 steps=103/100 iou=0.7755 on_target=1.0 stages={'ssh_spawn': 0.0, 'import': 0.0, 'weights': 0.0, 'warmup_init': 0.1463, 'drain': 0.3909}
wrote runs/p67/matrix/results.json (100 cells)
