[scenegen] frame 0/300 (8.21 fps)
[scenegen] frame 40/300 (8.70 fps)
[scenegen] frame 80/300 (8.71 fps)
[scenegen] frame 120/300 (8.70 fps)
[scenegen] frame 160/300 (8.71 fps)
[scenegen] frame 200/300 (8.73 fps)
[scenegen] frame 240/300 (8.73 fps)
[scenegen] frame 280/300 (8.74 fps)
[scenegen] frame 299/300 (8.74 fps)
{
  "seed": 57,
  "frames": 300,
  "out": "experiments/2026-07-20-bankv3-select/runs/bank/s057",
  "profile": "v3",
  "v3_screen": {
    "near": "blue",
    "peak_iou": 0.2651,
    "peak_f": 88,
    "run_iou15": 73,
    "peak_occl_far": 0.604,
    "run_occl50": 46,
    "tail_iou_max": 0.0475,
    "clear_far": 58,
    "stale_t": 0.0667,
    "stale_d": 0.0303,
    "scoreable": true,
    "pass": true
  },
  "v3_xpeak_pred_f": 88,
  "v3_xpeak_pred_iou": 0.2651,
  "g2_purity_median_clear": {
    "0": 0.6903,
    "1": 0.8149
  },
  "g6_frag_p10_clear": {
    "0": 0.9927,
    "1": 1.0
  },
  "g6_frag_below090_frac_clear": {
    "0": 0.0,
    "1": 0.0
  },
  "g6_n_clear": {
    "0": 58,
    "1": 300
  },
  "wall_loop_s": 34.3,
  "fps_wall": 8.742,
  "g1_dead_frames": 0,
  "g1_identical_consecutive": 0,
  "g1_stamp_steps_ok": true,
  "g2_purity_median": {
    "0": 0.6781,
    "1": 0.8149
  },
  "g2_bg_purity_median": {
    "0": 0.0,
    "1": 0.0
  },
  "g3_both_visible_frac": 1.0,
  "g6_frag_p10": {
    "0": 0.9932,
    "1": 1.0
  },
  "g6_frag_min": {
    "0": 0.9888,
    "1": 1.0
  },
  "g6_frag_below090_frac": {
    "0": 0.0,
    "1": 0.0
  },
  "g6_frag_n": {
    "0": 300,
    "1": 300
  },
  "g0_retries_pose": 0,
  "g0_retries_step": 0,
  "g0_response_lost": 0,
  "g0_proxy_restarts": 0,
  "g0_spawn_warns": [],
  "params": {
    "standoff": 25.538208832195547,
    "alt": 5.225832811136901,
    "aim_err": [
      0.13348894627313257,
      0.9133599182618424
    ],
    "v_target": 3.02100004378665,
    "v_distractor": 3.006456365515041,
    "ds0": -6.329218137748642,
    "near": "blue",
    "lat_b_a": 0.9022464989393764,
    "lat_b_b": -4.70621808599574,
    "t_in0": 0.49097482892571587,
    "T_in": 1.1846178844251747,
    "T_hold": 1.7767156091404432,
    "T_out": 1.3749749235798434,
    "t_end": 4.827283246071177
  },
  "versions": {
    "gz": "8.14.0",
    "python": "3.12.10",
    "numpy": "2.4.4",
    "cv2": "4.13.0"
  },
  "cmd": "runners/scenegen.py record --seed 57 --frames 300 --profile v3 --out experiments/2026-07-20-bankv3-select/runs/bank/s057"
}
[scenegen] DONE experiments/2026-07-20-bankv3-select/runs/bank/s057
