[scenegen] frame 0/300 (8.18 fps)
[scenegen] frame 40/300 (8.69 fps)
[scenegen] frame 80/300 (8.71 fps)
[scenegen] frame 120/300 (8.72 fps)
[scenegen] frame 160/300 (8.71 fps)
[scenegen] frame 200/300 (8.72 fps)
[scenegen] frame 240/300 (8.72 fps)
[scenegen] frame 280/300 (8.73 fps)
[scenegen] frame 299/300 (8.73 fps)
{
  "seed": 103,
  "frames": 300,
  "out": "experiments/2026-07-20-bankv3-select/runs/bank/s103",
  "profile": "v3",
  "v3_screen": {
    "near": "blue",
    "peak_iou": 0.3172,
    "peak_f": 98,
    "run_iou15": 87,
    "peak_occl_far": 0.6328,
    "run_occl50": 84,
    "tail_iou_max": 0.1407,
    "clear_far": 59,
    "stale_t": 0.1127,
    "stale_d": 0.0813,
    "scoreable": true,
    "pass": true
  },
  "v3_xpeak_pred_f": 98,
  "v3_xpeak_pred_iou": 0.3172,
  "g2_purity_median_clear": {
    "0": 0.7796,
    "1": 0.8558
  },
  "g6_frag_p10_clear": {
    "0": 0.9923,
    "1": 1.0
  },
  "g6_frag_below090_frac_clear": {
    "0": 0.0,
    "1": 0.0
  },
  "g6_n_clear": {
    "0": 59,
    "1": 300
  },
  "wall_loop_s": 34.3,
  "fps_wall": 8.735,
  "g1_dead_frames": 0,
  "g1_identical_consecutive": 0,
  "g1_stamp_steps_ok": true,
  "g2_purity_median": {
    "0": 0.7531,
    "1": 0.8558
  },
  "g2_bg_purity_median": {
    "0": 0.0,
    "1": 0.0
  },
  "g3_both_visible_frac": 1.0,
  "g6_frag_p10": {
    "0": 0.9953,
    "1": 1.0
  },
  "g6_frag_min": {
    "0": 0.9882,
    "1": 1.0
  },
  "g6_frag_below090_frac": {
    "0": 0.0,
    "1": 0.0
  },
  "g6_frag_n": {
    "0": 300,
    "1": 300
  },
  "g0_retries_pose": 0,
  "g0_retries_step": 0,
  "g0_response_lost": 0,
  "g0_proxy_restarts": 0,
  "g0_spawn_warns": [],
  "params": {
    "standoff": 29.221161156394402,
    "alt": 5.770938649427789,
    "aim_err": [
      -1.453443411331659,
      -0.4671109820673145
    ],
    "v_target": 2.575219879267537,
    "v_distractor": 2.540155091086075,
    "ds0": -6.18908983713424,
    "near": "blue",
    "lat_b_a": 0.963208001871732,
    "lat_b_b": -4.559296698128928,
    "t_in0": 1.099635634373846,
    "T_in": 1.0316892287694568,
    "T_hold": 1.7759237031475923,
    "T_out": 1.2547295213529637,
    "t_end": 5.161978087643859
  },
  "versions": {
    "gz": "8.14.0",
    "python": "3.12.10",
    "numpy": "2.4.4",
    "cv2": "4.13.0"
  },
  "cmd": "runners/scenegen.py record --seed 103 --frames 300 --profile v3 --out experiments/2026-07-20-bankv3-select/runs/bank/s103"
}
[scenegen] DONE experiments/2026-07-20-bankv3-select/runs/bank/s103
