[scenegen] frame 0/300 (8.17 fps)
[scenegen] frame 40/300 (8.79 fps)
[scenegen] frame 80/300 (8.77 fps)
[scenegen] frame 120/300 (8.77 fps)
[scenegen] frame 160/300 (8.77 fps)
[scenegen] frame 200/300 (8.79 fps)
[scenegen] frame 240/300 (8.79 fps)
[scenegen] frame 280/300 (8.80 fps)
[scenegen] frame 299/300 (8.80 fps)
{
  "seed": 3,
  "frames": 300,
  "out": "experiments/2026-07-20-bankv3-select/runs/bank/s003",
  "profile": "v3",
  "v3_screen": {
    "near": "white",
    "peak_iou": 0.3733,
    "peak_f": 90,
    "run_iou15": 76,
    "peak_occl_far": 0.661,
    "run_occl50": 51,
    "tail_iou_max": 0.0722,
    "clear_far": 49,
    "stale_t": 0.1655,
    "stale_d": 0.137,
    "scoreable": true,
    "pass": true
  },
  "v3_xpeak_pred_f": 90,
  "v3_xpeak_pred_iou": 0.3733,
  "g2_purity_median_clear": {
    "0": 0.8025,
    "1": 0.8026
  },
  "g6_frag_p10_clear": {
    "0": 0.9949,
    "1": 1.0
  },
  "g6_frag_below090_frac_clear": {
    "0": 0.0,
    "1": 0.0
  },
  "g6_n_clear": {
    "0": 300,
    "1": 49
  },
  "wall_loop_s": 34.1,
  "fps_wall": 8.802,
  "g1_dead_frames": 0,
  "g1_identical_consecutive": 0,
  "g1_stamp_steps_ok": true,
  "g2_purity_median": {
    "0": 0.8025,
    "1": 0.6965
  },
  "g2_bg_purity_median": {
    "0": 0.0,
    "1": 0.0
  },
  "g3_both_visible_frac": 1.0,
  "g6_frag_p10": {
    "0": 0.9949,
    "1": 1.0
  },
  "g6_frag_min": {
    "0": 0.99,
    "1": 0.9955
  },
  "g6_frag_below090_frac": {
    "0": 0.0,
    "1": 0.0
  },
  "g6_frag_n": {
    "0": 300,
    "1": 300
  },
  "g0_retries_pose": 0,
  "g0_retries_step": 0,
  "g0_response_lost": 0,
  "g0_proxy_restarts": 0,
  "g0_spawn_warns": [],
  "params": {
    "standoff": 26.962159966701556,
    "alt": 4.524522621543705,
    "aim_err": [
      1.958555352225786,
      0.4258146994545404
    ],
    "v_target": 2.3027790005723494,
    "v_distractor": 2.33950785814281,
    "ds0": 6.379051298140834,
    "near": "white",
    "lat_b_a": 0.768203211952842,
    "lat_b_b": -4.604385904752169,
    "t_in0": 0.8215757947745548,
    "T_in": 1.0291884061242533,
    "T_hold": 1.5520791428628844,
    "T_out": 1.4689188936460802,
    "t_end": 4.871762237407773
  },
  "versions": {
    "gz": "8.14.0",
    "python": "3.12.10",
    "numpy": "2.4.4",
    "cv2": "4.13.0"
  },
  "cmd": "runners/scenegen.py record --seed 3 --frames 300 --profile v3 --out experiments/2026-07-20-bankv3-select/runs/bank/s003"
}
[scenegen] DONE experiments/2026-07-20-bankv3-select/runs/bank/s003
