[scenegen] frame 0/300 (8.22 fps)
[scenegen] frame 40/300 (8.72 fps)
[scenegen] frame 80/300 (8.71 fps)
[scenegen] frame 120/300 (8.73 fps)
[scenegen] frame 160/300 (8.74 fps)
[scenegen] frame 200/300 (8.75 fps)
[scenegen] frame 240/300 (8.76 fps)
[scenegen] frame 280/300 (8.76 fps)
[scenegen] frame 299/300 (8.76 fps)
{
  "seed": 116,
  "frames": 300,
  "out": "experiments/2026-07-20-bankv3-select/runs/bank/s116",
  "profile": "v3",
  "v3_screen": {
    "near": "blue",
    "peak_iou": 0.3621,
    "peak_f": 64,
    "run_iou15": 78,
    "peak_occl_far": 0.7074,
    "run_occl50": 80,
    "tail_iou_max": 0.0688,
    "clear_far": 109,
    "stale_t": 0.1684,
    "stale_d": 0.1909,
    "scoreable": true,
    "pass": true
  },
  "v3_xpeak_pred_f": 64,
  "v3_xpeak_pred_iou": 0.3621,
  "g2_purity_median_clear": {
    "0": 0.6818,
    "1": 0.8365
  },
  "g6_frag_p10_clear": {
    "0": 0.9959,
    "1": 1.0
  },
  "g6_frag_below090_frac_clear": {
    "0": 0.0,
    "1": 0.0
  },
  "g6_n_clear": {
    "0": 109,
    "1": 300
  },
  "wall_loop_s": 34.2,
  "fps_wall": 8.765,
  "g1_dead_frames": 0,
  "g1_identical_consecutive": 0,
  "g1_stamp_steps_ok": true,
  "g2_purity_median": {
    "0": 0.7046,
    "1": 0.8365
  },
  "g2_bg_purity_median": {
    "0": 0.0,
    "1": 0.0
  },
  "g3_both_visible_frac": 1.0,
  "g6_frag_p10": {
    "0": 0.9971,
    "1": 1.0
  },
  "g6_frag_min": {
    "0": 0.9835,
    "1": 1.0
  },
  "g6_frag_below090_frac": {
    "0": 0.0,
    "1": 0.0
  },
  "g6_frag_n": {
    "0": 300,
    "1": 300
  },
  "g0_retries_pose": 0,
  "g0_retries_step": 0,
  "g0_response_lost": 0,
  "g0_proxy_restarts": 0,
  "g0_spawn_warns": [],
  "params": {
    "standoff": 26.092518953768877,
    "alt": 3.9457066322770338,
    "aim_err": [
      -2.0204667213222978,
      -2.469599230025119
    ],
    "v_target": 2.4068437190456327,
    "v_distractor": 2.3911959874063404,
    "ds0": -6.200163175987596,
    "near": "blue",
    "lat_b_a": 1.0010917186655899,
    "lat_b_b": -4.641537192844584,
    "t_in0": 0.3703952133035233,
    "T_in": 1.185754188132376,
    "T_hold": 1.7640746005614596,
    "T_out": 1.1115037312430964,
    "t_end": 4.431727733240455
  },
  "versions": {
    "gz": "8.14.0",
    "python": "3.12.10",
    "numpy": "2.4.4",
    "cv2": "4.13.0"
  },
  "cmd": "runners/scenegen.py record --seed 116 --frames 300 --profile v3 --out experiments/2026-07-20-bankv3-select/runs/bank/s116"
}
[scenegen] DONE experiments/2026-07-20-bankv3-select/runs/bank/s116
