[scenegen] frame 0/300 (8.26 fps)
[scenegen] frame 40/300 (8.75 fps)
[scenegen] frame 80/300 (8.74 fps)
[scenegen] frame 120/300 (8.76 fps)
[scenegen] frame 160/300 (8.78 fps)
[scenegen] frame 200/300 (8.79 fps)
[scenegen] frame 240/300 (8.79 fps)
[scenegen] frame 280/300 (8.79 fps)
[scenegen] frame 299/300 (8.79 fps)
{
  "seed": 101,
  "frames": 300,
  "out": "experiments/2026-07-20-bankv3-select/runs/bank/s101",
  "profile": "v3",
  "v3_screen": {
    "near": "white",
    "peak_iou": 0.3248,
    "peak_f": 93,
    "run_iou15": 73,
    "peak_occl_far": 0.6199,
    "run_occl50": 44,
    "tail_iou_max": 0.1156,
    "clear_far": 58,
    "stale_t": 0.0398,
    "stale_d": 0.0644,
    "scoreable": true,
    "pass": true
  },
  "v3_xpeak_pred_f": 93,
  "v3_xpeak_pred_iou": 0.3248,
  "g2_purity_median_clear": {
    "0": 0.7519,
    "1": 0.8757
  },
  "g6_frag_p10_clear": {
    "0": 0.9956,
    "1": 1.0
  },
  "g6_frag_below090_frac_clear": {
    "0": 0.0,
    "1": 0.0
  },
  "g6_n_clear": {
    "0": 300,
    "1": 58
  },
  "wall_loop_s": 34.1,
  "fps_wall": 8.794,
  "g1_dead_frames": 0,
  "g1_identical_consecutive": 0,
  "g1_stamp_steps_ok": true,
  "g2_purity_median": {
    "0": 0.7519,
    "1": 0.6142
  },
  "g2_bg_purity_median": {
    "0": 0.0,
    "1": 0.0
  },
  "g3_both_visible_frac": 1.0,
  "g6_frag_p10": {
    "0": 0.9956,
    "1": 1.0
  },
  "g6_frag_min": {
    "0": 0.9902,
    "1": 0.9995
  },
  "g6_frag_below090_frac": {
    "0": 0.0,
    "1": 0.0
  },
  "g6_frag_n": {
    "0": 300,
    "1": 300
  },
  "g0_retries_pose": 0,
  "g0_retries_step": 0,
  "g0_response_lost": 0,
  "g0_proxy_restarts": 0,
  "g0_spawn_warns": [],
  "params": {
    "standoff": 26.51973019460405,
    "alt": 4.714599486144365,
    "aim_err": [
      1.704815191039268,
      1.590772073126712
    ],
    "v_target": 3.3322390067326646,
    "v_distractor": 3.3808978474643094,
    "ds0": 6.76933154467857,
    "near": "white",
    "lat_b_a": 0.8347145984410786,
    "lat_b_b": -4.397252066035938,
    "t_in0": 1.2779645604253826,
    "T_in": 1.0413181563677099,
    "T_hold": 1.2184832823306058,
    "T_out": 1.5473991015413986,
    "t_end": 5.0851651006650975
  },
  "versions": {
    "gz": "8.14.0",
    "python": "3.12.10",
    "numpy": "2.4.4",
    "cv2": "4.13.0"
  },
  "cmd": "runners/scenegen.py record --seed 101 --frames 300 --profile v3 --out experiments/2026-07-20-bankv3-select/runs/bank/s101"
}
[scenegen] DONE experiments/2026-07-20-bankv3-select/runs/bank/s101
