[scenegen] frame 0/300 (8.26 fps)
[scenegen] frame 40/300 (8.77 fps)
[scenegen] frame 80/300 (8.77 fps)
[scenegen] frame 120/300 (8.78 fps)
[scenegen] frame 160/300 (8.78 fps)
[scenegen] frame 200/300 (8.79 fps)
[scenegen] frame 240/300 (8.79 fps)
[scenegen] frame 280/300 (8.79 fps)
[scenegen] frame 299/300 (8.79 fps)
{
  "seed": 13,
  "frames": 300,
  "out": "experiments/2026-07-20-bankv3-select/runs/bank/s013",
  "profile": "v3",
  "v3_screen": {
    "near": "white",
    "peak_iou": 0.3246,
    "peak_f": 99,
    "run_iou15": 71,
    "peak_occl_far": 0.5962,
    "run_occl50": 45,
    "tail_iou_max": 0.0422,
    "clear_far": 115,
    "stale_t": 0.0324,
    "stale_d": 0.0519,
    "scoreable": true,
    "pass": true
  },
  "v3_xpeak_pred_f": 99,
  "v3_xpeak_pred_iou": 0.3246,
  "g2_purity_median_clear": {
    "0": 0.7301,
    "1": 0.68
  },
  "g6_frag_p10_clear": {
    "0": 0.9956,
    "1": 1.0
  },
  "g6_frag_below090_frac_clear": {
    "0": 0.0,
    "1": 0.0
  },
  "g6_n_clear": {
    "0": 300,
    "1": 115
  },
  "wall_loop_s": 34.1,
  "fps_wall": 8.791,
  "g1_dead_frames": 0,
  "g1_identical_consecutive": 0,
  "g1_stamp_steps_ok": true,
  "g2_purity_median": {
    "0": 0.7301,
    "1": 0.6221
  },
  "g2_bg_purity_median": {
    "0": 0.0,
    "1": 0.0
  },
  "g3_both_visible_frac": 1.0,
  "g6_frag_p10": {
    "0": 0.9956,
    "1": 1.0
  },
  "g6_frag_min": {
    "0": 0.9897,
    "1": 0.9896
  },
  "g6_frag_below090_frac": {
    "0": 0.0,
    "1": 0.0
  },
  "g6_frag_n": {
    "0": 300,
    "1": 300
  },
  "g0_retries_pose": 0,
  "g0_retries_step": 0,
  "g0_response_lost": 0,
  "g0_proxy_restarts": 0,
  "g0_spawn_warns": [],
  "params": {
    "standoff": 28.14006519250112,
    "alt": 5.242535929163793,
    "aim_err": [
      1.185751113103918,
      2.4638034442418135
    ],
    "v_target": 3.237757104419904,
    "v_distractor": 3.283277463323196,
    "ds0": 6.5137916910471025,
    "near": "white",
    "lat_b_a": 1.2908820851425333,
    "lat_b_b": -4.656851697916915,
    "t_in0": 1.3612171610318238,
    "T_in": 0.9247223831643925,
    "T_hold": 1.4629680283820528,
    "T_out": 1.508851887372404,
    "t_end": 5.257759459950673
  },
  "versions": {
    "gz": "8.14.0",
    "python": "3.12.10",
    "numpy": "2.4.4",
    "cv2": "4.13.0"
  },
  "cmd": "runners/scenegen.py record --seed 13 --frames 300 --profile v3 --out experiments/2026-07-20-bankv3-select/runs/bank/s013"
}
[scenegen] DONE experiments/2026-07-20-bankv3-select/runs/bank/s013
