&&&& RUNNING TensorRT.trtexec [TensorRT v100300] # /usr/src/tensorrt/bin/trtexec --onnx=enc768.onnx --fp16 --saveEngine=enc768.plan --memPoolSize=workspace:2048
[07/02/2026-14:35:55] [I] === Model Options ===
[07/02/2026-14:35:55] [I] Format: ONNX
[07/02/2026-14:35:55] [I] Model: enc768.onnx
[07/02/2026-14:35:55] [I] Output:
[07/02/2026-14:35:55] [I] === Build Options ===
[07/02/2026-14:35:55] [I] Memory Pools: workspace: 2048 MiB, dlaSRAM: default, dlaLocalDRAM: default, dlaGlobalDRAM: default, tacticSharedMem: default
[07/02/2026-14:35:55] [I] avgTiming: 8
[07/02/2026-14:35:55] [I] Precision: FP32+FP16
[07/02/2026-14:35:55] [I] LayerPrecisions: 
[07/02/2026-14:35:55] [I] Layer Device Types: 
[07/02/2026-14:35:55] [I] Calibration: 
[07/02/2026-14:35:55] [I] Refit: Disabled
[07/02/2026-14:35:55] [I] Strip weights: Disabled
[07/02/2026-14:35:55] [I] Version Compatible: Disabled
[07/02/2026-14:35:55] [I] ONNX Plugin InstanceNorm: Disabled
[07/02/2026-14:35:55] [I] TensorRT runtime: full
[07/02/2026-14:35:55] [I] Lean DLL Path: 
[07/02/2026-14:35:55] [I] Tempfile Controls: { in_memory: allow, temporary: allow }
[07/02/2026-14:35:55] [I] Exclude Lean Runtime: Disabled
[07/02/2026-14:35:55] [I] Sparsity: Disabled
[07/02/2026-14:35:55] [I] Safe mode: Disabled
[07/02/2026-14:35:55] [I] Build DLA standalone loadable: Disabled
[07/02/2026-14:35:55] [I] Allow GPU fallback for DLA: Disabled
[07/02/2026-14:35:55] [I] DirectIO mode: Disabled
[07/02/2026-14:35:55] [I] Restricted mode: Disabled
[07/02/2026-14:35:55] [I] Skip inference: Disabled
[07/02/2026-14:35:55] [I] Save engine: enc768.plan
[07/02/2026-14:35:55] [I] Load engine: 
[07/02/2026-14:35:55] [I] Profiling verbosity: 0
[07/02/2026-14:35:55] [I] Tactic sources: Using default tactic sources
[07/02/2026-14:35:55] [I] timingCacheMode: local
[07/02/2026-14:35:55] [I] timingCacheFile: 
[07/02/2026-14:35:55] [I] Enable Compilation Cache: Enabled
[07/02/2026-14:35:55] [I] errorOnTimingCacheMiss: Disabled
[07/02/2026-14:35:55] [I] Preview Features: Use default preview flags.
[07/02/2026-14:35:55] [I] MaxAuxStreams: -1
[07/02/2026-14:35:55] [I] BuilderOptimizationLevel: -1
[07/02/2026-14:35:55] [I] Calibration Profile Index: 0
[07/02/2026-14:35:55] [I] Weight Streaming: Disabled
[07/02/2026-14:35:55] [I] Runtime Platform: Same As Build
[07/02/2026-14:35:55] [I] Debug Tensors: 
[07/02/2026-14:35:55] [I] Input(s)s format: fp32:CHW
[07/02/2026-14:35:55] [I] Output(s)s format: fp32:CHW
[07/02/2026-14:35:55] [I] Input build shapes: model
[07/02/2026-14:35:55] [I] Input calibration shapes: model
[07/02/2026-14:35:55] [I] === System Options ===
[07/02/2026-14:35:55] [I] Device: 0
[07/02/2026-14:35:55] [I] DLACore: 
[07/02/2026-14:35:55] [I] Plugins:
[07/02/2026-14:35:55] [I] setPluginsToSerialize:
[07/02/2026-14:35:55] [I] dynamicPlugins:
[07/02/2026-14:35:55] [I] ignoreParsedPluginLibs: 0
[07/02/2026-14:35:55] [I] 
[07/02/2026-14:35:55] [I] === Inference Options ===
[07/02/2026-14:35:55] [I] Batch: Explicit
[07/02/2026-14:35:55] [I] Input inference shapes: model
[07/02/2026-14:35:55] [I] Iterations: 10
[07/02/2026-14:35:55] [I] Duration: 3s (+ 200ms warm up)
[07/02/2026-14:35:55] [I] Sleep time: 0ms
[07/02/2026-14:35:55] [I] Idle time: 0ms
[07/02/2026-14:35:55] [I] Inference Streams: 1
[07/02/2026-14:35:55] [I] ExposeDMA: Disabled
[07/02/2026-14:35:55] [I] Data transfers: Enabled
[07/02/2026-14:35:55] [I] Spin-wait: Disabled
[07/02/2026-14:35:55] [I] Multithreading: Disabled
[07/02/2026-14:35:55] [I] CUDA Graph: Disabled
[07/02/2026-14:35:55] [I] Separate profiling: Disabled
[07/02/2026-14:35:55] [I] Time Deserialize: Disabled
[07/02/2026-14:35:55] [I] Time Refit: Disabled
[07/02/2026-14:35:55] [I] NVTX verbosity: 0
[07/02/2026-14:35:55] [I] Persistent Cache Ratio: 0
[07/02/2026-14:35:55] [I] Optimization Profile Index: 0
[07/02/2026-14:35:55] [I] Weight Streaming Budget: 100.000000%
[07/02/2026-14:35:55] [I] Inputs:
[07/02/2026-14:35:55] [I] Debug Tensor Save Destinations:
[07/02/2026-14:35:55] [I] === Reporting Options ===
[07/02/2026-14:35:55] [I] Verbose: Disabled
[07/02/2026-14:35:55] [I] Averages: 10 inferences
[07/02/2026-14:35:55] [I] Percentiles: 90,95,99
[07/02/2026-14:35:55] [I] Dump refittable layers:Disabled
[07/02/2026-14:35:55] [I] Dump output: Disabled
[07/02/2026-14:35:55] [I] Profile: Disabled
[07/02/2026-14:35:55] [I] Export timing to JSON file: 
[07/02/2026-14:35:55] [I] Export output to JSON file: 
[07/02/2026-14:35:55] [I] Export profile to JSON file: 
[07/02/2026-14:35:55] [I] 
[07/02/2026-14:35:55] [I] === Device Information ===
[07/02/2026-14:35:55] [I] Available Devices: 
[07/02/2026-14:35:55] [I]   Device 0: "Orin" UUID: GPU-856d993a-f771-58c1-b495-b0b1f24b8750
[07/02/2026-14:35:55] [I] Selected Device: Orin
[07/02/2026-14:35:55] [I] Selected Device ID: 0
[07/02/2026-14:35:55] [I] Selected Device UUID: GPU-856d993a-f771-58c1-b495-b0b1f24b8750
[07/02/2026-14:35:55] [I] Compute Capability: 8.7
[07/02/2026-14:35:55] [I] SMs: 8
[07/02/2026-14:35:55] [I] Device Global Memory: 7607 MiB
[07/02/2026-14:35:55] [I] Shared Memory per SM: 164 KiB
[07/02/2026-14:35:55] [I] Memory Bus Width: 128 bits (ECC disabled)
[07/02/2026-14:35:55] [I] Application Compute Clock Rate: 0.624 GHz
[07/02/2026-14:35:55] [I] Application Memory Clock Rate: 0.624 GHz
[07/02/2026-14:35:55] [I] 
[07/02/2026-14:35:55] [I] Note: The application clock rates do not reflect the actual clock rates that the GPU is currently running at.
[07/02/2026-14:35:55] [I] 
[07/02/2026-14:35:55] [I] TensorRT version: 10.3.0
[07/02/2026-14:35:55] [I] Loading standard plugins
[07/02/2026-14:35:56] [I] [TRT] [MemUsageChange] Init CUDA: CPU +2, GPU +0, now: CPU 31, GPU 1878 (MiB)
[07/02/2026-14:35:58] [I] [TRT] [MemUsageChange] Init builder kernel library: CPU +928, GPU +751, now: CPU 1002, GPU 2674 (MiB)
[07/02/2026-14:35:58] [I] Start parsing network model.
[07/02/2026-14:35:58] [I] [TRT] ----------------------------------------------------------------
[07/02/2026-14:35:58] [I] [TRT] Input filename:   enc768.onnx
[07/02/2026-14:35:58] [I] [TRT] ONNX IR version:  0.0.8
[07/02/2026-14:35:58] [I] [TRT] Opset version:    17
[07/02/2026-14:35:58] [I] [TRT] Producer name:    pytorch
[07/02/2026-14:35:58] [I] [TRT] Producer version: 2.6.0
[07/02/2026-14:35:58] [I] [TRT] Domain:           
[07/02/2026-14:35:58] [I] [TRT] Model version:    0
[07/02/2026-14:35:58] [I] [TRT] Doc string:       
[07/02/2026-14:35:58] [I] [TRT] ----------------------------------------------------------------
[07/02/2026-14:35:58] [I] Finished parsing network model. Parse time: 0.345977
[07/02/2026-14:35:59] [I] [TRT] Local timing cache in use. Profiling results in this builder pass will not be stored.
[07/02/2026-14:39:07] [I] [TRT] Detected 1 inputs and 6 output network tensors.
[07/02/2026-14:39:09] [I] [TRT] Total Host Persistent Memory: 56800
[07/02/2026-14:39:09] [I] [TRT] Total Device Persistent Memory: 1024
[07/02/2026-14:39:09] [I] [TRT] Total Scratch Memory: 85082112
[07/02/2026-14:39:09] [I] [TRT] [BlockAssignment] Started assigning block shifts. This will take 42 steps to complete.
[07/02/2026-14:39:09] [I] [TRT] [BlockAssignment] Algorithm ShiftNTopDown took 4.30447ms to assign 18 blocks to 42 nodes requiring 206219264 bytes.
[07/02/2026-14:39:09] [I] [TRT] Total Activation Memory: 206217216
[07/02/2026-14:39:09] [I] [TRT] Total Weights Memory: 54500992
[07/02/2026-14:39:09] [I] [TRT] Engine generation completed in 190.777 seconds.
[07/02/2026-14:39:09] [I] [TRT] [MemUsageStats] Peak memory usage of TRT CPU/GPU memory allocators: CPU 51 MiB, GPU 355 MiB
[07/02/2026-14:39:09] [I] [TRT] [MemUsageStats] Peak memory usage during Engine building and serialization: CPU: 2312 MiB
[07/02/2026-14:39:09] [I] Engine built in 191.06 sec.
[07/02/2026-14:39:09] [I] Created engine with size: 53.4775 MiB
[07/02/2026-14:39:10] [I] [TRT] Loaded engine size: 53 MiB
[07/02/2026-14:39:10] [I] Engine deserialized in 0.0523234 sec.
[07/02/2026-14:39:10] [I] [TRT] [MS] Running engine with multi stream info
[07/02/2026-14:39:10] [I] [TRT] [MS] Number of aux streams is 6
[07/02/2026-14:39:10] [I] [TRT] [MS] Number of total worker streams is 7
[07/02/2026-14:39:10] [I] [TRT] [MS] The main stream provided by execute/enqueue calls is the first worker stream
[07/02/2026-14:39:10] [I] [TRT] [MemUsageChange] TensorRT-managed allocation in IExecutionContext creation: CPU +0, GPU +197, now: CPU 0, GPU 248 (MiB)
[07/02/2026-14:39:10] [I] Setting persistentCacheLimit to 0 bytes.
[07/02/2026-14:39:10] [I] Created execution context with device memory size: 196.664 MiB
[07/02/2026-14:39:10] [I] Using random values for input x
[07/02/2026-14:39:10] [I] Input binding for x with dimensions 1x3x768x768 is created.
[07/02/2026-14:39:10] [I] Output binding for fpn0 with dimensions 1x256x192x192 is created.
[07/02/2026-14:39:10] [I] Output binding for fpn1 with dimensions 1x256x96x96 is created.
[07/02/2026-14:39:10] [I] Output binding for fpn2 with dimensions 1x256x48x48 is created.
[07/02/2026-14:39:10] [I] Output binding for pos0 with dimensions 1x256x192x192 is created.
[07/02/2026-14:39:10] [I] Output binding for pos1 with dimensions 1x256x96x96 is created.
[07/02/2026-14:39:10] [I] Output binding for pos2 with dimensions 1x256x48x48 is created.
[07/02/2026-14:39:10] [I] Starting inference
[07/02/2026-14:39:13] [I] Warmup completed 3 queries over 200 ms
[07/02/2026-14:39:13] [I] Timing trace has 49 queries over 3.25077 s
[07/02/2026-14:39:13] [I] 
[07/02/2026-14:39:13] [I] === Trace details ===
[07/02/2026-14:39:13] [I] Trace averages of 10 runs:
[07/02/2026-14:39:13] [I] Average on 10 runs - GPU latency: 65.1199 ms - Host latency: 77.3371 ms (enqueue 1.34302 ms)
[07/02/2026-14:39:13] [I] Average on 10 runs - GPU latency: 65.112 ms - Host latency: 77.2712 ms (enqueue 1.34096 ms)
[07/02/2026-14:39:13] [I] Average on 10 runs - GPU latency: 65.0989 ms - Host latency: 77.3021 ms (enqueue 1.38263 ms)
[07/02/2026-14:39:13] [I] Average on 10 runs - GPU latency: 65.1415 ms - Host latency: 77.3235 ms (enqueue 1.32393 ms)
[07/02/2026-14:39:13] [I] 
[07/02/2026-14:39:13] [I] === Performance summary ===
[07/02/2026-14:39:13] [I] Throughput: 15.0734 qps
[07/02/2026-14:39:13] [I] Latency: min = 71.2712 ms, max = 77.7004 ms, mean = 77.1827 ms, median = 77.2874 ms, percentile(90%) = 77.4041 ms, percentile(95%) = 77.4721 ms, percentile(99%) = 77.7004 ms
[07/02/2026-14:39:13] [I] Enqueue Time: min = 1.28613 ms, max = 1.68994 ms, mean = 1.35209 ms, median = 1.34314 ms, percentile(90%) = 1.3855 ms, percentile(95%) = 1.43408 ms, percentile(99%) = 1.68994 ms
[07/02/2026-14:39:13] [I] H2D Latency: min = 0.831848 ms, max = 0.989136 ms, mean = 0.888503 ms, median = 0.885742 ms, percentile(90%) = 0.928955 ms, percentile(95%) = 0.942139 ms, percentile(99%) = 0.989136 ms
[07/02/2026-14:39:13] [I] GPU Compute Time: min = 64.7188 ms, max = 65.2356 ms, mean = 65.1086 ms, median = 65.1218 ms, percentile(90%) = 65.1982 ms, percentile(95%) = 65.2219 ms, percentile(99%) = 65.2356 ms
[07/02/2026-14:39:13] [I] D2H Latency: min = 5.64014 ms, max = 11.6656 ms, mean = 11.1856 ms, median = 11.2899 ms, percentile(90%) = 11.3339 ms, percentile(95%) = 11.3475 ms, percentile(99%) = 11.6656 ms
[07/02/2026-14:39:13] [I] Total Host Walltime: 3.25077 s
[07/02/2026-14:39:13] [I] Total GPU Compute Time: 3.19032 s
[07/02/2026-14:39:13] [I] Explanations of the performance metrics are printed in the verbose logs.
[07/02/2026-14:39:13] [I] 
&&&& PASSED TensorRT.trtexec [TensorRT v100300] # /usr/src/tensorrt/bin/trtexec --onnx=enc768.onnx --fp16 --saveEngine=enc768.plan --memPoolSize=workspace:2048
