[carry] base [1/38] bike1 median_ms=175 rss=1958.0MB
[carry] base [2/38] bike3 median_ms=174 rss=2056.2MB
[carry] base [3/38] boat2 median_ms=172 rss=2056.2MB
[carry] base [4/38] boat3 median_ms=173 rss=2056.2MB
[carry] base [5/38] building3 median_ms=176 rss=2056.2MB
[carry] base [6/38] car10 median_ms=174 rss=2056.2MB
[carry] base [7/38] car11 median_ms=174 rss=2056.2MB
[carry] base [8/38] car13 median_ms=173 rss=2056.2MB
[carry] base [9/38] car14 median_ms=173 rss=2056.2MB
[carry] base [10/38] car15 median_ms=174 rss=2056.2MB
[carry] base [11/38] car17 median_ms=173 rss=2056.2MB
[carry] base [12/38] car18 median_ms=172 rss=2056.2MB
[carry] base [13/38] car1_s median_ms=176 rss=2056.2MB
[carry] base [14/38] car3 median_ms=176 rss=2056.2MB
[carry] base [15/38] car3_s median_ms=176 rss=2056.2MB
[carry] base [16/38] car4_s median_ms=175 rss=2056.2MB
[carry] base [17/38] car7 median_ms=174 rss=2056.2MB
[carry] base [18/38] car9 median_ms=174 rss=2056.2MB
[carry] base [19/38] person1 median_ms=175 rss=2056.2MB
[carry] base [20/38] person10 median_ms=174 rss=2056.2MB
[carry] base [21/38] person13 median_ms=175 rss=2056.2MB
[carry] base [22/38] person15 median_ms=174 rss=2056.2MB
[carry] base [23/38] person18 median_ms=173 rss=2056.2MB
[carry] base [24/38] person1_s median_ms=176 rss=2056.2MB
[carry] base [25/38] person20 median_ms=173 rss=2056.2MB
[carry] base [26/38] person21 median_ms=174 rss=2056.2MB
[carry] base [27/38] person6 median_ms=173 rss=2056.2MB
[carry] base [28/38] truck2 median_ms=174 rss=2056.2MB
[carry] base [29/38] truck3 median_ms=174 rss=2056.2MB
[carry] base [30/38] uav3 median_ms=160 rss=2056.2MB
[carry] base [31/38] uav8 median_ms=161 rss=2056.2MB
[carry] base [32/38] wakeboard2 median_ms=174 rss=2056.2MB
[carry] base [33/38] wakeboard3 median_ms=173 rss=2056.2MB
[carry] base [34/38] wakeboard4 median_ms=173 rss=2056.2MB
[carry] base [35/38] wakeboard5 median_ms=173 rss=2056.2MB
[carry] base [36/38] wakeboard6 median_ms=172 rss=2056.2MB
[carry] base [37/38] wakeboard8 median_ms=173 rss=2056.2MB
[carry] base [38/38] wakeboard9 median_ms=173 rss=2056.2MB
[carry] base done 38 clips in 179s -> carry_base.json
[carry] trt RUN UNDER G1 OVERRIDE: G1 measures 24-step recursive-trajectory agreement, not engine fidelity; diag_g1.py control: eager-vs-eager exactly 1.0000 (deterministic carry, sound instrument), eager-vs-TRT 1.0000/0.9949 at step 1 before any state exists. Engines faithful, carry amplifies. Adoption still gated on G2 vs GROUND TRUTH.
[carry] trt [1/38] bike1 median_ms=152 rss=2316.6MB
[carry] trt [2/38] bike3 median_ms=152 rss=2326.3MB
[carry] trt [3/38] boat2 median_ms=147 rss=2326.3MB
[carry] trt [4/38] boat3 median_ms=147 rss=2326.3MB
[carry] trt [5/38] building3 median_ms=145 rss=2326.3MB
[carry] trt [6/38] car10 median_ms=145 rss=2326.3MB
[carry] trt [7/38] car11 median_ms=145 rss=2326.3MB
[carry] trt [8/38] car13 median_ms=145 rss=2326.3MB
[carry] trt [9/38] car14 median_ms=144 rss=2326.3MB
[carry] trt [10/38] car15 median_ms=146 rss=2326.3MB
[carry] trt [11/38] car17 median_ms=144 rss=2326.3MB
[carry] trt [12/38] car18 median_ms=144 rss=2326.3MB
[carry] trt [13/38] car1_s median_ms=149 rss=2326.3MB
[carry] trt [14/38] car3 median_ms=146 rss=2326.3MB
[carry] trt [15/38] car3_s median_ms=149 rss=2326.3MB
[carry] trt [16/38] car4_s median_ms=147 rss=2326.3MB
[carry] trt [17/38] car7 median_ms=145 rss=2326.3MB
[carry] trt [18/38] car9 median_ms=145 rss=2328.1MB
[carry] trt [19/38] person1 median_ms=149 rss=2328.1MB
[carry] trt [20/38] person10 median_ms=145 rss=2331.6MB
[carry] trt [21/38] person13 median_ms=146 rss=2331.6MB
[carry] trt [22/38] person15 median_ms=150 rss=2331.6MB
[carry] trt [23/38] person18 median_ms=145 rss=2331.6MB
[carry] trt [24/38] person1_s median_ms=148 rss=2331.6MB
[carry] trt [25/38] person20 median_ms=146 rss=2331.6MB
[carry] trt [26/38] person21 median_ms=145 rss=2331.6MB
[carry] trt [27/38] person6 median_ms=146 rss=2331.6MB
[carry] trt [28/38] truck2 median_ms=146 rss=2331.6MB
[carry] trt [29/38] truck3 median_ms=146 rss=2331.6MB
[carry] trt [30/38] uav3 median_ms=130 rss=2331.6MB
[carry] trt [31/38] uav8 median_ms=131 rss=2331.6MB
[carry] trt [32/38] wakeboard2 median_ms=143 rss=2331.6MB
[carry] trt [33/38] wakeboard3 median_ms=143 rss=2331.6MB
[carry] trt [34/38] wakeboard4 median_ms=146 rss=2331.6MB
[carry] trt [35/38] wakeboard5 median_ms=144 rss=2331.6MB
[carry] trt [36/38] wakeboard6 median_ms=143 rss=2331.6MB
[carry] trt [37/38] wakeboard8 median_ms=144 rss=2331.6MB
[carry] trt [38/38] wakeboard9 median_ms=144 rss=2331.6MB
[carry] trt done 38 clips in 155s -> carry_trt.json
[carry] small [1/38] bike1 median_ms=187 rss=2078.9MB
[carry] small [2/38] bike3 median_ms=185 rss=2078.9MB
[carry] small [3/38] boat2 median_ms=187 rss=2099.8MB
[carry] small [4/38] boat3 median_ms=184 rss=2104.4MB
[carry] small [5/38] building3 median_ms=187 rss=2124.7MB
[carry] small [6/38] car10 median_ms=185 rss=2125.0MB
[carry] small [7/38] car11 median_ms=187 rss=2125.0MB
[carry] small [8/38] car13 median_ms=184 rss=2125.0MB
[carry] small [9/38] car14 median_ms=184 rss=2125.0MB
[carry] small [10/38] car15 median_ms=187 rss=2125.0MB
[carry] small [11/38] car17 median_ms=184 rss=2125.0MB
[carry] small [12/38] car18 median_ms=184 rss=2125.0MB
[carry] small [13/38] car1_s median_ms=187 rss=2125.0MB
[carry] small [14/38] car3 median_ms=185 rss=2125.0MB
[carry] small [15/38] car3_s median_ms=187 rss=2125.0MB
[carry] small [16/38] car4_s median_ms=188 rss=2125.0MB
[carry] small [17/38] car7 median_ms=185 rss=2125.0MB
[carry] small [18/38] car9 median_ms=185 rss=2125.0MB
[carry] small [19/38] person1 median_ms=184 rss=2125.0MB
[carry] small [20/38] person10 median_ms=187 rss=2125.0MB
[carry] small [21/38] person13 median_ms=189 rss=2125.0MB
[carry] small [22/38] person15 median_ms=187 rss=2125.0MB
[carry] small [23/38] person18 median_ms=187 rss=2125.0MB
[carry] small [24/38] person1_s median_ms=187 rss=2125.0MB
[carry] small [25/38] person20 median_ms=187 rss=2125.0MB
[carry] small [26/38] person21 median_ms=185 rss=2125.0MB
[carry] small [27/38] person6 median_ms=188 rss=2125.0MB
[carry] small [28/38] truck2 median_ms=185 rss=2125.0MB
[carry] small [29/38] truck3 median_ms=190 rss=2125.0MB
[carry] small [30/38] uav3 median_ms=172 rss=2125.0MB
[carry] small [31/38] uav8 median_ms=171 rss=2125.0MB
[carry] small [32/38] wakeboard2 median_ms=186 rss=2125.0MB
[carry] small [33/38] wakeboard3 median_ms=183 rss=2125.0MB
[carry] small [34/38] wakeboard4 median_ms=186 rss=2125.0MB
[carry] small [35/38] wakeboard5 median_ms=184 rss=2125.0MB
[carry] small [36/38] wakeboard6 median_ms=186 rss=2125.0MB
[carry] small [37/38] wakeboard8 median_ms=184 rss=2125.0MB
[carry] small [38/38] wakeboard9 median_ms=186 rss=2125.0MB
[carry] small done 38 clips in 191s -> carry_small.json
[carry] small_trt RUN UNDER G1 OVERRIDE: G1 measures 24-step recursive-trajectory agreement, not engine fidelity; diag_g1.py control: eager-vs-eager exactly 1.0000 (deterministic carry, sound instrument), eager-vs-TRT 1.0000/0.9949 at step 1 before any state exists. Engines faithful, carry amplifies. Adoption still gated on G2 vs GROUND TRUTH.
[carry] small_trt [1/38] bike1 median_ms=155 rss=2283.5MB
[carry] small_trt [2/38] bike3 median_ms=152 rss=2290.0MB
[carry] small_trt [3/38] boat2 median_ms=155 rss=2311.0MB
[carry] small_trt [4/38] boat3 median_ms=152 rss=2315.6MB
[carry] small_trt [5/38] building3 median_ms=153 rss=2315.6MB
[carry] small_trt [6/38] car10 median_ms=153 rss=2315.6MB
[carry] small_trt [7/38] car11 median_ms=153 rss=2315.6MB
[carry] small_trt [8/38] car13 median_ms=152 rss=2315.6MB
[carry] small_trt [9/38] car14 median_ms=152 rss=2315.6MB
[carry] small_trt [10/38] car15 median_ms=153 rss=2315.6MB
[carry] small_trt [11/38] car17 median_ms=152 rss=2315.6MB
[carry] small_trt [12/38] car18 median_ms=151 rss=2315.6MB
[carry] small_trt [13/38] car1_s median_ms=156 rss=2315.6MB
[carry] small_trt [14/38] car3 median_ms=152 rss=2315.6MB
[carry] small_trt [15/38] car3_s median_ms=155 rss=2315.6MB
[carry] small_trt [16/38] car4_s median_ms=154 rss=2315.6MB
[carry] small_trt [17/38] car7 median_ms=153 rss=2315.6MB
[carry] small_trt [18/38] car9 median_ms=153 rss=2315.6MB
[carry] small_trt [19/38] person1 median_ms=152 rss=2315.6MB
[carry] small_trt [20/38] person10 median_ms=153 rss=2315.6MB
[carry] small_trt [21/38] person13 median_ms=154 rss=2315.6MB
[carry] small_trt [22/38] person15 median_ms=155 rss=2315.6MB
[carry] small_trt [23/38] person18 median_ms=152 rss=2315.6MB
[carry] small_trt [24/38] person1_s median_ms=155 rss=2315.6MB
[carry] small_trt [25/38] person20 median_ms=152 rss=2315.6MB
[carry] small_trt [26/38] person21 median_ms=154 rss=2315.6MB
[carry] small_trt [27/38] person6 median_ms=152 rss=2315.6MB
[carry] small_trt [28/38] truck2 median_ms=153 rss=2315.6MB
[carry] small_trt [29/38] truck3 median_ms=154 rss=2315.6MB
[carry] small_trt [30/38] uav3 median_ms=138 rss=2315.6MB
[carry] small_trt [31/38] uav8 median_ms=139 rss=2315.6MB
[carry] small_trt [32/38] wakeboard2 median_ms=151 rss=2315.6MB
[carry] small_trt [33/38] wakeboard3 median_ms=152 rss=2315.6MB
[carry] small_trt [34/38] wakeboard4 median_ms=152 rss=2315.6MB
[carry] small_trt [35/38] wakeboard5 median_ms=152 rss=2315.6MB
[carry] small_trt [36/38] wakeboard6 median_ms=151 rss=2315.6MB
[carry] small_trt [37/38] wakeboard8 median_ms=152 rss=2315.6MB
[carry] small_trt [38/38] wakeboard9 median_ms=152 rss=2315.6MB
[carry] small_trt done 38 clips in 161s -> carry_small_trt.json
