manifest written; NV Power Mode: 15W 0 | governor schedutil
[1/4] sam2_t768 x truck3 ...
Warning: You are sending unauthenticated requests to the HF Hub. Please set a HF_TOKEN to enable higher rate limits and faster downloads.
frame loading (JPEG):   0%|          | 0/1 [00:00<?, ?it/s]frame loading (JPEG): 100%|██████████| 1/1 [00:00<00:00, 26.33it/s]
/home/jfdg/tracker-sweep/.venv/lib/python3.10/site-packages/sam2/sam2_video_predictor.py:786: UserWarning: cannot import name '_C' from 'sam2' (/home/jfdg/tracker-sweep/.venv/lib/python3.10/site-packages/sam2/__init__.py)

Skipping the post-processing step due to the error above. You can still use SAM 2 and it's OK to ignore the error above, although some post-processing functionality may be limited (which doesn't affect the results in most cases; see https://github.com/facebookresearch/sam2/blob/main/INSTALL.md).
  pred_masks_gpu = fill_holes_in_mask_scores(
  50/535  13s  3.93 fps  eta 124s
  100/535  26s  3.88 fps  eta 112s
  150/535  39s  3.86 fps  eta 100s
  200/535  52s  3.85 fps  eta 87s
  250/535  65s  3.85 fps  eta 74s
  300/535  78s  3.85 fps  eta 61s
  350/535  91s  3.84 fps  eta 48s
  400/535  104s  3.84 fps  eta 35s
  450/535  117s  3.84 fps  eta 22s
  500/535  130s  3.84 fps  eta 9s
{"arm": "sam2_t768", "seq": "truck3", "frames": 535, "w": 1280, "h": 720, "init_ms": 5090.617902111262, "warmup_frames": 5, "ms_p50": 251.99061399325728, "ms_p95": 254.32416088879108, "ms_p99": 254.6546054445207, "ms_max": 321.0638426244259, "fps": 3.968401775578664, "decode_ms_p50": 9.00976057164371, "lost_frames": 0, "rss_peak_mb": 2214.4296875, "gpu_peak_mb": 552.53125}
  145.9s wall, temps NoneC
[2/4] sam2_t512 x truck3 ...
Warning: You are sending unauthenticated requests to the HF Hub. Please set a HF_TOKEN to enable higher rate limits and faster downloads.
frame loading (JPEG):   0%|          | 0/1 [00:00<?, ?it/s]frame loading (JPEG): 100%|██████████| 1/1 [00:00<00:00, 34.68it/s]
/home/jfdg/tracker-sweep/.venv/lib/python3.10/site-packages/sam2/sam2_video_predictor.py:786: UserWarning: cannot import name '_C' from 'sam2' (/home/jfdg/tracker-sweep/.venv/lib/python3.10/site-packages/sam2/__init__.py)

Skipping the post-processing step due to the error above. You can still use SAM 2 and it's OK to ignore the error above, although some post-processing functionality may be limited (which doesn't affect the results in most cases; see https://github.com/facebookresearch/sam2/blob/main/INSTALL.md).
  pred_masks_gpu = fill_holes_in_mask_scores(
  50/535  7s  7.65 fps  eta 63s
  100/535  13s  7.62 fps  eta 57s
  150/535  20s  7.62 fps  eta 51s
  200/535  26s  7.61 fps  eta 44s
  250/535  33s  7.60 fps  eta 37s
  300/535  39s  7.60 fps  eta 31s
  350/535  46s  7.60 fps  eta 24s
  400/535  53s  7.60 fps  eta 18s
  450/535  59s  7.59 fps  eta 11s
  500/535  66s  7.59 fps  eta 5s
{"arm": "sam2_t512", "seq": "truck3", "frames": 535, "w": 1280, "h": 720, "init_ms": 5103.509115055203, "warmup_frames": 5, "ms_p50": 122.7359869517386, "ms_p95": 124.3890824727714, "ms_p99": 125.67580090835692, "ms_max": 136.43425004556775, "fps": 8.147569631661602, "decode_ms_p50": 9.003135142847896, "lost_frames": 1, "rss_peak_mb": 1911.0703125, "gpu_peak_mb": 424.1484375}
  77.0s wall, temps NoneC
[3/4] sam2_t640 x truck3 ...
Warning: You are sending unauthenticated requests to the HF Hub. Please set a HF_TOKEN to enable higher rate limits and faster downloads.
frame loading (JPEG):   0%|          | 0/1 [00:00<?, ?it/s]frame loading (JPEG): 100%|██████████| 1/1 [00:00<00:00, 30.49it/s]
/home/jfdg/tracker-sweep/.venv/lib/python3.10/site-packages/sam2/sam2_video_predictor.py:786: UserWarning: cannot import name '_C' from 'sam2' (/home/jfdg/tracker-sweep/.venv/lib/python3.10/site-packages/sam2/__init__.py)

Skipping the post-processing step due to the error above. You can still use SAM 2 and it's OK to ignore the error above, although some post-processing functionality may be limited (which doesn't affect the results in most cases; see https://github.com/facebookresearch/sam2/blob/main/INSTALL.md).
  pred_masks_gpu = fill_holes_in_mask_scores(
  50/535  9s  5.39 fps  eta 90s
  100/535  19s  5.34 fps  eta 81s
  150/535  28s  5.33 fps  eta 72s
  200/535  38s  5.32 fps  eta 63s
  250/535  47s  5.31 fps  eta 54s
  300/535  57s  5.31 fps  eta 44s
  350/535  66s  5.30 fps  eta 35s
  400/535  75s  5.30 fps  eta 25s
  450/535  85s  5.29 fps  eta 16s
  500/535  95s  5.29 fps  eta 7s
{"arm": "sam2_t640", "seq": "truck3", "frames": 535, "w": 1280, "h": 720, "init_ms": 5087.658631149679, "warmup_frames": 5, "ms_p50": 179.92252297699451, "ms_p95": 181.85836737975478, "ms_p99": 183.3562434837222, "ms_max": 288.72052673250437, "fps": 5.557947851408594, "decode_ms_p50": 8.995598182082176, "lost_frames": 171, "rss_peak_mb": 2056.703125, "gpu_peak_mb": 494.30078125}
  107.6s wall, temps NoneC
[4/4] sam2_t1024 x truck3 ...
Warning: You are sending unauthenticated requests to the HF Hub. Please set a HF_TOKEN to enable higher rate limits and faster downloads.
frame loading (JPEG):   0%|          | 0/1 [00:00<?, ?it/s]frame loading (JPEG): 100%|██████████| 1/1 [00:00<00:00, 19.47it/s]
/home/jfdg/tracker-sweep/.venv/lib/python3.10/site-packages/sam2/sam2_video_predictor.py:786: UserWarning: cannot import name '_C' from 'sam2' (/home/jfdg/tracker-sweep/.venv/lib/python3.10/site-packages/sam2/__init__.py)

Skipping the post-processing step due to the error above. You can still use SAM 2 and it's OK to ignore the error above, although some post-processing functionality may be limited (which doesn't affect the results in most cases; see https://github.com/facebookresearch/sam2/blob/main/INSTALL.md).
  pred_masks_gpu = fill_holes_in_mask_scores(
  50/535  22s  2.32 fps  eta 209s
  100/535  44s  2.29 fps  eta 190s
  150/535  66s  2.28 fps  eta 169s
  200/535  88s  2.27 fps  eta 147s
  250/535  110s  2.27 fps  eta 126s
  300/535  132s  2.27 fps  eta 104s
  350/535  155s  2.26 fps  eta 82s
  400/535  177s  2.26 fps  eta 60s
  450/535  199s  2.26 fps  eta 38s
  500/535  221s  2.26 fps  eta 15s
{"arm": "sam2_t1024", "seq": "truck3", "frames": 535, "w": 1280, "h": 720, "init_ms": 5208.84851180017, "warmup_frames": 5, "ms_p50": 434.0498927049339, "ms_p95": 437.8699238412082, "ms_p99": 439.13804318755865, "ms_max": 440.7973261550069, "fps": 2.303882610748156, "decode_ms_p50": 8.97529092617333, "lost_frames": 0, "rss_peak_mb": 2650.1875, "gpu_peak_mb": 643.71630859375}
  243.2s wall, temps NoneC
DONE
