[scenegen] frame 0/300 (7.93 fps)
[scenegen] frame 40/300 (7.92 fps)
[scenegen] frame 80/300 (8.01 fps)
[scenegen] frame 120/300 (8.07 fps)
[scenegen] frame 160/300 (8.05 fps)
[scenegen] frame 200/300 (8.10 fps)
[scenegen] frame 240/300 (8.13 fps)
[scenegen] frame 280/300 (8.16 fps)
[scenegen] frame 299/300 (8.19 fps)
{
  "seed": 29,
  "frames": 300,
  "out": "experiments/2026-07-17-bankv21-recal/runs/bank09",
  "profile": "v2",
  "v2_screen": {
    "peak_iou": 0.2741,
    "peak_f": 94,
    "run_iou15": 81,
    "peak_occl_white": 0.6591,
    "run_occl50": 93,
    "tail_iou_max": 0.1022,
    "pass": true
  },
  "v2_xpeak_pred_f": 94,
  "v2_xpeak_pred_iou": 0.2741,
  "g2_purity_median_clear": {
    "0": 0.7154,
    "1": 0.8637
  },
  "g6_frag_p10_clear": {
    "0": 0.9994,
    "1": 1.0
  },
  "g6_frag_below090_frac_clear": {
    "0": 0.0,
    "1": 0.0
  },
  "g6_n_clear": {
    "0": 67,
    "1": 300
  },
  "wall_loop_s": 36.6,
  "fps_wall": 8.192,
  "g1_dead_frames": 0,
  "g1_identical_consecutive": 0,
  "g1_stamp_steps_ok": true,
  "g2_purity_median": {
    "0": 0.7393,
    "1": 0.8637
  },
  "g2_bg_purity_median": {
    "0": 0.0,
    "1": 0.0
  },
  "g3_both_visible_frac": 1.0,
  "g6_frag_p10": {
    "0": 0.9951,
    "1": 1.0
  },
  "g6_frag_min": {
    "0": 0.989,
    "1": 1.0
  },
  "g6_frag_below090_frac": {
    "0": 0.0,
    "1": 0.0
  },
  "g6_frag_n": {
    "0": 300,
    "1": 300
  },
  "g0_retries_pose": 0,
  "g0_retries_step": 0,
  "g0_response_lost": 0,
  "g0_proxy_restarts": 0,
  "g0_spawn_warns": [],
  "params": {
    "standoff": 23.68501266535933,
    "alt": 4.056813029801241,
    "aim_err": [
      -0.681679175437613,
      0.7823098748723085
    ],
    "v_target": 2.260056364424883,
    "v_distractor": 2.229067794518712,
    "ds0": -6.5061720390763425,
    "lat_b_a": 0.7140711720040008,
    "lat_b_b": -4.680894130677374,
    "t_in0": 0.9364319181395435,
    "T_in": 1.0852786145489004,
    "T_hold": 1.7913966632235627,
    "T_out": 1.6444447516579137
  },
  "versions": {
    "gz": "8.14.0",
    "python": "3.12.10",
    "numpy": "2.4.4",
    "cv2": "4.13.0"
  },
  "cmd": "runners/scenegen.py record --seed 29 --frames 300 --profile v2 --out experiments/2026-07-17-bankv21-recal/runs/bank09"
}
[scenegen] DONE experiments/2026-07-17-bankv21-recal/runs/bank09
