[scenegen] frame 0/300 (7.62 fps)
[scenegen] frame 40/300 (7.82 fps)
[scenegen] frame 80/300 (7.88 fps)
[scenegen] frame 120/300 (7.95 fps)
[scenegen] frame 160/300 (7.98 fps)
[scenegen] frame 200/300 (7.98 fps)
[scenegen] frame 240/300 (7.99 fps)
[scenegen] frame 280/300 (7.99 fps)
[scenegen] frame 299/300 (7.99 fps)
{
  "seed": 202,
  "frames": 300,
  "out": "experiments/2026-07-17-bankv21-recal/runs/seed202_B",
  "profile": "v2",
  "v2_screen": {
    "peak_iou": 0.2493,
    "peak_f": 88,
    "run_iou15": 57,
    "peak_occl_white": 0.5756,
    "run_occl50": 32,
    "tail_iou_max": 0.121,
    "pass": true
  },
  "v2_xpeak_pred_f": 88,
  "v2_xpeak_pred_iou": 0.2493,
  "g2_purity_median_clear": {
    "0": 0.8074,
    "1": 0.8029
  },
  "g6_frag_p10_clear": {
    "0": 0.9948,
    "1": 1.0
  },
  "g6_frag_below090_frac_clear": {
    "0": 0.0,
    "1": 0.0
  },
  "g6_n_clear": {
    "0": 68,
    "1": 300
  },
  "wall_loop_s": 37.5,
  "fps_wall": 7.994,
  "g1_dead_frames": 0,
  "g1_identical_consecutive": 0,
  "g1_stamp_steps_ok": true,
  "g2_purity_median": {
    "0": 0.7339,
    "1": 0.8029
  },
  "g2_bg_purity_median": {
    "0": 0.0,
    "1": 0.0
  },
  "g3_both_visible_frac": 1.0,
  "g6_frag_p10": {
    "0": 0.9951,
    "1": 1.0
  },
  "g6_frag_min": {
    "0": 0.9898,
    "1": 1.0
  },
  "g6_frag_below090_frac": {
    "0": 0.0,
    "1": 0.0
  },
  "g6_frag_n": {
    "0": 300,
    "1": 300
  },
  "g0_retries_pose": 0,
  "g0_retries_step": 0,
  "g0_response_lost": 0,
  "g0_proxy_restarts": 0,
  "g0_spawn_warns": [],
  "params": {
    "standoff": 23.789930162147737,
    "alt": 5.855686025924712,
    "aim_err": [
      -0.015180502915913774,
      -1.4117975411652506
    ],
    "v_target": 2.615544999908491,
    "v_distractor": 2.607381940620373,
    "ds0": -6.336489181756727,
    "lat_b_a": 0.8274392832446468,
    "lat_b_b": -4.342748615038195,
    "t_in0": 0.7946213359843005,
    "T_in": 1.1334770428201377,
    "T_hold": 1.5623709729704134,
    "T_out": 1.4395666851578472
  },
  "versions": {
    "gz": "8.14.0",
    "python": "3.12.10",
    "numpy": "2.4.4",
    "cv2": "4.13.0"
  },
  "cmd": "runners/scenegen.py record --seed 202 --frames 300 --profile v2 --out experiments/2026-07-17-bankv21-recal/runs/seed202_B"
}
[scenegen] DONE experiments/2026-07-17-bankv21-recal/runs/seed202_B
