[scenegen] frame 0/300 (7.77 fps)
[scenegen] frame 40/300 (8.22 fps)
[scenegen] frame 80/300 (8.25 fps)
[scenegen] frame 120/300 (8.22 fps)
[scenegen] frame 160/300 (8.24 fps)
[scenegen] frame 200/300 (8.24 fps)
[scenegen] frame 240/300 (8.24 fps)
[scenegen] frame 280/300 (8.24 fps)
[scenegen] frame 299/300 (8.23 fps)
{
  "seed": 17,
  "frames": 300,
  "out": "experiments/2026-07-17-bankv21-recal/runs/bank07",
  "profile": "v2",
  "v2_screen": {
    "peak_iou": 0.3516,
    "peak_f": 82,
    "run_iou15": 76,
    "peak_occl_white": 0.7294,
    "run_occl50": 79,
    "tail_iou_max": 0.0792,
    "pass": true
  },
  "v2_xpeak_pred_f": 82,
  "v2_xpeak_pred_iou": 0.3516,
  "g2_purity_median_clear": {
    "0": 0.7856,
    "1": 0.8282
  },
  "g6_frag_p10_clear": {
    "0": 0.9937,
    "1": 1.0
  },
  "g6_frag_below090_frac_clear": {
    "0": 0.0,
    "1": 0.0
  },
  "g6_n_clear": {
    "0": 112,
    "1": 300
  },
  "wall_loop_s": 36.4,
  "fps_wall": 8.233,
  "g1_dead_frames": 0,
  "g1_identical_consecutive": 0,
  "g1_stamp_steps_ok": true,
  "g2_purity_median": {
    "0": 0.6838,
    "1": 0.8282
  },
  "g2_bg_purity_median": {
    "0": 0.0,
    "1": 0.0
  },
  "g3_both_visible_frac": 1.0,
  "g6_frag_p10": {
    "0": 0.9949,
    "1": 1.0
  },
  "g6_frag_min": {
    "0": 0.9882,
    "1": 1.0
  },
  "g6_frag_below090_frac": {
    "0": 0.0,
    "1": 0.0
  },
  "g6_frag_n": {
    "0": 300,
    "1": 300
  },
  "g0_retries_pose": 0,
  "g0_retries_step": 0,
  "g0_response_lost": 0,
  "g0_proxy_restarts": 0,
  "g0_spawn_warns": [],
  "params": {
    "standoff": 24.437360548180415,
    "alt": 4.013853159028536,
    "aim_err": [
      -0.14427232848854477,
      1.2593270403247887
    ],
    "v_target": 3.2140897513574815,
    "v_distractor": 3.1946569067824306,
    "ds0": -6.471835500906392,
    "lat_b_a": 1.1418315223079718,
    "lat_b_b": -4.792355171701644,
    "t_in0": 0.7762122741377917,
    "T_in": 1.081243756369179,
    "T_hold": 1.3418683473435715,
    "T_out": 1.6991054723691905
  },
  "versions": {
    "gz": "8.14.0",
    "python": "3.12.10",
    "numpy": "2.4.4",
    "cv2": "4.13.0"
  },
  "cmd": "runners/scenegen.py record --seed 17 --frames 300 --profile v2 --out experiments/2026-07-17-bankv21-recal/runs/bank07"
}
[scenegen] DONE experiments/2026-07-17-bankv21-recal/runs/bank07
