[scenegen] frame 0/300 (7.58 fps)
[scenegen] frame 40/300 (7.92 fps)
[scenegen] frame 80/300 (7.95 fps)
[scenegen] frame 120/300 (7.98 fps)
[scenegen] frame 160/300 (7.98 fps)
[scenegen] frame 200/300 (7.98 fps)
[scenegen] frame 240/300 (7.99 fps)
[scenegen] frame 280/300 (7.98 fps)
[scenegen] frame 299/300 (7.99 fps)
{
  "seed": 303,
  "frames": 300,
  "out": "experiments/2026-07-17-bankv21-recal/runs/seed303_C",
  "profile": "v2",
  "v2_screen": {
    "peak_iou": 0.2216,
    "peak_f": 89,
    "run_iou15": 52,
    "peak_occl_white": 0.5428,
    "run_occl50": 24,
    "tail_iou_max": 0.0556,
    "pass": false
  },
  "v2_xpeak_pred_f": 89,
  "v2_xpeak_pred_iou": 0.2216,
  "g2_purity_median_clear": {
    "0": 0.7306,
    "1": 0.8274
  },
  "g6_frag_p10_clear": {
    "0": 0.999,
    "1": 1.0
  },
  "g6_frag_below090_frac_clear": {
    "0": 0.0,
    "1": 0.0
  },
  "g6_n_clear": {
    "0": 112,
    "1": 300
  },
  "wall_loop_s": 37.6,
  "fps_wall": 7.986,
  "g1_dead_frames": 0,
  "g1_identical_consecutive": 0,
  "g1_stamp_steps_ok": true,
  "g2_purity_median": {
    "0": 0.7739,
    "1": 0.8274
  },
  "g2_bg_purity_median": {
    "0": 0.0,
    "1": 0.0
  },
  "g3_both_visible_frac": 1.0,
  "g6_frag_p10": {
    "0": 0.994,
    "1": 1.0
  },
  "g6_frag_min": {
    "0": 0.9896,
    "1": 1.0
  },
  "g6_frag_below090_frac": {
    "0": 0.0,
    "1": 0.0
  },
  "g6_frag_n": {
    "0": 300,
    "1": 300
  },
  "g0_retries_pose": 0,
  "g0_retries_step": 0,
  "g0_response_lost": 0,
  "g0_proxy_restarts": 0,
  "g0_spawn_warns": [],
  "params": {
    "standoff": 23.056971698098483,
    "alt": 5.893073565686731,
    "aim_err": [
      -0.11116351984894468,
      -1.1048351440656856
    ],
    "v_target": 2.4573189029687836,
    "v_distractor": 2.4492605137960948,
    "ds0": -6.4635975455753965,
    "lat_b_a": 0.8191988560539718,
    "lat_b_b": -4.648671191191397,
    "t_in0": 0.8029462801538063,
    "T_in": 0.963560446004571,
    "T_hold": 1.7604246301734974,
    "T_out": 1.5228450076168403
  },
  "versions": {
    "gz": "8.14.0",
    "python": "3.12.10",
    "numpy": "2.4.4",
    "cv2": "4.13.0"
  },
  "cmd": "runners/scenegen.py record --seed 303 --frames 300 --profile v2 --out experiments/2026-07-17-bankv21-recal/runs/seed303_C"
}
[scenegen] DONE experiments/2026-07-17-bankv21-recal/runs/seed303_C
